
> gesti├│n-convivencia-escolar-2025@0.0.0 test
> vitest --run --reporter=verbose


[1m[46m RUN [49m[22m [36mv4.0.18 [39m[90mC:/Users/heae2/Downloads/SGCE-main[39m

 [32mÔ£ô[39m src/shared/utils/expedienteRef.spec.ts[2m > [22mexpedienteRef[2m > [22mdetecta UUID v├ílido[32m 5[2mms[22m[39m
 [32mÔ£ô[39m src/shared/utils/expedienteRef.spec.ts[2m > [22mexpedienteRef[2m > [22mrechaza folio visible[32m 1[2mms[22m[39m
 [32mÔ£ô[39m src/shared/utils/expedienteRef.spec.ts[2m > [22mexpedienteRef[2m > [22mrechaza string vac├¡o[32m 0[2mms[22m[39m
 [32mÔ£ô[39m src/shared/utils/expedienteRef.spec.ts[2m > [22mexpedienteRef[2m > [22mrechaza null[32m 0[2mms[22m[39m
 [32mÔ£ô[39m src/features/documentos/__tests__/validators.test.ts[2m > [22mdocumentos/validators[2m > [22mvalidateTipicidad should reject vague descriptions[32m 7[2mms[22m[39m
 [32mÔ£ô[39m src/features/documentos/__tests__/validators.test.ts[2m > [22mdocumentos/validators[2m > [22mvalidateTipicidad should accept specific description[32m 11[2mms[22m[39m
 [32mÔ£ô[39m src/features/documentos/__tests__/validators.test.ts[2m > [22mdocumentos/validators[2m > [22mvalidateProporcionalidad should flag disproportionate measures[32m 8[2mms[22m[39m
 [32mÔ£ô[39m src/features/documentos/__tests__/validators.test.ts[2m > [22mdocumentos/validators[2m > [22mvalidateProporcionalidad should accept proportional measures[32m 1[2mms[22m[39m
 [32mÔ£ô[39m src/features/documentos/__tests__/validators.test.ts[2m > [22mdocumentos/validators[2m > [22mvalidatePlazo en leves pase[32m 6[2mms[22m[39m
 [32mÔ£ô[39m src/features/documentos/__tests__/validators.test.ts[2m > [22mdocumentos/validators[2m > [22mvalidatePlazo en relevantes falla si excesivo[32m 1[2mms[22m[39m
 [32mÔ£ô[39m src/features/documentos/hooks/usePdfGenerator.test.ts[2m > [22msanitizeHtml[2m > [22mremoves script tags and keeps content[32m 52[2mms[22m[39m
 [32mÔ£ô[39m src/features/documentos/hooks/usePdfGenerator.test.ts[2m > [22msanitizeHtml[2m > [22mescapes dangerous attributes[32m 14[2mms[22m[39m
[90mstdout[2m | src/shared/utils/plazos.test.ts
[22m[39m­ƒô▒ Initial session loaded

 [32mÔ£ô[39m src/shared/utils/plazos.test.ts[2m > [22mUtilidades Legales (Plazos)[2m > [22maddBusinessDays[2m > [22mdebe sumar d├¡as h├íbiles ignorando fines de semana[32m 2[2mms[22m[39m
 [32mÔ£ô[39m src/shared/utils/plazos.test.ts[2m > [22mUtilidades Legales (Plazos)[2m > [22maddBusinessDays[2m > [22mdebe sumar m├║ltiples semanas correctamente[32m 1[2mms[22m[39m
 [32mÔ£ô[39m src/shared/utils/plazos.test.ts[2m > [22mUtilidades Legales (Plazos)[2m > [22mcalcularPlazoLegal[2m > [22mdebe retornar 24 horas para faltas LEVE[32m 0[2mms[22m[39m
 [32mÔ£ô[39m src/shared/utils/plazos.test.ts[2m > [22mUtilidades Legales (Plazos)[2m > [22mcalcularPlazoLegal[2m > [22mdebe retornar 10 d├¡as h├íbiles para GRAVISIMA_EXPULSION (Aula Segura)[32m 1[2mms[22m[39m
 [32mÔ£ô[39m src/shared/hooks/useExpedientes.test.ts[2m > [22museExpedientes[2m > [22mdebe retornar todos los expedientes cuando no hay t├®rmino de b├║squeda[32m 31[2mms[22m[39m
 [32mÔ£ô[39m src/shared/hooks/useExpedientes.test.ts[2m > [22museExpedientes[2m > [22mdebe filtrar por nombre de estudiante[32m 6[2mms[22m[39m
 [32mÔ£ô[39m src/shared/hooks/useExpedientes.test.ts[2m > [22museExpedientes[2m > [22mdebe filtrar por folio[32m 6[2mms[22m[39m
 [32mÔ£ô[39m src/shared/hooks/useExpedientes.test.ts[2m > [22museExpedientes[2m > [22mdebe filtrar por gravedad[32m 6[2mms[22m[39m
 [32mÔ£ô[39m src/shared/hooks/useExpedientes.test.ts[2m > [22museExpedientes[2m > [22mdebe calcular KPIs correctamente[32m 5[2mms[22m[39m
 [32mÔ£ô[39m src/shared/hooks/useExpedientes.test.ts[2m > [22museExpedientes[2m > [22mdebe limpiar b├║squeda[32m 6[2mms[22m[39m
 [32mÔ£ô[39m src/shared/hooks/useExpedientes.test.ts[2m > [22museExpedientes[2m > [22mdebe ser case insensitive[32m 3[2mms[22m[39m
[90mstdout[2m | src/features/dashboard/Dashboard.test.tsx
[22m[39m­ƒô▒ Initial session loaded

[90mstdout[2m | src/features/expedientes/ExpedienteWizard.test.tsx
[22m[39m­ƒô▒ Initial session loaded

 [32mÔ£ô[39m src/features/mediacion/components/WizardModal.test.tsx[2m > [22mWizardModal[2m > [22mdeber├¡a renderizar modal cuando isOpen es true[32m 82[2mms[22m[39m
 [32mÔ£ô[39m src/features/mediacion/components/WizardModal.test.tsx[2m > [22mWizardModal[2m > [22mdeber├¡a no renderizar modal cuando isOpen es false[32m 11[2mms[22m[39m
 [31m├ù[39m src/features/mediacion/components/GccResolucion.test.tsx[2m > [22mGccResolucion[2m > [22mdeber├¡a renderizar el componente con estado PROCESO[32m 92[2mms[22m[39m
[31m   ÔåÆ Unable to find an element with the text: /resoluci├│n/i. This could be because the text is broken up by multiple elements. In this case, you can provide a function for your text matcher to make your matcher more flexible.

Ignored nodes: comments, script, style
[36m<body>[31m
  [36m<div>[31m
    [36m<div[31m
      [33mclass[31m=[32m"space-y-6"[31m
    [36m>[31m
      [36m<div[31m
        [33mclass[31m=[32m"flex flex-col md:flex-row gap-4 md:gap-6 pt-4 md:pt-6 border-t border-slate-100"[31m
      [36m>[31m
        [36m<button[31m
          [33mclass[31m=[32m"flex-1 py-4 md:py-5 rounded-[1.5rem] bg-white border-2 border-slate-100 text-slate-400 font-black text-[10px] uppercase tracking-widest hover:border-blue-300 hover:text-blue-600 transition-all flex items-center justify-center space-x-3 active:scale-95"[31m
        [36m>[31m
          [36m<svg[31m
            [33maria-hidden[31m=[32m"true"[31m
            [33mclass[31m=[32m"lucide lucide-file-text w-5 h-5"[31m
            [33mfill[31m=[32m"none"[31m
            [33mheight[31m=[32m"24"[31m
            [33mstroke[31m=[32m"currentColor"[31m
            [33mstroke-linecap[31m=[32m"round"[31m
            [33mstroke-linejoin[31m=[32m"round"[31m
            [33mstroke-width[31m=[32m"2"[31m
            [33mviewBox[31m=[32m"0 0 24 24"[31m
            [33mwidth[31m=[32m"24"[31m
            [33mxmlns[31m=[32m"http://www.w3.org/2000/svg"[31m
          [36m>[31m
            [36m<path[31m
              [33md[31m=[32m"M6 22a2 2 0 0 1-2-2V4a2 2 0 0 1 2-2h8a2.4 2.4 0 0 1 1.704.706l3.588 3.588A2.4 2.4 0 0 1 20 8v12a2 2 0 0 1-2 2z"[31m
            [36m/>[31m
            [36m<path[31m
              [33md[31m=[32m"M14 2v5a1 1 0 0 0 1 1h5"[31m
            [36m/>[31m
            [36m<path[31m
              [33md[31m=[32m"M10 9H8"[31m
            [36m/>[31m
            [36m<path[31m
              [33md[31m=[32m"M16 13H8"[31m
            [36m/>[31m
            [36m<path[31m
              [33md[31m=[32m"M16 17H8"[31m
            [36m/>[31m
          [36m</svg>[31m
          [36m<span>[31m
            [0mPrevisualizar Acta[0m
          [36m</span>[31m
        [36m</button>[31m
        [36m<button[31m
          [33mclass[31m=[32m"flex-1 py-4 md:py-5 rounded-[1.5rem] bg-amber-50 border-2 border-amber-200 text-amber-700 font-black text-[10px] uppercase tracking-widest hover:bg-amber-100 transition-all flex items-center justify-center space-x-3 active:scale-95"[31m
        [36m>[31m
          [36m<svg[31m
            [33maria-hidden[31m=[32m"true"[31m
            [33mclass[31m=[32m"lucide lucide-clock w-5 h-5"[31m
            [33mfill[31m=[32m"none"[31m
            [33mheight[31m=[32m"24"[31m
            [33mstroke[31m=[32m"currentColor"[31m
            [33mstroke-linecap[31m=[32m"round"[31m
            [33mstroke-linejoin[31m=[32m"round"[31m
            [33mstroke-width[31m=[32m"2"[31m
            [33mviewBox[31m=[32m"0 0 24 24"[31m
            [33mwidth[31m=[32m"24"[31m
            [33mxmlns[31m=[32m"http://www.w3.org/2000/svg"[31m
          [36m>[31m
            [36m<path[31m
              [33md[31m=[32m"M12 6v6l4 2"[31m
            [36m/>[31m
            [36m<circle[31m
              [33mcx[31m=[32m"12"[31m
              [33mcy[31m=[32m"12"[31m
              [33mr[31m=[32m"10"[31m
            [36m/>[31m
          [36m</svg>[31m
          [36m<span[31m
            [33mclass[31m=[32m"leading-tight"[31m
          [36m>[31m
            [0mSacar de GCC[0m
            [36m<br />[31m
            [0my Continuar[0m
          [36m</span>[31m
        [36m</button>[31m
        [36m<button[31m
          [33mclass[31m=[32m"flex-1 py-4 md:py-5 rounded-[1.5rem] font-black text-[10px] uppercase tracking-[0.2em] shadow-xl transition-all flex items-center justify-center space-x-3 active:scale-95 bg-slate-200 text-slate-400 cursor-not-allowed"[31m
          [33mdisabled[31m=[32m""[31m
        [36m>[31m
          [36m<svg[31m
            [33maria-hidden[31m=[32m"true"[31m
            [33mclass[31m=[32m"lucide lucide-shield-check w-5 h-5"[31m
            [33mfill[31m=[32m"none"[31m
            [33mheight[31m=[32m"24"[31m
            [33mstroke[31m=[32m"currentColor"[31m
            [33mstroke-linecap[31m=[32m"round"[31m
            [33mstroke-linejoin[31m=[32m"round"[31m
            [33mstroke-width[31m=[32m"2"[31m
            [33mviewBox[31m=[32m"0 0 24 24"[31m
            [33mwidth[31m=[32m"24"[31m
            [33mxmlns[31m=[32m"http://www.w3.org/2000/svg"[31m
          [36m>[31m
            [36m<path[31m
              [33md[31m=[32m"M20 13c0 5-3.5 7.5-7.66 8.95a1 1 0 0 1-.67-.01C7.5 20.5 4 18 4 13V6a1 1 0 0 1 1-1c2 0 4.5-1.2 6.24-2.72a1.17 1.17 0 0 1 1.52 0C14.51 3.81 17 5 19 5a1 1 0 0 1 1 1z"[31m
            [36m/>[31m
            [36m<path[31m
              [33md[31m=[32m"m9 12 2 2 4-4"[31m
            [36m/>[31m
          [36m</svg>[31m
          [36m<span[31m
            [33mclass[31m=[32m"leading-tight"[31m
          [36m>[31m
            [0mCierre Exitoso[0m
            [36m<br />[31m
            [0mpor V├¡a Formativa[0m
          [36m</span>[31m
        [36m</button>[31m
      [36m</div>[31m
      [36m<div[31m
        [33mclass[31m=[32m"p-4 bg-blue-50 border border-blue-200 rounded-[1.5rem] text-[10px] text-blue-700 font-bold uppercase tracking-widest"[31m
      [36m>[31m
        [0mÔôÿ El cierre exitoso solo est├í disponible cuando el estado es "LOGRADO"[0m
      [36m</div>[31m
    [36m</div>[31m
  [36m</div>[31m
[36m</body>[31m[39m
 [31m├ù[39m src/features/mediacion/components/WizardModal.test.tsx[2m > [22mWizardModal[2m > [22mdeber├¡a mostrar los 4 pasos del wizard[32m 43[2mms[22m[39m
[31m   ÔåÆ Found multiple elements with the text: /Validaci├│n/i

Here are the matching elements:

Ignored nodes: comments, script, style
[36m<div[31m
  [33mclass[31m=[32m"text-[10px] font-black uppercase tracking-widest"[31m
[36m>[31m
  [0mValidaci├│n[0m
[36m</div>[31m

Ignored nodes: comments, script, style
[36m<h3[31m
  [33mclass[31m=[32m"text-lg font-black text-slate-900 uppercase tracking-tight"[31m
[36m>[31m
  [0mValidaci├│n de Requisitos[0m
[36m</h3>[31m

(If this is intentional, then use the `*AllBy*` variant of the query (like `queryAllByText`, `getAllByText`, or `findAllByText`)).

Ignored nodes: comments, script, style
[36m<body>[31m
  [36m<div>[31m
    [36m<div[31m
      [33mclass[31m=[32m"fixed inset-0 bg-black/50 flex items-center justify-center z-50 p-4"[31m
    [36m>[31m
      [36m<div[31m
        [33mclass[31m=[32m"bg-white rounded-[2.5rem] border border-slate-200 shadow-2xl w-full max-w-2xl max-h-[90vh] overflow-hidden flex flex-col animate-in zoom-in-95 duration-300"[31m
      [36m>[31m
        [36m<div[31m
          [33mclass[31m=[32m"flex justify-between items-center p-6 md:p-8 border-b border-slate-200 bg-gradient-to-r from-emerald-50 to-blue-50"[31m
        [36m>[31m
          [36m<div>[31m
            [36m<h2[31m
              [33mclass[31m=[32m"text-xl md:text-2xl font-black text-slate-900 uppercase tracking-tight"[31m
            [36m>[31m
              [0mAsistente de Cierre GCC[0m
            [36m</h2>[31m
            [36m<p[31m
              [33mclass[31m=[32m"text-[11px] font-bold text-slate-500 mt-1 uppercase tracking-widest"[31m
            [36m>[31m
              [0mCaso de Prueba[0m
            [36m</p>[31m
          [36m</div>[31m
          [36m<button[31m
            [33mclass[31m=[32m"p-2 text-slate-400 hover:text-slate-600 transition-colors"[31m
          [36m>[31m
            [36m<svg[31m
              [33maria-hidden[31m=[32m"true"[31m
              [33mclass[31m=[32m"lucide lucide-x w-6 h-6"[31m
              [33mfill[31m=[32m"none"[31m
              [33mheight[31m=[32m"24"[31m
              [33mstroke[31m=[32m"currentColor"[31m
              [33mstroke-linecap[31m=[32m"round"[31m
              [33mstroke-linejoin[31m=[32m"round"[31m
              [33mstroke-width[31m=[32m"2"[31m
              [33mviewBox[31m=[32m"0 0 24 24"[31m
              [33mwidth[31m=[32m"24"[31m
              [33mxmlns[31m=[32m"http://www.w3.org/2000/svg"[31m
            [36m>[31m
              [36m<path[31m
                [33md[31m=[32m"M18 6 6 18"[31m
              [36m/>[31m
              [36m<path[31m
                [33md[31m=[32m"m6 6 12 12"[31m
              [36m/>[31m
            [36m</svg>[31m
          [36m</button>[31m
        [36m</div>[31m
        [36m<div[31m
          [33mclass[31m=[32m"px-6 md:px-8 pt-6 pb-4"[31m
        [36m>[31m
          [36m<div[31m
            [33mclass[31m=[32m"flex justify-between items-center gap-2"[31m
          [36m>[31m
            [36m<div[31m
              [33mclass[31m=[32m"flex-1 py-3 px-4 rounded-xl text-center transition-all bg-emerald-600 text-white"[31m
            [36m>[31m
              [36m<div[31m
                [33mclass[31m=[32m"text-[10px] font-black uppercase tracking-widest"[31m
              [36m>[31m
                [0mValidaci├│n[0m
              [36m</div>[31m
            [36m</div>[31m
            [36m<svg[31m
              [33maria-hidden[31m=[32m"true"[31m
              [33mclass[31m=[32m"lucide lucide-chevron-right w-4 h-4 flex-shrink-0 text-slate-300"[31m
              [33mfill[31m=[32m"none"[31m
              [33mheight[31m=[32m"24"[31m
              [33mstroke[31m=[32m"currentColor"[31m
              [33mstroke-linecap[31m=[32m"round"[31m
              [33mstroke-linejoin[31m=[32m"round"[31m
              [33mstroke-width[31m=[32m"2"[31m
              [33mviewBox[31m=[32m"0 0 24 24"[31m
              [33mwidth[31m=[32m"24"[31m
              [33mxmlns[31m=[32m"http://www.w3.org/2000/svg"[31m
            [36m>[31m
              [36m<path[31m
                [33md[31m=[32m"m9 18 6-6-6-6"[31m
              [36m/>[31m
            [36m</svg>[31m
            [36m<div[31m
              [33mclass[31m=[32m"flex-1 py-3 px-4 rounded-xl text-center transition-all bg-slate-200 text-slate-400"[31m
            [36m>[31m
              [36m<div[31m
                [33mclass[31m=[32m"text-[10px] font-black uppercase tracking-widest"[31m
              [36m>[31m
                [0mConfirmaci├│n[0m
              [36m</div>[31m
            [36m</div>[31m
            [36m<svg[31m
              [33maria-hidden[31m=[32m"true"[31m
              [33mclass[31m=[32m"lucide lucide-chevron-right w-4 h-4 flex-shrink-0 text-slate-300"[31m
              [33mfill[31m=[32m"none"[31m
              [33mheight[31m=[32m"24"[31m
              [33mstroke[31m=[32m"currentColor"[31m
              [33mstroke-linecap[31m=[32m"round"[31m
              [33mstroke-linejoin[31m=[32m"round"[31m
              [33mstroke-width[31m=[32m"2"[31m
              [33mviewBox[31m=[32m"0 0 24 24"[31m
              [33mwidth[31m=[32m"24"[31m
              [33mxmlns[31m=[32m"http://www.w3.org/2000/svg"[31m
            [36m>[31m
              [36m<path[31m
                [33md[31m=[32m"m9 18 6-6-6-6"[31m
              [36m/>[31m
            [36m</svg>[31m
            [36m<div[31m
              [33mclass[31m=[32m"flex-1 py-3 px-4 rounded-xl text-center transition-all bg-slate-200 text-slate-400"[31m
            [36m>[31m
              [36m<div[31m
                [33mclass[31m=[32m"text-[10px] font-black uppercase tracking-widest"[31m
              [36m>[31m
                [0mActa[0m
              [36m</div>[31m
            [36m</div>[31m
            [36m<svg[31m
              [33maria-hidden[31m=[32m"true"[31m
              [33mclass[31m=[32m"lucide lucide-chevron-right w-4 h-4 flex-shrink-0 text-slate-300"[31m
              [33mfill[31m=[32m"none"[31m
              [33mheight[31m=[32m"24"[31m
              [33mstroke[31m=[32m"currentColor"[31m
              [33mstroke-linecap[31m=[32m"round"[31m
              [33mstroke-linejoin[31m=[32m"round"[31m
              [33mstroke-width[31m=[32m"2"[31m
              [33mviewBox[31m=[32m"0 0 24 24"[31m
              [33mwidth[31m=[32m"24"[31m
              [33mxmlns[31m=[32m"http://www.w3.org/2000/svg"[31m
            [36m>[31m
              [36m<path[31m
                [33md[31m=[32m"m9 18 6-6-6-6"[31m
              [36m/>[31m
            [36m</svg>[31m
            [36m<div[31m
              [33mclass[31m=[32m"flex-1 py-3 px-4 rounded-xl text-center transition-all bg-slate-200 text-slate-400"[31m
            [36m>[31m
              [36m<div[31m
                [33mclass[31m=[32m"text-[10px] font-black uppercase tracking-widest"[31m
              [36m>[31m
                [0mCierre[0m
              [36m</div>[31m
            [36m</div>[31m
          [36m</div>[31m
        [36m</div>[31m
        [36m<div[31m
          [33mclass[31m=[32m"flex-1 overflow-y-auto px-6 md:px-8 py-6"[31m
        [36m>[31m
          [36m<div[31m
            [33mclass[31m=[32m"space-y-6"[31m
          [36m>[31m
            [36m<h3[31m
              [33mclass[31m=[32m"text-lg font-black text-slate-900 uppercase tracking-tight"[31m
            [36m>[31m
              [0mValidaci├│n de Requisitos[0m
            [36m</h3>[31m
            [36m<div[31m
              [33mclass[31m=[32m"space-y-4"[31m
            [36m>[31m
              [36m<div[31m
                [33mclass[31m=[32m"p-4 border-2 border-emerald-200 bg-emerald-50 rounded-[1.5rem]"[31m
              [36m>[31m
                [36m<div[31m
                  [33mclass[31m=[32m"flex items-start gap-4"[31m
                [36m>[31m
                  [36m<svg[31m
                    [33maria-hidden[31m=[32m"true"[31m
                    [33mclass[31m=[32m"lucide lucide-circle-check-big w-5 h-5 text-emerald-600 flex-shrink-0 mt-1"[31m
                    [33mfill[31m=[32m"none"[31m
                    [33mheight[31m=[32m"24"[31m
                    [33mstroke[31m=[32m"currentColor"[31m
                    [33mstroke-linecap[31m=[32m"round"[31m
                    [33mstroke-linejoin[31m=[32m"round"[31m
                    [33mstroke-width[31m=[32m"2"[31m
                    [33mviewBox[31m=[32m"0 0 24 24"[31m
                    [33mwidth[31m=[32m"24"[31m
                    [33mxmlns[31m=[32m"http://www.w3.org/2000/svg"[31m
                  [36m>[31m
                    [36m<path[31m
                      [33md[31m=[32m"M21.801 10A10 10 0 1 1 17 3.335"[31m
                    [36m/>[31m
                    [36m<path[31m
                      [33md[31m=[32m"m9 11 3 3L22 4"[31m
                    [36m/>[31m
                  [36m</svg>[31m
                  [36m<div[31m
                    [33mclass[31m=[32m"flex-1"[31m
                  [36m>[31m
                    [36m<h4[31m
                      [33mclass[31m=[32m"font-black text-slate-900 text-sm"[31m
                    [36m>[31m
                      [0mCompromisos Registrados[0m
                    [36m</h4>[31m
                    [36m<p[31m
                      [33mclass[31m=[32m"text-xs text-slate-600 mt-1"[31m
                    [36m>[31m
                      [0m5[0m
                      [0m compromisos definidos[0m
                    [36m</p>[31m
                  [36m</div>[31m
                  [36m<span[31m
                    [33mclass[31m=[32m"text-[10px] font-black bg-emerald-600 text-white px-3 py-1 rounded-full uppercase"[31m
                  [36m>[31m
                    [0mÔ£ô Cumple[0m
                  [36m</span>[31m
                [36m</div>[31m
              [36m</div>[31m
              [36m<div[31m
                [33mclass[31m=[32m"p-4 border-2 rounded-[1.5rem] border-blue-200 bg-blue-50"[31m
              [36m>[31m
                [36m<div[31m
                  [33mclass[31m=[32m"flex items-start gap-4"[31m
                [36m>[31m
                  [36m<svg[31m
                    [33maria-hidden[31m=[32m"true"[31m
                    [33mclass[31m=[32m"lucide lucide-circle-check-big w-5 h-5 text-blue-600 flex-shrink-0 mt-1"[31m
                    [33mfill[31m=[32m"none"[31m
                    [33mheight[31m=[32m"24"[31m
                    [33mstroke[31m=[32m"currentColor"[31m
                    [33mstroke-linecap[31m=[32m"round"[31m
                    [33mstroke-linejoin[31m=[32m"round"[31m
                    [33mstroke-width[31m=[32m"2"[31m
                    [33mviewBox[31m=[32m"0 0 24 24"[31m
                    [33mwidth[31m=[32m"24"[31m
                    [33mxmlns[31m=[32m"http://www.w3.org/2000/svg"[31m
                  [36m>[31m
                    [36m<path[31m
                      [33md[31m=[32m"M21.801 10A10 10 0 1 1 17 3.335"[31m
                    [36m/>[31m
                    [36m<path[31m
                      [33md[31m=[32m"m9 11 3 3L22 4"[31m
                    [36m/>[31m
                  [36m</svg>[31m
                  [36m<div[31m
                    [33mclass[31m=[32m"flex-1"[31m
                  [36m>[31m
                    [36m<h4[31m
                      [33mclass[31m=[32m"font-black text-slate-900 text-sm"[31m
                    [36m>[31m
                      [0mCompromisos Completados[0m
                    [36m</h4>[31m
                    [36m<p[31m
                      [33mclass[31m=[32m"text-xs mt-1 text-blue-600"[31m
                    [36m>[31m
                      [0m3[0m
                      [0m de [0m
                      [0m5[0m
                      [0m completados[0m
                    [36m</p>[31m
                  [36m</div>[31m
                [36m</div>[31m
              [36m</div>[31m
              [36m<div[31m
                [33mclass[31m=[32m"p-4 bg-slate-50 border border-slate-200 rounded-[1.5rem] text-[10px] text-slate-600 font-bold uppercase tracking-widest"[31m
              [36m>[31m
                [0mÔôÿ Se recomienda que al menos el 50% de los compromisos est├®n completados[0m
              [36m</div>[31m
            [36m</div>[31m
          [36m</div>[31m
        [36m</div>[31m
        [36m<div[31m
          [33mclass[31m=[32m"flex gap-4 p-6 md:p-8 border-t border-slate-200 bg-slate-50"[31m
        [36m>[31m
          [36m<button[31m
            [33mclass[31m=[32m"flex items-center gap-2 px-6 py-3 rounded-xl font-black text-[10px] uppercase tracking-widest bg-white border-2 border-slate-200 text-slate-600 hover:border-slate-300 transition-all disabled:opacity-50 disabled:cursor-not-allowed"[31m
            [33mdisabled[31m=[32m""[31m
          [36m>[31m
            [36m<svg[31m
              [33maria-hidden[31m=[32m"true"[31m
              [33mclass[31m=[32m"lucide lucide-chevron-left w-4 h-4"[31m
              [33mfill[31m=[32m"none"[31m
              [33mheight[31m=[32m"24"[31m
              [33mstroke[31m=[32m"currentColor"[31m
              [33mstroke-linecap[31m=[32m"round"[31m
              [33mstroke-linejoin[31m=[32m"round"[31m
              [33mstroke-width[31m=[32m"2"[31m
              [33mviewBox[31m=[32m"0 0 24 24"[31m
              [33mwidth[31m=[32m"24"[31m
              [33mxmlns[31m=[32m"http://www.w3.org/2000/svg"[31m
            [36m>[31m
              [36m<path[31m
                [33md[31m=[32m"m15 18-6-6 6-6"[31m
              [36m/>[31m
            [36m</svg>[31m
            [0mAnterior[0m
          [36m</button>[31m
          [36m<button[31m
            [33mclass[31m=[32m"flex-1 flex items-center justify-center gap-2 px-6 py-3 rounded-xl font-black text-[10px] uppercase tracking-widest bg-emerald-600 text-white hover:bg-emerald-700 transition-all disabled:opacity-50 active:scale-95"[31m
          [36m>[31m
            [0mSiguiente[0m
            [36m<svg[31m
              [33maria-hidden[31m=[32m"true"[31m
              [33mclass[31m=[32m"lucide lucide-chevron-right w-4 h-4"[31m
              [33mfill[31m=[32m"none"[31m
              [33mheight[31m=[32m"24"[31m
              [33mstroke[31m=[32m"currentColor"[31m
              [33mstroke-linecap[31m=[32m"round"[31m
              [33mstroke-linejoin[31m=[32m"round"[31m
              [33mstroke-width[31m=[32m"2"[31m
              [33mviewBox[31m=[32m"0 0 24 24"[31m
              [33mwidth[31m=[32m"24"[31m
              [33mxmlns[31m=[32m"http://www.w3.org/2000/svg"[31m
            [36m>[31m
              [36m<path[31m
                [33md[31m=[32m"m9 18 6-6-6-6"[31m
              [36m/>[31m
            [36m</svg>[31m
          [36m</button>[31m
        [36m</div>[31m
      [36m</div>[31m
    [36m</div>[31m
  [36m</div>[31m
[36m</body>[31m[39m
 [32mÔ£ô[39m src/features/mediacion/components/WizardModal.test.tsx[2m > [22mWizardModal[2m > [22mdeber├¡a mostrar nombre del caso[32m 22[2mms[22m[39m
 [32mÔ£ô[39m src/features/mediacion/components/WizardModal.test.tsx[2m > [22mWizardModal[2m > [22mdeber├¡a mostrar informaci├│n de compromisos en paso validaci├│n[32m 31[2mms[22m[39m
 [32mÔ£ô[39m src/features/mediacion/components/GccResolucion.test.tsx[2m > [22mGccResolucion[2m > [22mdeber├¡a mostrar bot├│n de vista previa de acta[33m 325[2mms[22m[39m
 [32mÔ£ô[39m src/features/mediacion/components/GccResolucion.test.tsx[2m > [22mGccResolucion[2m > [22mdeber├¡a llamar onToggleActaPreview cuando se hace clic en vista previa[32m 81[2mms[22m[39m
 [32mÔ£ô[39m src/features/mediacion/components/GccCompromisos.test.tsx[2m > [22mGccCompromisos[2m > [22mdeber├¡a renderizar la lista de compromisos[32m 143[2mms[22m[39m
 [31m├ù[39m src/features/mediacion/components/GccCompromisos.test.tsx[2m > [22mGccCompromisos[2m > [22mdeber├¡a mostrar responsable y fecha de cada compromiso[32m 65[2mms[22m[39m
[31m   ÔåÆ Found multiple elements with the text: Estudiante

Here are the matching elements:

Ignored nodes: comments, script, style
[36m<span[31m
  [33mclass[31m=[32m"text-[10px] font-black text-emerald-600 uppercase flex items-center"[31m
[36m>[31m
  [36m<svg[31m
    [33maria-hidden[31m=[32m"true"[31m
    [33mclass[31m=[32m"lucide lucide-users w-3 h-3 mr-1.5"[31m
    [33mfill[31m=[32m"none"[31m
    [33mheight[31m=[32m"24"[31m
    [33mstroke[31m=[32m"currentColor"[31m
    [33mstroke-linecap[31m=[32m"round"[31m
    [33mstroke-linejoin[31m=[32m"round"[31m
    [33mstroke-width[31m=[32m"2"[31m
    [33mviewBox[31m=[32m"0 0 24 24"[31m
    [33mwidth[31m=[32m"24"[31m
    [33mxmlns[31m=[32m"http://www.w3.org/2000/svg"[31m
  [36m>[31m
    [36m<path[31m
      [33md[31m=[32m"M16 21v-2a4 4 0 0 0-4-4H6a4 4 0 0 0-4 4v2"[31m
    [36m/>[31m
    [36m<path[31m
      [33md[31m=[32m"M16 3.128a4 4 0 0 1 0 7.744"[31m
    [36m/>[31m
    [36m<path[31m
      [33md[31m=[32m"M22 21v-2a4 4 0 0 0-3-3.87"[31m
    [36m/>[31m
    [36m<circle[31m
      [33mcx[31m=[32m"9"[31m
      [33mcy[31m=[32m"7"[31m
      [33mr[31m=[32m"4"[31m
    [36m/>[31m
  [36m</svg>[31m
  [0mEstudiante[0m
[36m</span>[31m

Ignored nodes: comments, script, style
[36m<span[31m
  [33mclass[31m=[32m"text-[10px] font-black text-emerald-600 uppercase flex items-center"[31m
[36m>[31m
  [36m<svg[31m
    [33maria-hidden[31m=[32m"true"[31m
    [33mclass[31m=[32m"lucide lucide-users w-3 h-3 mr-1.5"[31m
    [33mfill[31m=[32m"none"[31m
    [33mheight[31m=[32m"24"[31m
    [33mstroke[31m=[32m"currentColor"[31m
    [33mstroke-linecap[31m=[32m"round"[31m
    [33mstroke-linejoin[31m=[32m"round"[31m
    [33mstroke-width[31m=[32m"2"[31m
    [33mviewBox[31m=[32m"0 0 24 24"[31m
    [33mwidth[31m=[32m"24"[31m
    [33mxmlns[31m=[32m"http://www.w3.org/2000/svg"[31m
  [36m>[31m
    [36m<path[31m
      [33md[31m=[32m"M16 21v-2a4 4 0 0 0-4-4H6a4 4 0 0 0-4 4v2"[31m
    [36m/>[31m
    [36m<path[31m
      [33md[31m=[32m"M16 3.128a4 4 0 0 1 0 7.744"[31m
    [36m/>[31m
    [36m<path[31m
      [33md[31m=[32m"M22 21v-2a4 4 0 0 0-3-3.87"[31m
    [36m/>[31m
    [36m<circle[31m
      [33mcx[31m=[32m"9"[31m
      [33mcy[31m=[32m"7"[31m
      [33mr[31m=[32m"4"[31m
    [36m/>[31m
  [36m</svg>[31m
  [0mEstudiante[0m
[36m</span>[31m

Ignored nodes: comments, script, style
[36m<option[31m
  [33mvalue[31m=[32m"Estudiante"[31m
[36m>[31m
  [0mEstudiante[0m
[36m</option>[31m

(If this is intentional, then use the `*AllBy*` variant of the query (like `queryAllByText`, `getAllByText`, or `findAllByText`)).

Ignored nodes: comments, script, style
[36m<body>[31m
  [36m<div>[31m
    [36m<div[31m
      [33mclass[31m=[32m"space-y-6"[31m
    [36m>[31m
      [36m<div[31m
        [33mclass[31m=[32m"flex justify-between items-center"[31m
      [36m>[31m
        [36m<h4[31m
          [33mclass[31m=[32m"text-sm font-black text-slate-900 uppercase tracking-widest flex items-center"[31m
        [36m>[31m
          [36m<svg[31m
            [33maria-hidden[31m=[32m"true"[31m
            [33mclass[31m=[32m"lucide lucide-circle-check-big w-5 h-5 mr-3 text-emerald-600"[31m
            [33mfill[31m=[32m"none"[31m
            [33mheight[31m=[32m"24"[31m
            [33mstroke[31m=[32m"currentColor"[31m
            [33mstroke-linecap[31m=[32m"round"[31m
            [33mstroke-linejoin[31m=[32m"round"[31m
            [33mstroke-width[31m=[32m"2"[31m
            [33mviewBox[31m=[32m"0 0 24 24"[31m
            [33mwidth[31m=[32m"24"[31m
            [33mxmlns[31m=[32m"http://www.w3.org/2000/svg"[31m
          [36m>[31m
            [36m<path[31m
              [33md[31m=[32m"M21.801 10A10 10 0 1 1 17 3.335"[31m
            [36m/>[31m
            [36m<path[31m
              [33md[31m=[32m"m9 11 3 3L22 4"[31m
            [36m/>[31m
          [36m</svg>[31m
          [0mCompromisos Reparatorios[0m
        [36m</h4>[31m
        [36m<span[31m
          [33mclass[31m=[32m"text-[10px] font-black text-emerald-600 bg-emerald-50 px-3 py-1 rounded-full uppercase"[31m
        [36m>[31m
          [0m2[0m
          [0m Definidos[0m
        [36m</span>[31m
      [36m</div>[31m
      [36m<div[31m
        [33mclass[31m=[32m"space-y-4"[31m
      [36m>[31m
        [36m<div[31m
          [33mclass[31m=[32m"flex items-center justify-between p-4 md:p-6 bg-emerald-50/50 border border-emerald-100 rounded-[1.5rem] group hover:bg-emerald-50 transition-all"[31m
        [36m>[31m
          [36m<div[31m
            [33mclass[31m=[32m"flex items-center space-x-6 flex-1"[31m
          [36m>[31m
            [36m<button[31m
              [33mclass[31m=[32m"p-2 rounded-xl border-2 transition-all flex-shrink-0 bg-white border-emerald-200 text-emerald-600 hover:bg-emerald-500 hover:text-white"[31m
            [36m>[31m
              [36m<svg[31m
                [33maria-hidden[31m=[32m"true"[31m
                [33mclass[31m=[32m"lucide lucide-circle-check-big w-4 h-4"[31m
                [33mfill[31m=[32m"none"[31m
                [33mheight[31m=[32m"24"[31m
                [33mstroke[31m=[32m"currentColor"[31m
                [33mstroke-linecap[31m=[32m"round"[31m
                [33mstroke-linejoin[31m=[32m"round"[31m
                [33mstroke-width[31m=[32m"2"[31m
                [33mviewBox[31m=[32m"0 0 24 24"[31m
                [33mwidth[31m=[32m"24"[31m
                [33mxmlns[31m=[32m"http://www.w3.org/2000/svg"[31m
              [36m>[31m
                [36m<path[31m
                  [33md[31m=[32m"M21.801 10A10 10 0 1 1 17 3.335"[31m
                [36m/>[31m
                [36m<path[31m
                  [33md[31m=[32m"m9 11 3 3L22 4"[31m
                [36m/>[31m
              [36m</svg>[31m
            [36m</button>[31m
            [36m<div[31m
              [33mclass[31m=[32m"flex-1 min-w-0"[31m
            [36m>[31m
              [36m<p[31m
                [33mclass[31m=[32m"text-sm font-bold text-slate-800"[31m
              [36m>[31m
                [0mRealizar tarea de reparaci├│n[0m
              [36m</p>[31m
              [36m<div[31m
                [33mclass[31m=[32m"flex items-center mt-1 space-x-4 flex-wrap gap-2"[31m
              [36m>[31m
                [36m<span[31m
                  [33mclass[31m=[32m"text-[10px] font-black text-emerald-600 uppercase flex items-center"[31m
                [36m>[31m
                  [36m<svg[31m
                    [33maria-hidden[31m=[32m"true"[31m
                    [33mclass[31m=[32m"lucide lucide-users w-3 h-3 mr-1.5"[31m
                    [33mfill[31m=[32m"none"[31m
                    [33mheight[31m=[32m"24"[31m
                    [33mstroke[31m=[32m"currentColor"[31m
                    [33mstroke-linecap[31m=[32m"round"[31m
                    [33mstroke-linejoin[31m=[32m"round"[31m
                    [33mstroke-width[31m=[32m"2"[31m
                    [33mviewBox[31m=[32m"0 0 24 24"[31m
                    [33mwidth[31m=[32m"24"[31m
                    [33mxmlns[31m=[32m"http://www.w3.org/2000/svg"[31m
                  [36m>[31m
                    [36m<path[31m
                      [33md[31m=[32m"M16 21v-2a4 4 0 0 0-4-4H6a4 4 0 0 0-4 4v2"[31m
                    [36m/>[31m
                    [36m<path[31m
                      [33md[31m=[32m"M16 3.128a4 4 0 0 1 0 7.744"[31m
                    [36m/>[31m
                    [36m<path[31m
                      [33md[31m=[32m"M22 21v-2a4 4 0 0 0-3-3.87"[31m
                    [36m/>[31m
                    [36m<circle[31m
                      [33mcx[31m=[32m"9"[31m
                      [33mcy[31m=[32m"7"[31m
                      [33mr[31m=[32m"4"[31m
                    [36m/>[31m
                  [36m</svg>[31m
                  [0mEstudiante[0m
                [36m</span>[31m
                [36m<span[31m
                  [33mclass[31m=[32m"text-[10px] font-black text-slate-400 uppercase flex items-center"[31m
                [36m>[31m
                  [36m<svg[31m
                    [33maria-hidden[31m=[32m"true"[31m
                    [33mclass[31m=[32m"lucide lucide-calendar w-3 h-3 mr-1.5"[31m
                    [33mfill[31m=[32m"none"[31m
                    [33mheight[31m=[32m"24"[31m
                    [33mstroke[31m=[32m"currentColor"[31m
                    [33mstroke-linecap[31m=[32m"round"[31m
                    [33mstroke-linejoin[31m=[32m"round"[31m
                    [33mstroke-width[31m=[32m"2"[31m
                    [33mviewBox[31m=[32m"0 0 24 24"[31m
                    [33mwidth[31m=[32m"24"[31m
                    [33mxmlns[31m=[32m"http://www.w3.org/2000/svg"[31m
                  [36m>[31m
                    [36m<path[31m
                      [33md[31m=[32m"M8 2v4"[31m
                    [36m/>[31m
                    [36m<path[31m
                      [33md[31m=[32m"M16 2v4"[31m
                    [36m/>[31m
                    [36m<rect[31m
                      [33mheight[31m=[32m"18"[31m
                      [33mrx[31m=[32m"2"[31m
                      [33mwidth[31m=[32m"18"[31m
                      [33mx[31m=[32m"3"[31m
                      [33my[31m=[32m"4"[31m
                    [36m/>[31m
                    [36m<path[31m
                      [3...[39m
 [31m├ù[39m src/features/mediacion/components/GccResolucion.test.tsx[2m > [22mGccResolucion[2m > [22mdeber├¡a mostrar acta cuando showActaPreview es true[32m 34[2mms[22m[39m
[31m   ÔåÆ Found multiple elements with the text: /acta de mediaci├│n/i

Here are the matching elements:

Ignored nodes: comments, script, style
[36m<p[31m
  [33mclass[31m=[32m"text-[10px] font-black uppercase tracking-widest text-slate-500"[31m
[36m>[31m
  [0mActa de Mediaci├│n Reparatoria[0m
[36m</p>[31m

Ignored nodes: comments, script, style
[36m<textarea[31m
  [33mclass[31m=[32m"w-full px-4 py-3 bg-white border border-slate-200 rounded-xl text-xs font-mono text-slate-700 focus:outline-none"[31m
  [33mreadonly[31m=[32m""[31m
  [33mrows[31m=[32m"12"[31m
[36m>[31m
  [0m
    ACTA DE MEDIACI├ôN
    Caso: Test Case
    Resultado: LOGRADO
    Fecha: 2025-02-18
  [0m
[36m</textarea>[31m

(If this is intentional, then use the `*AllBy*` variant of the query (like `queryAllByText`, `getAllByText`, or `findAllByText`)).

Ignored nodes: comments, script, style
[36m<body>[31m
  [36m<div>[31m
    [36m<div[31m
      [33mclass[31m=[32m"space-y-6"[31m
    [36m>[31m
      [36m<div[31m
        [33mclass[31m=[32m"mb-10 p-4 md:p-6 rounded-[1.5rem] border border-slate-200 bg-slate-50 animate-in slide-in-from-top-2 duration-300"[31m
      [36m>[31m
        [36m<div[31m
          [33mclass[31m=[32m"flex justify-between items-center mb-4"[31m
        [36m>[31m
          [36m<p[31m
            [33mclass[31m=[32m"text-[10px] font-black uppercase tracking-widest text-slate-500"[31m
          [36m>[31m
            [0mActa de Mediaci├│n Reparatoria[0m
          [36m</p>[31m
          [36m<button[31m
            [33mclass[31m=[32m"text-slate-400 hover:text-slate-600 text-sm font-bold"[31m
          [36m>[31m
            [0mCerrar[0m
          [36m</button>[31m
        [36m</div>[31m
        [36m<textarea[31m
          [33mclass[31m=[32m"w-full px-4 py-3 bg-white border border-slate-200 rounded-xl text-xs font-mono text-slate-700 focus:outline-none"[31m
          [33mreadonly[31m=[32m""[31m
          [33mrows[31m=[32m"12"[31m
        [36m>[31m
          [0m
    ACTA DE MEDIACI├ôN
    Caso: Test Case
    Resultado: LOGRADO
    Fecha: 2025-02-18
  [0m
        [36m</textarea>[31m
        [36m<div[31m
          [33mclass[31m=[32m"mt-4 p-3 bg-emerald-50 border border-emerald-200 rounded-xl text-[9px] text-emerald-700 font-bold uppercase tracking-widest"[31m
        [36m>[31m
          [0mEsta es una vista previa del acta. Revise los compromisos registrados antes de finalizar.[0m
        [36m</div>[31m
      [36m</div>[31m
      [36m<div[31m
        [33mclass[31m=[32m"flex flex-col md:flex-row gap-4 md:gap-6 pt-4 md:pt-6 border-t border-slate-100"[31m
      [36m>[31m
        [36m<button[31m
          [33mclass[31m=[32m"flex-1 py-4 md:py-5 rounded-[1.5rem] bg-white border-2 border-slate-100 text-slate-400 font-black text-[10px] uppercase tracking-widest hover:border-blue-300 hover:text-blue-600 transition-all flex items-center justify-center space-x-3 active:scale-95"[31m
        [36m>[31m
          [36m<svg[31m
            [33maria-hidden[31m=[32m"true"[31m
            [33mclass[31m=[32m"lucide lucide-file-text w-5 h-5"[31m
            [33mfill[31m=[32m"none"[31m
            [33mheight[31m=[32m"24"[31m
            [33mstroke[31m=[32m"currentColor"[31m
            [33mstroke-linecap[31m=[32m"round"[31m
            [33mstroke-linejoin[31m=[32m"round"[31m
            [33mstroke-width[31m=[32m"2"[31m
            [33mviewBox[31m=[32m"0 0 24 24"[31m
            [33mwidth[31m=[32m"24"[31m
            [33mxmlns[31m=[32m"http://www.w3.org/2000/svg"[31m
          [36m>[31m
            [36m<path[31m
              [33md[31m=[32m"M6 22a2 2 0 0 1-2-2V4a2 2 0 0 1 2-2h8a2.4 2.4 0 0 1 1.704.706l3.588 3.588A2.4 2.4 0 0 1 20 8v12a2 2 0 0 1-2 2z"[31m
            [36m/>[31m
            [36m<path[31m
              [33md[31m=[32m"M14 2v5a1 1 0 0 0 1 1h5"[31m
            [36m/>[31m
            [36m<path[31m
              [33md[31m=[32m"M10 9H8"[31m
            [36m/>[31m
            [36m<path[31m
              [33md[31m=[32m"M16 13H8"[31m
            [36m/>[31m
            [36m<path[31m
              [33md[31m=[32m"M16 17H8"[31m
            [36m/>[31m
          [36m</svg>[31m
          [36m<span>[31m
            [0mOcultar Acta[0m
          [36m</span>[31m
        [36m</button>[31m
        [36m<button[31m
          [33mclass[31m=[32m"flex-1 py-4 md:py-5 rounded-[1.5rem] bg-amber-50 border-2 border-amber-200 text-amber-700 font-black text-[10px] uppercase tracking-widest hover:bg-amber-100 transition-all flex items-center justify-center space-x-3 active:scale-95"[31m
        [36m>[31m
          [36m<svg[31m
            [33maria-hidden[31m=[32m"true"[31m
            [33mclass[31m=[32m"lucide lucide-clock w-5 h-5"[31m
            [33mfill[31m=[32m"none"[31m
            [33mheight[31m=[32m"24"[31m
            [33mstroke[31m=[32m"currentColor"[31m
            [33mstroke-linecap[31m=[32m"round"[31m
            [33mstroke-linejoin[31m=[32m"round"[31m
            [33mstroke-width[31m=[32m"2"[31m
            [33mviewBox[31m=[32m"0 0 24 24"[31m
            [33mwidth[31m=[32m"24"[31m
            [33mxmlns[31m=[32m"http://www.w3.org/2000/svg"[31m
          [36m>[31m
            [36m<path[31m
              [33md[31m=[32m"M12 6v6l4 2"[31m
            [36m/>[31m
            [36m<circle[31m
              [33mcx[31m=[32m"12"[31m
              [33mcy[31m=[32m"12"[31m
              [33mr[31m=[32m"10"[31m
            [36m/>[31m
          [36m</svg>[31m
          [36m<span[31m
            [33mclass[31m=[32m"leading-tight"[31m
          [36m>[31m
            [0mSacar de GCC[0m
            [36m<br />[31m
            [0my Continuar[0m
          [36m</span>[31m
        [36m</button>[31m
        [36m<button[31m
          [33mclass[31m=[32m"flex-1 py-4 md:py-5 rounded-[1.5rem] font-black text-[10px] uppercase tracking-[0.2em] shadow-xl transition-all flex items-center justify-center space-x-3 active:scale-95 bg-slate-200 text-slate-400 cursor-not-allowed"[31m
          [33mdisabled[31m=[32m""[31m
        [36m>[31m
          [36m<svg[31m
            [33maria-hidden[31m=[32m"true"[31m
            [33mclass[31m=[32m"lucide lucide-shield-check w-5 h-5"[31m
            [33mfill[31m=[32m"none"[31m
            [33mheight[31m=[32m"24"[31m
            [33mstroke[31m=[32m"currentColor"[31m
            [33mstroke-linecap[31m=[32m"round"[31m
            [33mstroke-linejoin[31m=[32m"round"[31m
            [33mstroke-width[31m=[32m"2"[31m
            [33mviewBox[31m=[32m"0 0 24 24"[31m
            [33mwidth[31m=[32m"24"[31m
            [33mxmlns[31m=[32m"http://www.w3.org/2000/svg"[31m
          [36m>[31m
            [36m<path[31m
              [33md[31m=[32m"M20 13c0 5-3.5 7.5-7.66 8.95a1 1 0 0 1-.67-.01C7.5 20.5 4 18 4 13V6a1 1 0 0 1 1-1c2 0 4.5-1.2 6.24-2.72a1.17 1.17 0 0 1 1.52 0C14.51 3.81 17 5 19 5a1 1 0 0 1 1 1z"[31m
            [36m/>[31m
            [36m<path[31m
              [33md[31m=[32m"m9 12 2 2 4-4"[31m
            [36m/>[31m
          [36m</svg>[31m
          [36m<span[31m
            [33mclass[31m=[32m"leading-tight"[31m
          [36m>[31m
            [0mCierre Exitoso[0m
            [36m<br />[31m
            [0mpor V├¡a Formativa[0m
          [36m</span>[31m
        [36m</button>[31m
      [36m</div>[31m
      [36m<div[31m
        [33mclass[31m=[32m"p-4 bg-blue-50 border border-blue-200 rounded-[1.5rem] text-[10px] text-blue-700 font-bold uppercase tracking-widest"[31m
      [36m>[31m
        [0mÔôÿ El cierre exitoso solo est├í disponible cuando el estado es "LOGRADO"[0m
      [36m</div>[31m
    [36m</div>[31m
  [36m</div>[31m
[36m</body>[31m[39m
 [32mÔ£ô[39m src/features/mediacion/components/GccResolucion.test.tsx[2m > [22mGccResolucion[2m > [22mdeber├¡a ocultar acta cuando showActaPreview es false[32m 13[2mms[22m[39m
 [32mÔ£ô[39m src/features/mediacion/components/GccCompromisos.test.tsx[2m > [22mGccCompromisos[2m > [22mdeber├¡a llamar onToggleMarcaCompromiso cuando se hace clic en marcar completado[33m 358[2mms[22m[39m
 [32mÔ£ô[39m src/features/mediacion/components/GccCompromisos.test.tsx[2m > [22mGccCompromisos[2m > [22mdeber├¡a mostrar compromiso como completado visualmente[32m 27[2mms[22m[39m
 [31m├ù[39m src/features/mediacion/components/GccResolucion.test.tsx[2m > [22mGccResolucion[2m > [22mdeber├¡a mostrar bot├│n "Destrabado" en estado PROCESO[32m 143[2mms[22m[39m
[31m   ÔåÆ Unable to find an accessible element with the role "button" and name `/destrabado/i`

Here are the accessible roles:

  button:

  Name "Previsualizar Acta":
  [36m<button[31m
    [33mclass[31m=[32m"flex-1 py-4 md:py-5 rounded-[1.5rem] bg-white border-2 border-slate-100 text-slate-400 font-black text-[10px] uppercase tracking-widest hover:border-blue-300 hover:text-blue-600 transition-all flex items-center justify-center space-x-3 active:scale-95"[31m
  [36m/>[31m

  Name "Sacar de GCCy Continuar":
  [36m<button[31m
    [33mclass[31m=[32m"flex-1 py-4 md:py-5 rounded-[1.5rem] bg-amber-50 border-2 border-amber-200 text-amber-700 font-black text-[10px] uppercase tracking-widest hover:bg-amber-100 transition-all flex items-center justify-center space-x-3 active:scale-95"[31m
  [36m/>[31m

  Name "Cierre Exitosopor V├¡a Formativa":
  [36m<button[31m
    [33mclass[31m=[32m"flex-1 py-4 md:py-5 rounded-[1.5rem] font-black text-[10px] uppercase tracking-[0.2em] shadow-xl transition-all flex items-center justify-center space-x-3 active:scale-95 bg-slate-200 text-slate-400 cursor-not-allowed"[31m
    [33mdisabled[31m=[32m""[31m
  [36m/>[31m

  --------------------------------------------------

Ignored nodes: comments, script, style
[36m<body>[31m
  [36m<div>[31m
    [36m<div[31m
      [33mclass[31m=[32m"space-y-6"[31m
    [36m>[31m
      [36m<div[31m
        [33mclass[31m=[32m"flex flex-col md:flex-row gap-4 md:gap-6 pt-4 md:pt-6 border-t border-slate-100"[31m
      [36m>[31m
        [36m<button[31m
          [33mclass[31m=[32m"flex-1 py-4 md:py-5 rounded-[1.5rem] bg-white border-2 border-slate-100 text-slate-400 font-black text-[10px] uppercase tracking-widest hover:border-blue-300 hover:text-blue-600 transition-all flex items-center justify-center space-x-3 active:scale-95"[31m
        [36m>[31m
          [36m<svg[31m
            [33maria-hidden[31m=[32m"true"[31m
            [33mclass[31m=[32m"lucide lucide-file-text w-5 h-5"[31m
            [33mfill[31m=[32m"none"[31m
            [33mheight[31m=[32m"24"[31m
            [33mstroke[31m=[32m"currentColor"[31m
            [33mstroke-linecap[31m=[32m"round"[31m
            [33mstroke-linejoin[31m=[32m"round"[31m
            [33mstroke-width[31m=[32m"2"[31m
            [33mviewBox[31m=[32m"0 0 24 24"[31m
            [33mwidth[31m=[32m"24"[31m
            [33mxmlns[31m=[32m"http://www.w3.org/2000/svg"[31m
          [36m>[31m
            [36m<path[31m
              [33md[31m=[32m"M6 22a2 2 0 0 1-2-2V4a2 2 0 0 1 2-2h8a2.4 2.4 0 0 1 1.704.706l3.588 3.588A2.4 2.4 0 0 1 20 8v12a2 2 0 0 1-2 2z"[31m
            [36m/>[31m
            [36m<path[31m
              [33md[31m=[32m"M14 2v5a1 1 0 0 0 1 1h5"[31m
            [36m/>[31m
            [36m<path[31m
              [33md[31m=[32m"M10 9H8"[31m
            [36m/>[31m
            [36m<path[31m
              [33md[31m=[32m"M16 13H8"[31m
            [36m/>[31m
            [36m<path[31m
              [33md[31m=[32m"M16 17H8"[31m
            [36m/>[31m
          [36m</svg>[31m
          [36m<span>[31m
            [0mPrevisualizar Acta[0m
          [36m</span>[31m
        [36m</button>[31m
        [36m<button[31m
          [33mclass[31m=[32m"flex-1 py-4 md:py-5 rounded-[1.5rem] bg-amber-50 border-2 border-amber-200 text-amber-700 font-black text-[10px] uppercase tracking-widest hover:bg-amber-100 transition-all flex items-center justify-center space-x-3 active:scale-95"[31m
        [36m>[31m
          [36m<svg[31m
            [33maria-hidden[31m=[32m"true"[31m
            [33mclass[31m=[32m"lucide lucide-clock w-5 h-5"[31m
            [33mfill[31m=[32m"none"[31m
            [33mheight[31m=[32m"24"[31m
            [33mstroke[31m=[32m"currentColor"[31m
            [33mstroke-linecap[31m=[32m"round"[31m
            [33mstroke-linejoin[31m=[32m"round"[31m
            [33mstroke-width[31m=[32m"2"[31m
            [33mviewBox[31m=[32m"0 0 24 24"[31m
            [33mwidth[31m=[32m"24"[31m
            [33mxmlns[31m=[32m"http://www.w3.org/2000/svg"[31m
          [36m>[31m
            [36m<path[31m
              [33md[31m=[32m"M12 6v6l4 2"[31m
            [36m/>[31m
            [36m<circle[31m
              [33mcx[31m=[32m"12"[31m
              [33mcy[31m=[32m"12"[31m
              [33mr[31m=[32m"10"[31m
            [36m/>[31m
          [36m</svg>[31m
          [36m<span[31m
            [33mclass[31m=[32m"leading-tight"[31m
          [36m>[31m
            [0mSacar de GCC[0m
            [36m<br />[31m
            [0my Continuar[0m
          [36m</span>[31m
        [36m</button>[31m
        [36m<button[31m
          [33mclass[31m=[32m"flex-1 py-4 md:py-5 rounded-[1.5rem] font-black text-[10px] uppercase tracking-[0.2em] shadow-xl transition-all flex items-center justify-center space-x-3 active:scale-95 bg-slate-200 text-slate-400 cursor-not-allowed"[31m
          [33mdisabled[31m=[32m""[31m
        [36m>[31m
          [36m<svg[31m
            [33maria-hidden[31m=[32m"true"[31m
            [33mclass[31m=[32m"lucide lucide-shield-check w-5 h-5"[31m
            [33mfill[31m=[32m"none"[31m
            [33mheight[31m=[32m"24"[31m
            [33mstroke[31m=[32m"currentColor"[31m
            [33mstroke-linecap[31m=[32m"round"[31m
            [33mstroke-linejoin[31m=[32m"round"[31m
            [33mstroke-width[31m=[32m"2"[31m
            [33mviewBox[31m=[32m"0 0 24 24"[31m
            [33mwidth[31m=[32m"24"[31m
            [33mxmlns[31m=[32m"http://www.w3.org/2000/svg"[31m
          [36m>[31m
            [36m<path[31m
              [33md[31m=[32m"M20 13c0 5-3.5 7.5-7.66 8.95a1 1 0 0 1-.67-.01C7.5 20.5 4 18 4 13V6a1 1 0 0 1 1-1c2 0 4.5-1.2 6.24-2.72a1.17 1.17 0 0 1 1.52 0C14.51 3.81 17 5 19 5a1 1 0 0 1 1 1z"[31m
            [36m/>[31m
            [36m<path[31m
              [33md[31m=[32m"m9 12 2 2 4-4"[31m
            [36m/>[31m
          [36m</svg>[31m
          [36m<span[31m
            [33mclass[31m=[32m"leading-tight"[31m
          [36m>[31m
            [0mCierre Exitoso[0m
            [36m<br />[31m
            [0mpor V├¡a Formativa[0m
          [36m</span>[31m
        [36m</button>[31m
      [36m</div>[31m
      [36m<div[31m
        [33mclass[31m=[32m"p-4 bg-blue-50 border border-blue-200 rounded-[1.5rem] text-[10px] text-blue-700 font-bold uppercase tracking-widest"[31m
      [36m>[31m
        [0mÔôÿ El cierre exitoso solo est├í disponible cuando el estado es "LOGRADO"[0m
      [36m</div>[31m
    [36m</div>[31m
  [36m</div>[31m
[36m</body>[31m[39m
 [32mÔ£ô[39m src/features/mediacion/components/GccCompromisos.test.tsx[2m > [22mGccCompromisos[2m > [22mdeber├¡a llamar onEliminarCompromiso al eliminar un compromiso[32m 80[2mms[22m[39m
 [32mÔ£ô[39m src/features/mediacion/components/GccCompromisos.test.tsx[2m > [22mGccCompromisos[2m > [22mdeber├¡a permitir agregar nuevo compromiso[32m 96[2mms[22m[39m
 [31m├ù[39m src/features/mediacion/components/GccResolucion.test.tsx[2m > [22mGccResolucion[2m > [22mdeber├¡a llamar onDestrabarDesdeGCC cuando se hace clic en Destrabado[32m 140[2mms[22m[39m
[31m   ÔåÆ Unable to find an accessible element with the role "button" and name `/destrabado/i`

Here are the accessible roles:

  button:

  Name "Previsualizar Acta":
  [36m<button[31m
    [33mclass[31m=[32m"flex-1 py-4 md:py-5 rounded-[1.5rem] bg-white border-2 border-slate-100 text-slate-400 font-black text-[10px] uppercase tracking-widest hover:border-blue-300 hover:text-blue-600 transition-all flex items-center justify-center space-x-3 active:scale-95"[31m
  [36m/>[31m

  Name "Sacar de GCCy Continuar":
  [36m<button[31m
    [33mclass[31m=[32m"flex-1 py-4 md:py-5 rounded-[1.5rem] bg-amber-50 border-2 border-amber-200 text-amber-700 font-black text-[10px] uppercase tracking-widest hover:bg-amber-100 transition-all flex items-center justify-center space-x-3 active:scale-95"[31m
  [36m/>[31m

  Name "Cierre Exitosopor V├¡a Formativa":
  [36m<button[31m
    [33mclass[31m=[32m"flex-1 py-4 md:py-5 rounded-[1.5rem] font-black text-[10px] uppercase tracking-[0.2em] shadow-xl transition-all flex items-center justify-center space-x-3 active:scale-95 bg-slate-200 text-slate-400 cursor-not-allowed"[31m
    [33mdisabled[31m=[32m""[31m
  [36m/>[31m

  --------------------------------------------------

Ignored nodes: comments, script, style
[36m<body>[31m
  [36m<div>[31m
    [36m<div[31m
      [33mclass[31m=[32m"space-y-6"[31m
    [36m>[31m
      [36m<div[31m
        [33mclass[31m=[32m"flex flex-col md:flex-row gap-4 md:gap-6 pt-4 md:pt-6 border-t border-slate-100"[31m
      [36m>[31m
        [36m<button[31m
          [33mclass[31m=[32m"flex-1 py-4 md:py-5 rounded-[1.5rem] bg-white border-2 border-slate-100 text-slate-400 font-black text-[10px] uppercase tracking-widest hover:border-blue-300 hover:text-blue-600 transition-all flex items-center justify-center space-x-3 active:scale-95"[31m
        [36m>[31m
          [36m<svg[31m
            [33maria-hidden[31m=[32m"true"[31m
            [33mclass[31m=[32m"lucide lucide-file-text w-5 h-5"[31m
            [33mfill[31m=[32m"none"[31m
            [33mheight[31m=[32m"24"[31m
            [33mstroke[31m=[32m"currentColor"[31m
            [33mstroke-linecap[31m=[32m"round"[31m
            [33mstroke-linejoin[31m=[32m"round"[31m
            [33mstroke-width[31m=[32m"2"[31m
            [33mviewBox[31m=[32m"0 0 24 24"[31m
            [33mwidth[31m=[32m"24"[31m
            [33mxmlns[31m=[32m"http://www.w3.org/2000/svg"[31m
          [36m>[31m
            [36m<path[31m
              [33md[31m=[32m"M6 22a2 2 0 0 1-2-2V4a2 2 0 0 1 2-2h8a2.4 2.4 0 0 1 1.704.706l3.588 3.588A2.4 2.4 0 0 1 20 8v12a2 2 0 0 1-2 2z"[31m
            [36m/>[31m
            [36m<path[31m
              [33md[31m=[32m"M14 2v5a1 1 0 0 0 1 1h5"[31m
            [36m/>[31m
            [36m<path[31m
              [33md[31m=[32m"M10 9H8"[31m
            [36m/>[31m
            [36m<path[31m
              [33md[31m=[32m"M16 13H8"[31m
            [36m/>[31m
            [36m<path[31m
              [33md[31m=[32m"M16 17H8"[31m
            [36m/>[31m
          [36m</svg>[31m
          [36m<span>[31m
            [0mPrevisualizar Acta[0m
          [36m</span>[31m
        [36m</button>[31m
        [36m<button[31m
          [33mclass[31m=[32m"flex-1 py-4 md:py-5 rounded-[1.5rem] bg-amber-50 border-2 border-amber-200 text-amber-700 font-black text-[10px] uppercase tracking-widest hover:bg-amber-100 transition-all flex items-center justify-center space-x-3 active:scale-95"[31m
        [36m>[31m
          [36m<svg[31m
            [33maria-hidden[31m=[32m"true"[31m
            [33mclass[31m=[32m"lucide lucide-clock w-5 h-5"[31m
            [33mfill[31m=[32m"none"[31m
            [33mheight[31m=[32m"24"[31m
            [33mstroke[31m=[32m"currentColor"[31m
            [33mstroke-linecap[31m=[32m"round"[31m
            [33mstroke-linejoin[31m=[32m"round"[31m
            [33mstroke-width[31m=[32m"2"[31m
            [33mviewBox[31m=[32m"0 0 24 24"[31m
            [33mwidth[31m=[32m"24"[31m
            [33mxmlns[31m=[32m"http://www.w3.org/2000/svg"[31m
          [36m>[31m
            [36m<path[31m
              [33md[31m=[32m"M12 6v6l4 2"[31m
            [36m/>[31m
            [36m<circle[31m
              [33mcx[31m=[32m"12"[31m
              [33mcy[31m=[32m"12"[31m
              [33mr[31m=[32m"10"[31m
            [36m/>[31m
          [36m</svg>[31m
          [36m<span[31m
            [33mclass[31m=[32m"leading-tight"[31m
          [36m>[31m
            [0mSacar de GCC[0m
            [36m<br />[31m
            [0my Continuar[0m
          [36m</span>[31m
        [36m</button>[31m
        [36m<button[31m
          [33mclass[31m=[32m"flex-1 py-4 md:py-5 rounded-[1.5rem] font-black text-[10px] uppercase tracking-[0.2em] shadow-xl transition-all flex items-center justify-center space-x-3 active:scale-95 bg-slate-200 text-slate-400 cursor-not-allowed"[31m
          [33mdisabled[31m=[32m""[31m
        [36m>[31m
          [36m<svg[31m
            [33maria-hidden[31m=[32m"true"[31m
            [33mclass[31m=[32m"lucide lucide-shield-check w-5 h-5"[31m
            [33mfill[31m=[32m"none"[31m
            [33mheight[31m=[32m"24"[31m
            [33mstroke[31m=[32m"currentColor"[31m
            [33mstroke-linecap[31m=[32m"round"[31m
            [33mstroke-linejoin[31m=[32m"round"[31m
            [33mstroke-width[31m=[32m"2"[31m
            [33mviewBox[31m=[32m"0 0 24 24"[31m
            [33mwidth[31m=[32m"24"[31m
            [33mxmlns[31m=[32m"http://www.w3.org/2000/svg"[31m
          [36m>[31m
            [36m<path[31m
              [33md[31m=[32m"M20 13c0 5-3.5 7.5-7.66 8.95a1 1 0 0 1-.67-.01C7.5 20.5 4 18 4 13V6a1 1 0 0 1 1-1c2 0 4.5-1.2 6.24-2.72a1.17 1.17 0 0 1 1.52 0C14.51 3.81 17 5 19 5a1 1 0 0 1 1 1z"[31m
            [36m/>[31m
            [36m<path[31m
              [33md[31m=[32m"m9 12 2 2 4-4"[31m
            [36m/>[31m
          [36m</svg>[31m
          [36m<span[31m
            [33mclass[31m=[32m"leading-tight"[31m
          [36m>[31m
            [0mCierre Exitoso[0m
            [36m<br />[31m
            [0mpor V├¡a Formativa[0m
          [36m</span>[31m
        [36m</button>[31m
      [36m</div>[31m
      [36m<div[31m
        [33mclass[31m=[32m"p-4 bg-blue-50 border border-blue-200 rounded-[1.5rem] text-[10px] text-blue-700 font-bold uppercase tracking-widest"[31m
      [36m>[31m
        [0mÔôÿ El cierre exitoso solo est├í disponible cuando el estado es "LOGRADO"[0m
      [36m</div>[31m
    [36m</div>[31m
  [36m</div>[31m
[36m</body>[31m[39m
 [32mÔ£ô[39m src/features/mediacion/components/GccResolucion.test.tsx[2m > [22mGccResolucion[2m > [22mdeber├¡a mostrar bot├│n "Cierre Exitoso" solo cuando statusGCC es LOGRADO[32m 65[2mms[22m[39m
 [32mÔ£ô[39m src/features/mediacion/components/WizardModal.test.tsx[2m > [22mWizardModal[2m > [22mdeber├¡a tener bot├│n siguiente en primer paso[33m 320[2mms[22m[39m
 [31m├ù[39m src/features/mediacion/components/WizardModal.test.tsx[2m > [22mWizardModal[2m > [22mdeber├¡a no mostrar bot├│n anterior en primer paso[32m 80[2mms[22m[39m
[31m   ÔåÆ expected 1 to be +0 // Object.is equality[39m
 [32mÔ£ô[39m src/features/dashboard/Dashboard.test.tsx[2m > [22mDashboard[2m > [22mdebe renderizar el Dashboard correctamente[32m 206[2mms[22m[39m
 [32mÔ£ô[39m src/features/mediacion/components/GccCompromisos.test.tsx[2m > [22mGccCompromisos[2m > [22mdeber├¡a deshabilitar bot├│n agregar cuando faltan campos[32m 99[2mms[22m[39m
 [32mÔ£ô[39m src/features/mediacion/components/GccCompromisos.test.tsx[2m > [22mGccCompromisos[2m > [22mdeber├¡a habilitar bot├│n agregar cuando todos los campos est├ín completos[32m 81[2mms[22m[39m
 [31m├ù[39m src/features/mediacion/components/GccCompromisos.test.tsx[2m > [22mGccCompromisos[2m > [22mdeber├¡a actualizar campo descripci├│n del nuevo compromiso[32m 38[2mms[22m[39m
[31m   ÔåÆ Unable to find an element with the placeholder text of: /descripci├│n/i

Ignored nodes: comments, script, style
[36m<body>[31m
  [36m<div>[31m
    [36m<div[31m
      [33mclass[31m=[32m"space-y-6"[31m
    [36m>[31m
      [36m<div[31m
        [33mclass[31m=[32m"flex justify-between items-center"[31m
      [36m>[31m
        [36m<h4[31m
          [33mclass[31m=[32m"text-sm font-black text-slate-900 uppercase tracking-widest flex items-center"[31m
        [36m>[31m
          [36m<svg[31m
            [33maria-hidden[31m=[32m"true"[31m
            [33mclass[31m=[32m"lucide lucide-circle-check-big w-5 h-5 mr-3 text-emerald-600"[31m
            [33mfill[31m=[32m"none"[31m
            [33mheight[31m=[32m"24"[31m
            [33mstroke[31m=[32m"currentColor"[31m
            [33mstroke-linecap[31m=[32m"round"[31m
            [33mstroke-linejoin[31m=[32m"round"[31m
            [33mstroke-width[31m=[32m"2"[31m
            [33mviewBox[31m=[32m"0 0 24 24"[31m
            [33mwidth[31m=[32m"24"[31m
            [33mxmlns[31m=[32m"http://www.w3.org/2000/svg"[31m
          [36m>[31m
            [36m<path[31m
              [33md[31m=[32m"M21.801 10A10 10 0 1 1 17 3.335"[31m
            [36m/>[31m
            [36m<path[31m
              [33md[31m=[32m"m9 11 3 3L22 4"[31m
            [36m/>[31m
          [36m</svg>[31m
          [0mCompromisos Reparatorios[0m
        [36m</h4>[31m
        [36m<span[31m
          [33mclass[31m=[32m"text-[10px] font-black text-emerald-600 bg-emerald-50 px-3 py-1 rounded-full uppercase"[31m
        [36m>[31m
          [0m2[0m
          [0m Definidos[0m
        [36m</span>[31m
      [36m</div>[31m
      [36m<div[31m
        [33mclass[31m=[32m"space-y-4"[31m
      [36m>[31m
        [36m<div[31m
          [33mclass[31m=[32m"flex items-center justify-between p-4 md:p-6 bg-emerald-50/50 border border-emerald-100 rounded-[1.5rem] group hover:bg-emerald-50 transition-all"[31m
        [36m>[31m
          [36m<div[31m
            [33mclass[31m=[32m"flex items-center space-x-6 flex-1"[31m
          [36m>[31m
            [36m<button[31m
              [33mclass[31m=[32m"p-2 rounded-xl border-2 transition-all flex-shrink-0 bg-white border-emerald-200 text-emerald-600 hover:bg-emerald-500 hover:text-white"[31m
            [36m>[31m
              [36m<svg[31m
                [33maria-hidden[31m=[32m"true"[31m
                [33mclass[31m=[32m"lucide lucide-circle-check-big w-4 h-4"[31m
                [33mfill[31m=[32m"none"[31m
                [33mheight[31m=[32m"24"[31m
                [33mstroke[31m=[32m"currentColor"[31m
                [33mstroke-linecap[31m=[32m"round"[31m
                [33mstroke-linejoin[31m=[32m"round"[31m
                [33mstroke-width[31m=[32m"2"[31m
                [33mviewBox[31m=[32m"0 0 24 24"[31m
                [33mwidth[31m=[32m"24"[31m
                [33mxmlns[31m=[32m"http://www.w3.org/2000/svg"[31m
              [36m>[31m
                [36m<path[31m
                  [33md[31m=[32m"M21.801 10A10 10 0 1 1 17 3.335"[31m
                [36m/>[31m
                [36m<path[31m
                  [33md[31m=[32m"m9 11 3 3L22 4"[31m
                [36m/>[31m
              [36m</svg>[31m
            [36m</button>[31m
            [36m<div[31m
              [33mclass[31m=[32m"flex-1 min-w-0"[31m
            [36m>[31m
              [36m<p[31m
                [33mclass[31m=[32m"text-sm font-bold text-slate-800"[31m
              [36m>[31m
                [0mRealizar tarea de reparaci├│n[0m
              [36m</p>[31m
              [36m<div[31m
                [33mclass[31m=[32m"flex items-center mt-1 space-x-4 flex-wrap gap-2"[31m
              [36m>[31m
                [36m<span[31m
                  [33mclass[31m=[32m"text-[10px] font-black text-emerald-600 uppercase flex items-center"[31m
                [36m>[31m
                  [36m<svg[31m
                    [33maria-hidden[31m=[32m"true"[31m
                    [33mclass[31m=[32m"lucide lucide-users w-3 h-3 mr-1.5"[31m
                    [33mfill[31m=[32m"none"[31m
                    [33mheight[31m=[32m"24"[31m
                    [33mstroke[31m=[32m"currentColor"[31m
                    [33mstroke-linecap[31m=[32m"round"[31m
                    [33mstroke-linejoin[31m=[32m"round"[31m
                    [33mstroke-width[31m=[32m"2"[31m
                    [33mviewBox[31m=[32m"0 0 24 24"[31m
                    [33mwidth[31m=[32m"24"[31m
                    [33mxmlns[31m=[32m"http://www.w3.org/2000/svg"[31m
                  [36m>[31m
                    [36m<path[31m
                      [33md[31m=[32m"M16 21v-2a4 4 0 0 0-4-4H6a4 4 0 0 0-4 4v2"[31m
                    [36m/>[31m
                    [36m<path[31m
                      [33md[31m=[32m"M16 3.128a4 4 0 0 1 0 7.744"[31m
                    [36m/>[31m
                    [36m<path[31m
                      [33md[31m=[32m"M22 21v-2a4 4 0 0 0-3-3.87"[31m
                    [36m/>[31m
                    [36m<circle[31m
                      [33mcx[31m=[32m"9"[31m
                      [33mcy[31m=[32m"7"[31m
                      [33mr[31m=[32m"4"[31m
                    [36m/>[31m
                  [36m</svg>[31m
                  [0mEstudiante[0m
                [36m</span>[31m
                [36m<span[31m
                  [33mclass[31m=[32m"text-[10px] font-black text-slate-400 uppercase flex items-center"[31m
                [36m>[31m
                  [36m<svg[31m
                    [33maria-hidden[31m=[32m"true"[31m
                    [33mclass[31m=[32m"lucide lucide-calendar w-3 h-3 mr-1.5"[31m
                    [33mfill[31m=[32m"none"[31m
                    [33mheight[31m=[32m"24"[31m
                    [33mstroke[31m=[32m"currentColor"[31m
                    [33mstroke-linecap[31m=[32m"round"[31m
                    [33mstroke-linejoin[31m=[32m"round"[31m
                    [33mstroke-width[31m=[32m"2"[31m
                    [33mviewBox[31m=[32m"0 0 24 24"[31m
                    [33mwidth[31m=[32m"24"[31m
                    [33mxmlns[31m=[32m"http://www.w3.org/2000/svg"[31m
                  [36m>[31m
                    [36m<path[31m
                      [33md[31m=[32m"M8 2v4"[31m
                    [36m/>[31m
                    [36m<path[31m
                      [33md[31m=[32m"M16 2v4"[31m
                    [36m/>[31m
                    [36m<rect[31m
                      [33mheight[31m=[32m"18"[31m
                      [33mrx[31m=[32m"2"[31m
                      [33mwidth[31m=[32m"18"[31m
                      [33mx[31m=[32m"3"[31m
                      [33my[31m=[32m"4"[31m
                    [36m/>[31m
                    [36m<path[31m
                      [3...[39m
 [32mÔ£ô[39m src/features/mediacion/components/GccCompromisos.test.tsx[2m > [22mGccCompromisos[2m > [22mdeber├¡a mostrar lista vac├¡a cuando no hay compromisos[32m 11[2mms[22m[39m
 [31m├ù[39m src/features/mediacion/components/GccResolucion.test.tsx[2m > [22mGccResolucion[2m > [22mdeber├¡a no mostrar bot├│n "Cierre Exitoso" cuando statusGCC es NO_ACUERDO[32m 63[2mms[22m[39m
[31m   ÔåÆ [2mexpect([22m[31melement[31m[2m).not.toBeInTheDocument()[22m

[31mexpected document not to contain element, found <button
  class="flex-1 py-4 md:py-5 rounded-[1.5rem] font-black text-[10px] uppercase tracking-[0.2em] shadow-xl transition-all flex items-center justify-center space-x-3 active:scale-95 bg-slate-200 text-slate-400 cursor-not-allowed"
  disabled=""
>
  <svg
    aria-hidden="true"
    class="lucide lucide-shield-check w-5 h-5"
    fill="none"
    height="24"
    stroke="currentColor"
    stroke-linecap="round"
    stroke-linejoin="round"
    stroke-width="2"
    viewBox="0 0 24 24"
    width="24"
    xmlns="http://www.w3.org/2000/svg"
  >
    <path
      d="M20 13c0 5-3.5 7.5-7.66 8.95a1 1 0 0 1-.67-.01C7.5 20.5 4 18 4 13V6a1 1 0 0 1 1-1c2 0 4.5-1.2 6.24-2.72a1.17 1.17 0 0 1 1.52 0C14.51 3.81 17 5 19 5a1 1 0 0 1 1 1z"
    />
    <path
      d="m9 12 2 2 4-4"
    />
  </svg>
  <span
    class="leading-tight"
  >
    Cierre Exitoso
    <br />
    por V├¡a Formativa
  </span>
</button> instead[31m[39m
 [32mÔ£ô[39m src/features/mediacion/components/GccResolucion.test.tsx[2m > [22mGccResolucion[2m > [22mdeber├¡a llamar onCierreExitoso cuando se hace clic en el bot├│n de cierre exitoso[32m 43[2mms[22m[39m
 [32mÔ£ô[39m src/features/mediacion/components/GccResolucion.test.tsx[2m > [22mGccResolucion[2m > [22mdeber├¡a renderizar acta con contenido correcto cuando preview est├í activo[32m 12[2mms[22m[39m
 [31m├ù[39m src/features/mediacion/components/WizardModal.test.tsx[2m > [22mWizardModal[2m > [22mdeber├¡a llamar onClose cuando se hace clic en cerrar[33m 380[2mms[22m[39m
[31m   ÔåÆ Unable to find an accessible element with the role "button" and name `/cerrar|close|├ù/i`

Here are the accessible roles:

  heading:

  Name "Asistente de Cierre GCC":
  [36m<h2[31m
    [33mclass[31m=[32m"text-xl md:text-2xl font-black text-slate-900 uppercase tracking-tight"[31m
  [36m/>[31m

  Name "Validaci├│n de Requisitos":
  [36m<h3[31m
    [33mclass[31m=[32m"text-lg font-black text-slate-900 uppercase tracking-tight"[31m
  [36m/>[31m

  Name "Compromisos Registrados":
  [36m<h4[31m
    [33mclass[31m=[32m"font-black text-slate-900 text-sm"[31m
  [36m/>[31m

  Name "Compromisos Completados":
  [36m<h4[31m
    [33mclass[31m=[32m"font-black text-slate-900 text-sm"[31m
  [36m/>[31m

  --------------------------------------------------
  paragraph:

  Name "":
  [36m<p[31m
    [33mclass[31m=[32m"text-[11px] font-bold text-slate-500 mt-1 uppercase tracking-widest"[31m
  [36m/>[31m

  Name "":
  [36m<p[31m
    [33mclass[31m=[32m"text-xs text-slate-600 mt-1"[31m
  [36m/>[31m

  Name "":
  [36m<p[31m
    [33mclass[31m=[32m"text-xs mt-1 text-blue-600"[31m
  [36m/>[31m

  --------------------------------------------------
  button:

  Name "":
  [36m<button[31m
    [33mclass[31m=[32m"p-2 text-slate-400 hover:text-slate-600 transition-colors"[31m
  [36m/>[31m

  Name "Anterior":
  [36m<button[31m
    [33mclass[31m=[32m"flex items-center gap-2 px-6 py-3 rounded-xl font-black text-[10px] uppercase tracking-widest bg-white border-2 border-slate-200 text-slate-600 hover:border-slate-300 transition-all disabled:opacity-50 disabled:cursor-not-allowed"[31m
    [33mdisabled[31m=[32m""[31m
  [36m/>[31m

  Name "Siguiente":
  [36m<button[31m
    [33mclass[31m=[32m"flex-1 flex items-center justify-center gap-2 px-6 py-3 rounded-xl font-black text-[10px] uppercase tracking-widest bg-emerald-600 text-white hover:bg-emerald-700 transition-all disabled:opacity-50 active:scale-95"[31m
  [36m/>[31m

  --------------------------------------------------

Ignored nodes: comments, script, style
[36m<body>[31m
  [36m<div>[31m
    [36m<div[31m
      [33mclass[31m=[32m"fixed inset-0 bg-black/50 flex items-center justify-center z-50 p-4"[31m
    [36m>[31m
      [36m<div[31m
        [33mclass[31m=[32m"bg-white rounded-[2.5rem] border border-slate-200 shadow-2xl w-full max-w-2xl max-h-[90vh] overflow-hidden flex flex-col animate-in zoom-in-95 duration-300"[31m
      [36m>[31m
        [36m<div[31m
          [33mclass[31m=[32m"flex justify-between items-center p-6 md:p-8 border-b border-slate-200 bg-gradient-to-r from-emerald-50 to-blue-50"[31m
        [36m>[31m
          [36m<div>[31m
            [36m<h2[31m
              [33mclass[31m=[32m"text-xl md:text-2xl font-black text-slate-900 uppercase tracking-tight"[31m
            [36m>[31m
              [0mAsistente de Cierre GCC[0m
            [36m</h2>[31m
            [36m<p[31m
              [33mclass[31m=[32m"text-[11px] font-bold text-slate-500 mt-1 uppercase tracking-widest"[31m
            [36m>[31m
              [0mCaso de Prueba[0m
            [36m</p>[31m
          [36m</div>[31m
          [36m<button[31m
            [33mclass[31m=[32m"p-2 text-slate-400 hover:text-slate-600 transition-colors"[31m
          [36m>[31m
            [36m<svg[31m
              [33maria-hidden[31m=[32m"true"[31m
              [33mclass[31m=[32m"lucide lucide-x w-6 h-6"[31m
              [33mfill[31m=[32m"none"[31m
              [33mheight[31m=[32m"24"[31m
              [33mstroke[31m=[32m"currentColor"[31m
              [33mstroke-linecap[31m=[32m"round"[31m
              [33mstroke-linejoin[31m=[32m"round"[31m
              [33mstroke-width[31m=[32m"2"[31m
              [33mviewBox[31m=[32m"0 0 24 24"[31m
              [33mwidth[31m=[32m"24"[31m
              [33mxmlns[31m=[32m"http://www.w3.org/2000/svg"[31m
            [36m>[31m
              [36m<path[31m
                [33md[31m=[32m"M18 6 6 18"[31m
              [36m/>[31m
              [36m<path[31m
                [33md[31m=[32m"m6 6 12 12"[31m
              [36m/>[31m
            [36m</svg>[31m
          [36m</button>[31m
        [36m</div>[31m
        [36m<div[31m
          [33mclass[31m=[32m"px-6 md:px-8 pt-6 pb-4"[31m
        [36m>[31m
          [36m<div[31m
            [33mclass[31m=[32m"flex justify-between items-center gap-2"[31m
          [36m>[31m
            [36m<div[31m
              [33mclass[31m=[32m"flex-1 py-3 px-4 rounded-xl text-center transition-all bg-emerald-600 text-white"[31m
            [36m>[31m
              [36m<div[31m
                [33mclass[31m=[32m"text-[10px] font-black uppercase tracking-widest"[31m
              [36m>[31m
                [0mValidaci├│n[0m
              [36m</div>[31m
            [36m</div>[31m
            [36m<svg[31m
              [33maria-hidden[31m=[32m"true"[31m
              [33mclass[31m=[32m"lucide lucide-chevron-right w-4 h-4 flex-shrink-0 text-slate-300"[31m
              [33mfill[31m=[32m"none"[31m
              [33mheight[31m=[32m"24"[31m
              [33mstroke[31m=[32m"currentColor"[31m
              [33mstroke-linecap[31m=[32m"round"[31m
              [33mstroke-linejoin[31m=[32m"round"[31m
              [33mstroke-width[31m=[32m"2"[31m
              [33mviewBox[31m=[32m"0 0 24 24"[31m
              [33mwidth[31m=[32m"24"[31m
              [33mxmlns[31m=[32m"http://www.w3.org/2000/svg"[31m
            [36m>[31m
              [36m<path[31m
                [33md[31m=[32m"m9 18 6-6-6-6"[31m
              [36m/>[31m
            [36m</svg>[31m
            [36m<div[31m
              [33mclass[31m=[32m"flex-1 py-3 px-4 rounded-xl text-center transition-all bg-slate-200 text-slate-400"[31m
            [36m>[31m
              [36m<div[31m
                [33mclass[31m=[32m"text-[10px] font-black uppercase tracking-widest"[31m
              [36m>[31m
                [0mConfirmaci├│n[0m
              [36m</div>[31m
            [36m</div>[31m
            [36m<svg[31m
              [33maria-hidden[31m=[32m"true"[31m
              [33mclass[31m=[32m"lucide lucide-chevron-right w-4 h-4 flex-shrink-0 text-slate-300"[31m
              [33mfill[31m=[32m"none"[31m
              [33mheight[31m=[32m"24"[31m
              [33mstroke[31m=[32m"currentColor"[31m
              [33mstroke-linecap[31m=[32m"round"[31m
              [33mstroke-linejoin[31m=[32m"round"[31m
              [33mstroke-width[31m=[32m"2"[31m
              [33mviewBox[31m=[32m"0 0 24 24"[31m
              [33mwidth[31m=[32m"24"[31m
              [33mxmlns[31m=[32m"http://www.w3.org/2000/svg"[31m
            [36m>[31m
              [36m<path[31m
                [33md[31m=[32m"m9 18 6-6-6-6"[31m
              [36m/>[31m
            [36m</svg>[31m
            [36m<div[31m
              [33mclass[31m=[32m"flex-1 py-3 px-4 rounded-xl text-center transition-all bg-slate-200 text-slate-400"[31m
            [36m>[31m
              [36m<div[31m
                [33mclass[31m=[32m"text-[10px] font-black uppercase tracking-widest"[31m
              [36m>[31m
                [0mActa[0m
              [36m</div>[31m
            [36m</div>[31m
            [36m<svg[31m
              [33maria-hidden[31m=[32m"true"[31m
              [33mclass[31m=[32m"lucide lucide-chevron-right w-4 h-4 flex-shrink-0 text-slate-300"[31m
              [33mfill[31m=[32m"none"[31m
              [33mheight[31m=[32m"24"[31m
              [33mstroke[31m=[32m"currentColor"[31m
              [33mstroke-linecap[31m=[32m"round"[31m
              [33mstroke-linejoin[31m=[32m"round"[31m
              [33mstroke-width[31m=[32m"2"[31m
              [33mviewBox[31m=[32m"0 0 24 24"[31m
              [33mwidth[31m=[32m"24"[31m
              [33mxmlns[31m=[32m"http://www.w3.org/2000/svg"[31m
            [36m>[31m
              [36m<path[31m
                [33md[31m=[32m"m9 18 6-6-6-6"[31m
              [36m/>[31m
            [36m</svg>[31m
            [36m<div[31m
              [33mclass[31m=[32m"flex-1 py-3 px-4 rounded-xl text-center transition-all bg-slate-200 text-slate-400"[31m
            [36m>[31m
              [36m<div[31m
                [33mclass[31m=[32m"text-[10px] font-black uppercase tracking-widest"[31m
              [36m>[31m
                [0mCierre[0m
              [36m</div>[31m
            [36m</div>[31m
          [36m</div>[31m
        [36m</div>[31m
        [36m<div[31m
          [33mclass[31m=[32m"flex-1 overflow-y-auto px-6 md:px-8 py-6"[31m
        [36m>[31m
          [36m<div[31m
            [33mclass[31m=[32m"space-y-6"[31m
          [36m>[31m
            [36m<h3[31m
              [33mclass[31m=[32m"text-lg font-black text-slate-900 uppercase tracking-tight"[31m
            [36m>[31m
              [0mValidaci├│n de Requisitos[0m
            [36m</h3>[31m
            [36m<div[31m
              [33mclass[31m=[32m"space-y-4"[31m
            [36m>[31m
              [36m<div[31m
                [33mclass[31m=[32m"p-4 border-2 border-emerald-200 bg-emerald-50 rounded-[1.5rem]"[31m
              [36m>[31m
                [36m<div[31m
                  [33mclass[31m=[32m"flex items-start gap-4"[31m
                [36m>[31m
                  [36m<svg[31m
                    [33maria-hidden[31m=[32m"true"[31m
                    [33mclass[31m=[32m"lucide lucide-circle-check-big w-5 h-5 text-emerald-600 flex-shrink-0 mt-1"[31m
                    [33mfill[31m=[32m"none"[31m
                    [33mheight[31m=[32m"24"[31m
                    [33mstroke[31m=[32m"currentColor"[31m
                    [33mstroke-linecap[31m=[32m"round"[31m
                    [33mstroke-linejoin[31m=[32m"round"[31m
                    [33mstroke-width[31m=[32m"2"[31m
                    [33mviewBox[31m=[32m"0 0 24 24"[31m
                    [33mwidth[31m=[32m"24"[31m
                    [33mxmlns[31m=[32m"http://www.w3.org/2000/svg"[31m
                  [36m>[31m
                    [36m<path[31m
                      [33md[31m=[32m"M21.801 10A10 10 0 1 1 17 3.335"[31m
                    [36m/>[31m
                    [36m<path[31m
                      [33md[31m=[32m"m9 11 3 3L22 4"[31m
                    [36m/>[31m
                  [36m</svg>[31m
                  [36m<div[31m
                    [33mclass[31m=[32m"flex-1"[31m
                  [36m>[31m
                    [36m<h4[31m
                      [33mclass[31m=[32m"font-black text-slate-900 text-sm"[31m
                    [36m>[31m
                      [0mCompromisos Registrados[0m
                    [36m</h4>[31m
                    [36m<p[31m
                      [33mclass[31m=[32m"text-xs text-slate-600 mt-1"[31m
                    [36m>[31m
                      [0m5[0m
                      [0m compromisos definidos[0m
                    [36m</p>[31m
                  [36m</div>[31m
                  [36m<span[31m
                    [33mclass[31m=[32m"text-[10px] font-black bg-emerald-600 text-white px-3 py-1 rounded-full uppercase"[31m
                  [36m>[31m
                    [0mÔ£ô Cumple[0m
                  [36m</span>[31m
                [36m</div>[31m
              [36m</div>[31m
              [36m<div[31m
                [33mclass[31m=[32m"p-4 border-2 rounded-[1.5rem] border-blue-200 bg-blue-50"[31m
              [36m>[31m
                [36m<div[31m
                  [33mclass[31m=[32m"flex items-start gap-4"[31m
                [36m>[31m
                  [36m<svg[31m
                    [33maria-hidden[31m=[32m"true"[31m
                    [33mclass[31m=[32m"lucide lucide-circle-check-big w-5 h-5 text-blue-600 flex-shrink-0 mt-1"[31m
                    [33mfill[31m=[32m"none"[31m
                    [33mheight[31m=[32m"24"[31m
                    [33mstroke[31m=[32m"currentColor"[31m
                    [33mstroke-linecap[31m=[32m"round"[31m
                    [33mstroke-linejoin[31m=[32m"round"[31m
                    [33mstroke-width[31m=[32m"2"[31m
                    [33mviewBox[31m=[32m"0 0 24 24"[31m
                    [33mwidth[31m=[32m"24"[31m
                    [33mxmlns[31m=[32m"http://www.w3.org/2000/svg"[31m
                  [36m>[31m
                    [36m<path[31m
                      [33md[31m=[32m"M21.801 10A10 10 0 1 1 17 3.335"[31m
                    [36m/>[31m
                    [36m<path[31m
                      [33md[31m=[32m"m9 11 3 3L22 4"[31m
                    [36m/>[31m
                  [36m</svg>[31m
                  [36m<div[31m
                    [33mclass[31m=[32m"flex-1"[31m
                  [36m>[31m
                    [36m<h4[31m
                      [33mclass[31m=[32m"font-black text-slate-900 text-sm"[31m
                    [36m>[31m
                      [0mCompromisos Completados[0m
                    [36m</h4>[31m
                    [36m<p[31m
                      [33mclass[31m=[32m"text-xs mt-1 text-blue-600"[31m
                    [36m>[31m
                      [0m3[0m
                      [0m de [0m
                      [0m5[0m
                      [0m completados[0m
                    [36m</p>[31m
                  [36m</div>[31m
                [36m</div>[31m
              [36m</div>[31m
              [36m<div[31m
                [33mclass[31m=[32m"p-4 bg-slate-50 border border-slate-200 rounded-[1.5rem] text-[10px] text-slate-600 font-bold uppercase tracking-widest"[31m
              [36m>[31m
                [0mÔôÿ Se recomienda que al menos el 50% de los compromisos est├®n completados[0m
              [36m</div>[31m
            [36m</div>[31m
          [36m</div>[31m
        [36m</div>[31m
        [36m<div[31m
          [33mclass[31m=[32m"flex gap-4 p-6 md:p-8 border-t border-slate-200 bg-slate-50"[31m
        [36m>[31m
          [36m<button[31m
            [33mclass[31m=[32m"flex items-center gap-2 px-6 py-3 rounded-xl font-black text-[10px] uppercase tracking-widest bg-white border-2 border-slate-200 text-slate-600 hover:border-slate-300 transition-all disabled:opacity-50 disabled:cursor-not-allowed"[31m
            [33mdisabled[31m=[32m""[31m
          [36m>[31m
            [36m<svg[31m
              [33maria-hidden[31m=[32m"true"[31m
              [33mclass[31m=[32m"lucide lucide-chevron-left w-4 h-4"[31m
              [33mfill[31m=[32m"none"[31m
              [33mheight[31m=[32m"24"[31m
              [33mstroke[31m=[32m"currentColor"[31m
              [33mstroke-linecap[31m=[32m"round"[31m
              [33mstroke-linejoin[31m=[32m"round"[31m
              [33mstroke-width[31m=[32m"2"[31m
              [33mviewBox[31m=[32m"0 0 24 24"[31m
              [33mwidth[31m=[32m"24"[31m
              [33mxmlns[31m=[32m"http://www.w3.org/2000/svg"[31m
            [36m>[31m
              [36m<path[31m
                [33md[31m=[32m"m15 18-6-6 6-6"[31m
              [36m/>[31m
            [36m</svg>[31m
            [0mAnterior[0m
          [36m</button>[31m
          [36m<button[31m
            [33mclass[31m=[32m"flex-1 flex items-center justify-center gap-2 px-6 py-3 rounded-xl font-black text-[10px] uppercase tracking-widest bg-emerald-600 text-white hover:bg-emerald-700 transition-all disabled:opacity-50 active:scale-95"[31m
          [36m>[31m
            [0mSiguiente[0m
            [36m<svg[31m
              [33maria-hidden[31m=[32m"true"[31m
              [33mclass[31m=[32m"lucide lucide-chevron-right w-4 h-4"[31m
              [33mfill[31m=[32m"none"[31m
              [33mheight[31m=[32m"24"[31m
              [33mstroke[31m=[32m"currentColor"[31m
              [33mstroke-linecap[31m=[32m"round"[31m
              [33mstroke-linejoin[31m=[32m"round"[31m
              [33mstroke-width[31m=[32m"2"[31m
              [33mviewBox[31m=[32m"0 0 24 24"[31m
              [33mwidth[31m=[32m"24"[31m
              [33mxmlns[31m=[32m"http://www.w3.org/2000/svg"[31m
            [36m>[31m
              [36m<path[31m
                [33md[31m=[32m"m9 18 6-6-6-6"[31m
              [36m/>[31m
            [36m</svg>[31m
          [36m</button>[31m
        [36m</div>[31m
      [36m</div>[31m
    [36m</div>[31m
  [36m</div>[31m
[36m</body>[31m[39m
 [31m├ù[39m src/features/mediacion/components/WizardModal.test.tsx[2m > [22mWizardModal[2m > [22mdeber├¡a navegar al siguiente paso[32m 85[2mms[22m[39m
[31m   ÔåÆ Found multiple elements with the text: /Confirmaci├│n/i

Here are the matching elements:

Ignored nodes: comments, script, style
[36m<div[31m
  [33mclass[31m=[32m"text-[10px] font-black uppercase tracking-widest"[31m
[36m>[31m
  [0mConfirmaci├│n[0m
[36m</div>[31m

Ignored nodes: comments, script, style
[36m<h3[31m
  [33mclass[31m=[32m"text-lg font-black text-slate-900 uppercase tracking-tight"[31m
[36m>[31m
  [0mConfirmaci├│n de Datos[0m
[36m</h3>[31m

(If this is intentional, then use the `*AllBy*` variant of the query (like `queryAllByText`, `getAllByText`, or `findAllByText`)).

Ignored nodes: comments, script, style
[36m<body>[31m
  [36m<div>[31m
    [36m<div[31m
      [33mclass[31m=[32m"fixed inset-0 bg-black/50 flex items-center justify-center z-50 p-4"[31m
    [36m>[31m
      [36m<div[31m
        [33mclass[31m=[32m"bg-white rounded-[2.5rem] border border-slate-200 shadow-2xl w-full max-w-2xl max-h-[90vh] overflow-hidden flex flex-col animate-in zoom-in-95 duration-300"[31m
      [36m>[31m
        [36m<div[31m
          [33mclass[31m=[32m"flex justify-between items-center p-6 md:p-8 border-b border-slate-200 bg-gradient-to-r from-emerald-50 to-blue-50"[31m
        [36m>[31m
          [36m<div>[31m
            [36m<h2[31m
              [33mclass[31m=[32m"text-xl md:text-2xl font-black text-slate-900 uppercase tracking-tight"[31m
            [36m>[31m
              [0mAsistente de Cierre GCC[0m
            [36m</h2>[31m
            [36m<p[31m
              [33mclass[31m=[32m"text-[11px] font-bold text-slate-500 mt-1 uppercase tracking-widest"[31m
            [36m>[31m
              [0mCaso de Prueba[0m
            [36m</p>[31m
          [36m</div>[31m
          [36m<button[31m
            [33mclass[31m=[32m"p-2 text-slate-400 hover:text-slate-600 transition-colors"[31m
          [36m>[31m
            [36m<svg[31m
              [33maria-hidden[31m=[32m"true"[31m
              [33mclass[31m=[32m"lucide lucide-x w-6 h-6"[31m
              [33mfill[31m=[32m"none"[31m
              [33mheight[31m=[32m"24"[31m
              [33mstroke[31m=[32m"currentColor"[31m
              [33mstroke-linecap[31m=[32m"round"[31m
              [33mstroke-linejoin[31m=[32m"round"[31m
              [33mstroke-width[31m=[32m"2"[31m
              [33mviewBox[31m=[32m"0 0 24 24"[31m
              [33mwidth[31m=[32m"24"[31m
              [33mxmlns[31m=[32m"http://www.w3.org/2000/svg"[31m
            [36m>[31m
              [36m<path[31m
                [33md[31m=[32m"M18 6 6 18"[31m
              [36m/>[31m
              [36m<path[31m
                [33md[31m=[32m"m6 6 12 12"[31m
              [36m/>[31m
            [36m</svg>[31m
          [36m</button>[31m
        [36m</div>[31m
        [36m<div[31m
          [33mclass[31m=[32m"px-6 md:px-8 pt-6 pb-4"[31m
        [36m>[31m
          [36m<div[31m
            [33mclass[31m=[32m"flex justify-between items-center gap-2"[31m
          [36m>[31m
            [36m<div[31m
              [33mclass[31m=[32m"flex-1 py-3 px-4 rounded-xl text-center transition-all bg-emerald-600 text-white"[31m
            [36m>[31m
              [36m<div[31m
                [33mclass[31m=[32m"text-[10px] font-black uppercase tracking-widest"[31m
              [36m>[31m
                [0mValidaci├│n[0m
              [36m</div>[31m
            [36m</div>[31m
            [36m<svg[31m
              [33maria-hidden[31m=[32m"true"[31m
              [33mclass[31m=[32m"lucide lucide-chevron-right w-4 h-4 flex-shrink-0 text-emerald-600"[31m
              [33mfill[31m=[32m"none"[31m
              [33mheight[31m=[32m"24"[31m
              [33mstroke[31m=[32m"currentColor"[31m
              [33mstroke-linecap[31m=[32m"round"[31m
              [33mstroke-linejoin[31m=[32m"round"[31m
              [33mstroke-width[31m=[32m"2"[31m
              [33mviewBox[31m=[32m"0 0 24 24"[31m
              [33mwidth[31m=[32m"24"[31m
              [33mxmlns[31m=[32m"http://www.w3.org/2000/svg"[31m
            [36m>[31m
              [36m<path[31m
                [33md[31m=[32m"m9 18 6-6-6-6"[31m
              [36m/>[31m
            [36m</svg>[31m
            [36m<div[31m
              [33mclass[31m=[32m"flex-1 py-3 px-4 rounded-xl text-center transition-all bg-emerald-600 text-white"[31m
            [36m>[31m
              [36m<div[31m
                [33mclass[31m=[32m"text-[10px] font-black uppercase tracking-widest"[31m
              [36m>[31m
                [0mConfirmaci├│n[0m
              [36m</div>[31m
            [36m</div>[31m
            [36m<svg[31m
              [33maria-hidden[31m=[32m"true"[31m
              [33mclass[31m=[32m"lucide lucide-chevron-right w-4 h-4 flex-shrink-0 text-slate-300"[31m
              [33mfill[31m=[32m"none"[31m
              [33mheight[31m=[32m"24"[31m
              [33mstroke[31m=[32m"currentColor"[31m
              [33mstroke-linecap[31m=[32m"round"[31m
              [33mstroke-linejoin[31m=[32m"round"[31m
              [33mstroke-width[31m=[32m"2"[31m
              [33mviewBox[31m=[32m"0 0 24 24"[31m
              [33mwidth[31m=[32m"24"[31m
              [33mxmlns[31m=[32m"http://www.w3.org/2000/svg"[31m
            [36m>[31m
              [36m<path[31m
                [33md[31m=[32m"m9 18 6-6-6-6"[31m
              [36m/>[31m
            [36m</svg>[31m
            [36m<div[31m
              [33mclass[31m=[32m"flex-1 py-3 px-4 rounded-xl text-center transition-all bg-slate-200 text-slate-400"[31m
            [36m>[31m
              [36m<div[31m
                [33mclass[31m=[32m"text-[10px] font-black uppercase tracking-widest"[31m
              [36m>[31m
                [0mActa[0m
              [36m</div>[31m
            [36m</div>[31m
            [36m<svg[31m
              [33maria-hidden[31m=[32m"true"[31m
              [33mclass[31m=[32m"lucide lucide-chevron-right w-4 h-4 flex-shrink-0 text-slate-300"[31m
              [33mfill[31m=[32m"none"[31m
              [33mheight[31m=[32m"24"[31m
              [33mstroke[31m=[32m"currentColor"[31m
              [33mstroke-linecap[31m=[32m"round"[31m
              [33mstroke-linejoin[31m=[32m"round"[31m
              [33mstroke-width[31m=[32m"2"[31m
              [33mviewBox[31m=[32m"0 0 24 24"[31m
              [33mwidth[31m=[32m"24"[31m
              [33mxmlns[31m=[32m"http://www.w3.org/2000/svg"[31m
            [36m>[31m
              [36m<path[31m
                [33md[31m=[32m"m9 18 6-6-6-6"[31m
              [36m/>[31m
            [36m</svg>[31m
            [36m<div[31m
              [33mclass[31m=[32m"flex-1 py-3 px-4 rounded-xl text-center transition-all bg-slate-200 text-slate-400"[31m
            [36m>[31m
              [36m<div[31m
                [33mclass[31m=[32m"text-[10px] font-black uppercase tracking-widest"[31m
              [36m>[31m
                [0mCierre[0m
              [36m</div>[31m
            [36m</div>[31m
          [36m</div>[31m
        [36m</div>[31m
        [36m<div[31m
          [33mclass[31m=[32m"flex-1 overflow-y-auto px-6 md:px-8 py-6"[31m
        [36m>[31m
          [36m<div[31m
            [33mclass[31m=[32m"space-y-6"[31m
          [36m>[31m
            [36m<h3[31m
              [33mclass[31m=[32m"text-lg font-black text-slate-900 uppercase tracking-tight"[31m
            [36m>[31m
              [0mConfirmaci├│n de Datos[0m
            [36m</h3>[31m
            [36m<div[31m
              [33mclass[31m=[32m"space-y-4"[31m
            [36m>[31m
              [36m<div[31m
                [33mclass[31m=[32m"p-4 bg-slate-50 border border-slate-200 rounded-[1.5rem]"[31m
              [36m>[31m
                [36m<p[31m
                  [33mclass[31m=[32m"text-[10px] font-black text-slate-500 uppercase tracking-widest mb-2"[31m
                [36m>[31m
                  [0mCaso[0m
                [36m</p>[31m
                [36m<p[31m
                  [33mclass[31m=[32m"text-sm font-black text-slate-900"[31m
                [36m>[31m
                  [0mCaso de Prueba[0m
                [36m</p>[31m
              [36m</div>[31m
              [36m<div[31m
                [33mclass[31m=[32m"p-4 bg-slate-50 border border-slate-200 rounded-[1.5rem]"[31m
              [36m>[31m
                [36m<p[31m
                  [33mclass[31m=[32m"text-[10px] font-black text-slate-500 uppercase tracking-widest mb-2"[31m
                [36m>[31m
                  [0mID Mediaci├│n[0m
                [36m</p>[31m
                [36m<p[31m
                  [33mclass[31m=[32m"text-sm font-mono text-slate-600"[31m
                [36m>[31m
                  [0mmed-001[0m
                [36m</p>[31m
              [36m</div>[31m
              [36m<div[31m
                [33mclass[31m=[32m"p-4 bg-slate-50 border border-slate-200 rounded-[1.5rem]"[31m
              [36m>[31m
                [36m<p[31m
                  [33mclass[31m=[32m"text-[10px] font-black text-slate-500 uppercase tracking-widest mb-2"[31m
                [36m>[31m
                  [0mResumen[0m
                [36m</p>[31m
                [36m<ul[31m
                  [33mclass[31m=[32m"space-y-2 text-xs text-slate-600"[31m
                [36m>[31m
                  [36m<li>[31m
                    [0mÔÇó Total compromisos: [0m
                    [36m<span[31m
                      [33mclass[31m=[32m"font-bold"[31m
                    [36m>[31m
                      [0m5[0m
                    [36m</span>[31m
                  [36m</li>[31m
                  [36m<li>[31m
                    [0mÔÇó Completados: [0m
                    [36m<span[31m
                      [33mclass[31m=[32m"font-bold"[31m
                    [36m>[31m
                      [0m3[0m
                    [36m</span>[31m
                  [36m</li>[31m
                  [36m<li>[31m
                    [0mÔÇó Pendientes: [0m
                    [36m<span[31m
                      [33mclass[31m=[32m"font-bold"[31m
                    [36m>[31m
                      [0m2[0m
                    [36m</span>[31m
                  [36m</li>[31m
                [36m</ul>[31m
              [36m</div>[31m
            [36m</div>[31m
          [36m</div>[31m
        [36m</div>[31m
        [36m<div[31m
          [33mclass[31m=[32m"flex gap-4 p-6 md:p-8 border-t border-slate-200 bg-slate-50"[31m
        [36m>[31m
          [36m<button[31m
            [33mclass[31m=[32m"flex items-center gap-2 px-6 py-3 rounded-xl font-black text-[10px] uppercase tracking-widest bg-white border-2 border-slate-200 text-slate-600 hover:border-slate-300 transition-all disabled:opacity-50 disabled:cursor-not-allowed"[31m
          [36m>[31m
            [36m<svg[31m
              [33maria-hidden[31m=[32m"true"[31m
              [33mclass[31m=[32m"lucide lucide-chevron-left w-4 h-4"[31m
              [33mfill[31m=[32m"none"[31m
              [33mheight[31m=[32m"24"[31m
              [33mstroke[31m=[32m"currentColor"[31m
              [33mstroke-linecap[31m=[32m"round"[31m
              [33mstroke-linejoin[31m=[32m"round"[31m
              [33mstroke-width[31m=[32m"2"[31m
              [33mviewBox[31m=[32m"0 0 24 24"[31m
              [33mwidth[31m=[32m"24"[31m
              [33mxmlns[31m=[32m"http://www.w3.org/2000/svg"[31m
            [36m>[31m
              [36m<path[31m
                [33md[31m=[32m"m15 18-6-6 6-6"[31m
              [36m/>[31m
            [36m</svg>[31m
            [0mAnterior[0m
          [36m</button>[31m
          [36m<button[31m
            [33mclass[31m=[32m"flex-1 flex items-center justify-center gap-2 px-6 py-3 rounded-xl font-black text-[10px] uppercase tracking-widest bg-emerald-600 text-white hover:bg-emerald-700 transition-all disabled:opacity-50 active:scale-95"[31m
          [36m>[31m
            [0mSiguiente[0m
            [36m<svg[31m
              [33maria-hidden[31m=[32m"true"[31m
              [33mclass[31m=[32m"lucide lucide-chevron-right w-4 h-4"[31m
              [33mfill[31m=[32m"none"[31m
              [33mheight[31m=[32m"24"[31m
              [33mstroke[31m=[32m"currentColor"[31m
              [33mstroke-linecap[31m=[32m"round"[31m
              [33mstroke-linejoin[31m=[32m"round"[31m
              [33mstroke-width[31m=[32m"2"[31m
              [33mviewBox[31m=[32m"0 0 24 24"[31m
              [33mwidth[31m=[32m"24"[31m
              [33mxmlns[31m=[32m"http://www.w3.org/2000/svg"[31m
            [36m>[31m
              [36m<path[31m
                [33md[31m=[32m"m9 18 6-6-6-6"[31m
              [36m/>[31m
            [36m</svg>[31m
          [36m</button>[31m
        [36m</div>[31m
      [36m</div>[31m
    [36m</div>[31m
  [36m</div>[31m
[36m</body>[31m[39m
 [32mÔ£ô[39m src/features/expedientes/ExpedienteWizard.test.tsx[2m > [22mExpedienteWizard[2m > [22mdebe renderizar el paso 1 correctamente[32m 183[2mms[22m[39m
 [32mÔ£ô[39m src/features/dashboard/Dashboard.test.tsx[2m > [22mDashboard[2m > [22mdebe mostrar las estad├¡sticas de expedientes[32m 99[2mms[22m[39m
 [32mÔ£ô[39m src/features/dashboard/Dashboard.test.tsx[2m > [22mDashboard[2m > [22mdebe mostrar distribuci├│n por curso[32m 92[2mms[22m[39m
 [31m├ù[39m src/features/mediacion/components/GccResolucion.test.tsx[2m > [22mGccResolucion[2m > [22mdeber├¡a cambiar estado de bot├│n preview cuando activa preview[32m 65[2mms[22m[39m
[31m   ÔåÆ Found multiple elements with the text: /acta de mediaci├│n/i

Here are the matching elements:

Ignored nodes: comments, script, style
[36m<p[31m
  [33mclass[31m=[32m"text-[10px] font-black uppercase tracking-widest text-slate-500"[31m
[36m>[31m
  [0mActa de Mediaci├│n Reparatoria[0m
[36m</p>[31m

Ignored nodes: comments, script, style
[36m<textarea[31m
  [33mclass[31m=[32m"w-full px-4 py-3 bg-white border border-slate-200 rounded-xl text-xs font-mono text-slate-700 focus:outline-none"[31m
  [33mreadonly[31m=[32m""[31m
  [33mrows[31m=[32m"12"[31m
[36m>[31m
  [0m
    ACTA DE MEDIACI├ôN
    Caso: Test Case
    Resultado: LOGRADO
    Fecha: 2025-02-18
  [0m
[36m</textarea>[31m

(If this is intentional, then use the `*AllBy*` variant of the query (like `queryAllByText`, `getAllByText`, or `findAllByText`)).

Ignored nodes: comments, script, style
[36m<body>[31m
  [36m<div>[31m
    [36m<div[31m
      [33mclass[31m=[32m"space-y-6"[31m
    [36m>[31m
      [36m<div[31m
        [33mclass[31m=[32m"mb-10 p-4 md:p-6 rounded-[1.5rem] border border-slate-200 bg-slate-50 animate-in slide-in-from-top-2 duration-300"[31m
      [36m>[31m
        [36m<div[31m
          [33mclass[31m=[32m"flex justify-between items-center mb-4"[31m
        [36m>[31m
          [36m<p[31m
            [33mclass[31m=[32m"text-[10px] font-black uppercase tracking-widest text-slate-500"[31m
          [36m>[31m
            [0mActa de Mediaci├│n Reparatoria[0m
          [36m</p>[31m
          [36m<button[31m
            [33mclass[31m=[32m"text-slate-400 hover:text-slate-600 text-sm font-bold"[31m
          [36m>[31m
            [0mCerrar[0m
          [36m</button>[31m
        [36m</div>[31m
        [36m<textarea[31m
          [33mclass[31m=[32m"w-full px-4 py-3 bg-white border border-slate-200 rounded-xl text-xs font-mono text-slate-700 focus:outline-none"[31m
          [33mreadonly[31m=[32m""[31m
          [33mrows[31m=[32m"12"[31m
        [36m>[31m
          [0m
    ACTA DE MEDIACI├ôN
    Caso: Test Case
    Resultado: LOGRADO
    Fecha: 2025-02-18
  [0m
        [36m</textarea>[31m
        [36m<div[31m
          [33mclass[31m=[32m"mt-4 p-3 bg-emerald-50 border border-emerald-200 rounded-xl text-[9px] text-emerald-700 font-bold uppercase tracking-widest"[31m
        [36m>[31m
          [0mEsta es una vista previa del acta. Revise los compromisos registrados antes de finalizar.[0m
        [36m</div>[31m
      [36m</div>[31m
      [36m<div[31m
        [33mclass[31m=[32m"flex flex-col md:flex-row gap-4 md:gap-6 pt-4 md:pt-6 border-t border-slate-100"[31m
      [36m>[31m
        [36m<button[31m
          [33mclass[31m=[32m"flex-1 py-4 md:py-5 rounded-[1.5rem] bg-white border-2 border-slate-100 text-slate-400 font-black text-[10px] uppercase tracking-widest hover:border-blue-300 hover:text-blue-600 transition-all flex items-center justify-center space-x-3 active:scale-95"[31m
        [36m>[31m
          [36m<svg[31m
            [33maria-hidden[31m=[32m"true"[31m
            [33mclass[31m=[32m"lucide lucide-file-text w-5 h-5"[31m
            [33mfill[31m=[32m"none"[31m
            [33mheight[31m=[32m"24"[31m
            [33mstroke[31m=[32m"currentColor"[31m
            [33mstroke-linecap[31m=[32m"round"[31m
            [33mstroke-linejoin[31m=[32m"round"[31m
            [33mstroke-width[31m=[32m"2"[31m
            [33mviewBox[31m=[32m"0 0 24 24"[31m
            [33mwidth[31m=[32m"24"[31m
            [33mxmlns[31m=[32m"http://www.w3.org/2000/svg"[31m
          [36m>[31m
            [36m<path[31m
              [33md[31m=[32m"M6 22a2 2 0 0 1-2-2V4a2 2 0 0 1 2-2h8a2.4 2.4 0 0 1 1.704.706l3.588 3.588A2.4 2.4 0 0 1 20 8v12a2 2 0 0 1-2 2z"[31m
            [36m/>[31m
            [36m<path[31m
              [33md[31m=[32m"M14 2v5a1 1 0 0 0 1 1h5"[31m
            [36m/>[31m
            [36m<path[31m
              [33md[31m=[32m"M10 9H8"[31m
            [36m/>[31m
            [36m<path[31m
              [33md[31m=[32m"M16 13H8"[31m
            [36m/>[31m
            [36m<path[31m
              [33md[31m=[32m"M16 17H8"[31m
            [36m/>[31m
          [36m</svg>[31m
          [36m<span>[31m
            [0mOcultar Acta[0m
          [36m</span>[31m
        [36m</button>[31m
        [36m<button[31m
          [33mclass[31m=[32m"flex-1 py-4 md:py-5 rounded-[1.5rem] bg-amber-50 border-2 border-amber-200 text-amber-700 font-black text-[10px] uppercase tracking-widest hover:bg-amber-100 transition-all flex items-center justify-center space-x-3 active:scale-95"[31m
        [36m>[31m
          [36m<svg[31m
            [33maria-hidden[31m=[32m"true"[31m
            [33mclass[31m=[32m"lucide lucide-clock w-5 h-5"[31m
            [33mfill[31m=[32m"none"[31m
            [33mheight[31m=[32m"24"[31m
            [33mstroke[31m=[32m"currentColor"[31m
            [33mstroke-linecap[31m=[32m"round"[31m
            [33mstroke-linejoin[31m=[32m"round"[31m
            [33mstroke-width[31m=[32m"2"[31m
            [33mviewBox[31m=[32m"0 0 24 24"[31m
            [33mwidth[31m=[32m"24"[31m
            [33mxmlns[31m=[32m"http://www.w3.org/2000/svg"[31m
          [36m>[31m
            [36m<path[31m
              [33md[31m=[32m"M12 6v6l4 2"[31m
            [36m/>[31m
            [36m<circle[31m
              [33mcx[31m=[32m"12"[31m
              [33mcy[31m=[32m"12"[31m
              [33mr[31m=[32m"10"[31m
            [36m/>[31m
          [36m</svg>[31m
          [36m<span[31m
            [33mclass[31m=[32m"leading-tight"[31m
          [36m>[31m
            [0mSacar de GCC[0m
            [36m<br />[31m
            [0my Continuar[0m
          [36m</span>[31m
        [36m</button>[31m
        [36m<button[31m
          [33mclass[31m=[32m"flex-1 py-4 md:py-5 rounded-[1.5rem] font-black text-[10px] uppercase tracking-[0.2em] shadow-xl transition-all flex items-center justify-center space-x-3 active:scale-95 bg-slate-200 text-slate-400 cursor-not-allowed"[31m
          [33mdisabled[31m=[32m""[31m
        [36m>[31m
          [36m<svg[31m
            [33maria-hidden[31m=[32m"true"[31m
            [33mclass[31m=[32m"lucide lucide-shield-check w-5 h-5"[31m
            [33mfill[31m=[32m"none"[31m
            [33mheight[31m=[32m"24"[31m
            [33mstroke[31m=[32m"currentColor"[31m
            [33mstroke-linecap[31m=[32m"round"[31m
            [33mstroke-linejoin[31m=[32m"round"[31m
            [33mstroke-width[31m=[32m"2"[31m
            [33mviewBox[31m=[32m"0 0 24 24"[31m
            [33mwidth[31m=[32m"24"[31m
            [33mxmlns[31m=[32m"http://www.w3.org/2000/svg"[31m
          [36m>[31m
            [36m<path[31m
              [33md[31m=[32m"M20 13c0 5-3.5 7.5-7.66 8.95a1 1 0 0 1-.67-.01C7.5 20.5 4 18 4 13V6a1 1 0 0 1 1-1c2 0 4.5-1.2 6.24-2.72a1.17 1.17 0 0 1 1.52 0C14.51 3.81 17 5 19 5a1 1 0 0 1 1 1z"[31m
            [36m/>[31m
            [36m<path[31m
              [33md[31m=[32m"m9 12 2 2 4-4"[31m
            [36m/>[31m
          [36m</svg>[31m
          [36m<span[31m
            [33mclass[31m=[32m"leading-tight"[31m
          [36m>[31m
            [0mCierre Exitoso[0m
            [36m<br />[31m
            [0mpor V├¡a Formativa[0m
          [36m</span>[31m
        [36m</button>[31m
      [36m</div>[31m
      [36m<div[31m
        [33mclass[31m=[32m"p-4 bg-blue-50 border border-blue-200 rounded-[1.5rem] text-[10px] text-blue-700 font-bold uppercase tracking-widest"[31m
      [36m>[31m
        [0mÔôÿ El cierre exitoso solo est├í disponible cuando el estado es "LOGRADO"[0m
      [36m</div>[31m
    [36m</div>[31m
  [36m</div>[31m
[36m</body>[31m[39m
 [31m├ù[39m src/features/mediacion/components/GccResolucion.test.tsx[2m > [22mGccResolucion[2m > [22mdeber├¡a permitir m├║ltiples clics en destrabado[32m 104[2mms[22m[39m
[31m   ÔåÆ Unable to find an accessible element with the role "button" and name `/destrabado/i`

Here are the accessible roles:

  button:

  Name "Previsualizar Acta":
  [36m<button[31m
    [33mclass[31m=[32m"flex-1 py-4 md:py-5 rounded-[1.5rem] bg-white border-2 border-slate-100 text-slate-400 font-black text-[10px] uppercase tracking-widest hover:border-blue-300 hover:text-blue-600 transition-all flex items-center justify-center space-x-3 active:scale-95"[31m
  [36m/>[31m

  Name "Sacar de GCCy Continuar":
  [36m<button[31m
    [33mclass[31m=[32m"flex-1 py-4 md:py-5 rounded-[1.5rem] bg-amber-50 border-2 border-amber-200 text-amber-700 font-black text-[10px] uppercase tracking-widest hover:bg-amber-100 transition-all flex items-center justify-center space-x-3 active:scale-95"[31m
  [36m/>[31m

  Name "Cierre Exitosopor V├¡a Formativa":
  [36m<button[31m
    [33mclass[31m=[32m"flex-1 py-4 md:py-5 rounded-[1.5rem] font-black text-[10px] uppercase tracking-[0.2em] shadow-xl transition-all flex items-center justify-center space-x-3 active:scale-95 bg-slate-200 text-slate-400 cursor-not-allowed"[31m
    [33mdisabled[31m=[32m""[31m
  [36m/>[31m

  --------------------------------------------------

Ignored nodes: comments, script, style
[36m<body>[31m
  [36m<div>[31m
    [36m<div[31m
      [33mclass[31m=[32m"space-y-6"[31m
    [36m>[31m
      [36m<div[31m
        [33mclass[31m=[32m"flex flex-col md:flex-row gap-4 md:gap-6 pt-4 md:pt-6 border-t border-slate-100"[31m
      [36m>[31m
        [36m<button[31m
          [33mclass[31m=[32m"flex-1 py-4 md:py-5 rounded-[1.5rem] bg-white border-2 border-slate-100 text-slate-400 font-black text-[10px] uppercase tracking-widest hover:border-blue-300 hover:text-blue-600 transition-all flex items-center justify-center space-x-3 active:scale-95"[31m
        [36m>[31m
          [36m<svg[31m
            [33maria-hidden[31m=[32m"true"[31m
            [33mclass[31m=[32m"lucide lucide-file-text w-5 h-5"[31m
            [33mfill[31m=[32m"none"[31m
            [33mheight[31m=[32m"24"[31m
            [33mstroke[31m=[32m"currentColor"[31m
            [33mstroke-linecap[31m=[32m"round"[31m
            [33mstroke-linejoin[31m=[32m"round"[31m
            [33mstroke-width[31m=[32m"2"[31m
            [33mviewBox[31m=[32m"0 0 24 24"[31m
            [33mwidth[31m=[32m"24"[31m
            [33mxmlns[31m=[32m"http://www.w3.org/2000/svg"[31m
          [36m>[31m
            [36m<path[31m
              [33md[31m=[32m"M6 22a2 2 0 0 1-2-2V4a2 2 0 0 1 2-2h8a2.4 2.4 0 0 1 1.704.706l3.588 3.588A2.4 2.4 0 0 1 20 8v12a2 2 0 0 1-2 2z"[31m
            [36m/>[31m
            [36m<path[31m
              [33md[31m=[32m"M14 2v5a1 1 0 0 0 1 1h5"[31m
            [36m/>[31m
            [36m<path[31m
              [33md[31m=[32m"M10 9H8"[31m
            [36m/>[31m
            [36m<path[31m
              [33md[31m=[32m"M16 13H8"[31m
            [36m/>[31m
            [36m<path[31m
              [33md[31m=[32m"M16 17H8"[31m
            [36m/>[31m
          [36m</svg>[31m
          [36m<span>[31m
            [0mPrevisualizar Acta[0m
          [36m</span>[31m
        [36m</button>[31m
        [36m<button[31m
          [33mclass[31m=[32m"flex-1 py-4 md:py-5 rounded-[1.5rem] bg-amber-50 border-2 border-amber-200 text-amber-700 font-black text-[10px] uppercase tracking-widest hover:bg-amber-100 transition-all flex items-center justify-center space-x-3 active:scale-95"[31m
        [36m>[31m
          [36m<svg[31m
            [33maria-hidden[31m=[32m"true"[31m
            [33mclass[31m=[32m"lucide lucide-clock w-5 h-5"[31m
            [33mfill[31m=[32m"none"[31m
            [33mheight[31m=[32m"24"[31m
            [33mstroke[31m=[32m"currentColor"[31m
            [33mstroke-linecap[31m=[32m"round"[31m
            [33mstroke-linejoin[31m=[32m"round"[31m
            [33mstroke-width[31m=[32m"2"[31m
            [33mviewBox[31m=[32m"0 0 24 24"[31m
            [33mwidth[31m=[32m"24"[31m
            [33mxmlns[31m=[32m"http://www.w3.org/2000/svg"[31m
          [36m>[31m
            [36m<path[31m
              [33md[31m=[32m"M12 6v6l4 2"[31m
            [36m/>[31m
            [36m<circle[31m
              [33mcx[31m=[32m"12"[31m
              [33mcy[31m=[32m"12"[31m
              [33mr[31m=[32m"10"[31m
            [36m/>[31m
          [36m</svg>[31m
          [36m<span[31m
            [33mclass[31m=[32m"leading-tight"[31m
          [36m>[31m
            [0mSacar de GCC[0m
            [36m<br />[31m
            [0my Continuar[0m
          [36m</span>[31m
        [36m</button>[31m
        [36m<button[31m
          [33mclass[31m=[32m"flex-1 py-4 md:py-5 rounded-[1.5rem] font-black text-[10px] uppercase tracking-[0.2em] shadow-xl transition-all flex items-center justify-center space-x-3 active:scale-95 bg-slate-200 text-slate-400 cursor-not-allowed"[31m
          [33mdisabled[31m=[32m""[31m
        [36m>[31m
          [36m<svg[31m
            [33maria-hidden[31m=[32m"true"[31m
            [33mclass[31m=[32m"lucide lucide-shield-check w-5 h-5"[31m
            [33mfill[31m=[32m"none"[31m
            [33mheight[31m=[32m"24"[31m
            [33mstroke[31m=[32m"currentColor"[31m
            [33mstroke-linecap[31m=[32m"round"[31m
            [33mstroke-linejoin[31m=[32m"round"[31m
            [33mstroke-width[31m=[32m"2"[31m
            [33mviewBox[31m=[32m"0 0 24 24"[31m
            [33mwidth[31m=[32m"24"[31m
            [33mxmlns[31m=[32m"http://www.w3.org/2000/svg"[31m
          [36m>[31m
            [36m<path[31m
              [33md[31m=[32m"M20 13c0 5-3.5 7.5-7.66 8.95a1 1 0 0 1-.67-.01C7.5 20.5 4 18 4 13V6a1 1 0 0 1 1-1c2 0 4.5-1.2 6.24-2.72a1.17 1.17 0 0 1 1.52 0C14.51 3.81 17 5 19 5a1 1 0 0 1 1 1z"[31m
            [36m/>[31m
            [36m<path[31m
              [33md[31m=[32m"m9 12 2 2 4-4"[31m
            [36m/>[31m
          [36m</svg>[31m
          [36m<span[31m
            [33mclass[31m=[32m"leading-tight"[31m
          [36m>[31m
            [0mCierre Exitoso[0m
            [36m<br />[31m
            [0mpor V├¡a Formativa[0m
          [36m</span>[31m
        [36m</button>[31m
      [36m</div>[31m
      [36m<div[31m
        [33mclass[31m=[32m"p-4 bg-blue-50 border border-blue-200 rounded-[1.5rem] text-[10px] text-blue-700 font-bold uppercase tracking-widest"[31m
      [36m>[31m
        [0mÔôÿ El cierre exitoso solo est├í disponible cuando el estado es "LOGRADO"[0m
      [36m</div>[31m
    [36m</div>[31m
  [36m</div>[31m
[36m</body>[31m[39m
 [32mÔ£ô[39m src/features/expedientes/ExpedienteWizard.test.tsx[2m > [22mExpedienteWizard[2m > [22mdebe mostrar error si se intenta avanzar sin seleccionar estudiante[33m 418[2mms[22m[39m
 [32mÔ£ô[39m src/features/dashboard/Dashboard.test.tsx[2m > [22mDashboard[2m > [22mdebe abrir el wizard al hacer clic en Nuevo Proceso Legal[32m 87[2mms[22m[39m
 [32mÔ£ô[39m src/features/dashboard/Dashboard.test.tsx[2m > [22mDashboard[2m > [22mdebe filtrar expedientes por t├®rmino de b├║squeda[32m 85[2mms[22m[39m
 [32mÔ£ô[39m src/features/mediacion/components/WizardModal.test.tsx[2m > [22mWizardModal[2m > [22mdeber├¡a validar antes de permitir avance[32m 51[2mms[22m[39m
 [32mÔ£ô[39m src/features/dashboard/Dashboard.test.tsx[2m > [22mDashboard[2m > [22mdebe mostrar estado vac├¡o cuando no hay coincidencias[32m 78[2mms[22m[39m
 [32mÔ£ô[39m src/features/dashboard/Dashboard.test.tsx[2m > [22mDashboard[2m > [22mdebe mostrar ambos expedientes inicialmente[32m 54[2mms[22m[39m
 [31m├ù[39m src/features/mediacion/components/WizardModal.test.tsx[2m > [22mWizardModal[2m > [22mdeber├¡a mostrar bot├│n de completar en ├║ltimo paso[32m 266[2mms[22m[39m
[31m   ÔåÆ Unable to find an accessible element with the role "button" and name `/completar|complete|confirmar/i`

Here are the accessible roles:

  heading:

  Name "Asistente de Cierre GCC":
  [36m<h2[31m
    [33mclass[31m=[32m"text-xl md:text-2xl font-black text-slate-900 uppercase tracking-tight"[31m
  [36m/>[31m

  Name "Confirmaci├│n Final":
  [36m<h3[31m
    [33mclass[31m=[32m"text-lg font-black text-slate-900 uppercase tracking-tight"[31m
  [36m/>[31m

  --------------------------------------------------
  paragraph:

  Name "":
  [36m<p[31m
    [33mclass[31m=[32m"text-[11px] font-bold text-slate-500 mt-1 uppercase tracking-widest"[31m
  [36m/>[31m

  Name "":
  [36m<p[31m
    [33mclass[31m=[32m"text-sm font-black text-slate-900"[31m
  [36m/>[31m

  Name "":
  [36m<p[31m
    [33mclass[31m=[32m"text-[11px] text-slate-700 leading-relaxed"[31m
  [36m/>[31m

  Name "":
  [36m<p />[31m

  Name "":
  [36m<p />[31m

  Name "":
  [36m<p />[31m

  Name "":
  [36m<p />[31m

  --------------------------------------------------
  button:

  Name "":
  [36m<button[31m
    [33mclass[31m=[32m"p-2 text-slate-400 hover:text-slate-600 transition-colors"[31m
  [36m/>[31m

  Name "Anterior":
  [36m<button[31m
    [33mclass[31m=[32m"flex items-center gap-2 px-6 py-3 rounded-xl font-black text-[10px] uppercase tracking-widest bg-white border-2 border-slate-200 text-slate-600 hover:border-slate-300 transition-all disabled:opacity-50 disabled:cursor-not-allowed"[31m
  [36m/>[31m

  Name "Finalizar Cierre":
  [36m<button[31m
    [33mclass[31m=[32m"flex-1 px-6 py-3 rounded-xl font-black text-[10px] uppercase tracking-widest bg-emerald-600 text-white hover:bg-emerald-700 transition-all disabled:opacity-50 active:scale-95"[31m
  [36m/>[31m

  --------------------------------------------------

Ignored nodes: comments, script, style
[36m<body>[31m
  [36m<div>[31m
    [36m<div[31m
      [33mclass[31m=[32m"fixed inset-0 bg-black/50 flex items-center justify-center z-50 p-4"[31m
    [36m>[31m
      [36m<div[31m
        [33mclass[31m=[32m"bg-white rounded-[2.5rem] border border-slate-200 shadow-2xl w-full max-w-2xl max-h-[90vh] overflow-hidden flex flex-col animate-in zoom-in-95 duration-300"[31m
      [36m>[31m
        [36m<div[31m
          [33mclass[31m=[32m"flex justify-between items-center p-6 md:p-8 border-b border-slate-200 bg-gradient-to-r from-emerald-50 to-blue-50"[31m
        [36m>[31m
          [36m<div>[31m
            [36m<h2[31m
              [33mclass[31m=[32m"text-xl md:text-2xl font-black text-slate-900 uppercase tracking-tight"[31m
            [36m>[31m
              [0mAsistente de Cierre GCC[0m
            [36m</h2>[31m
            [36m<p[31m
              [33mclass[31m=[32m"text-[11px] font-bold text-slate-500 mt-1 uppercase tracking-widest"[31m
            [36m>[31m
              [0mCaso de Prueba[0m
            [36m</p>[31m
          [36m</div>[31m
          [36m<button[31m
            [33mclass[31m=[32m"p-2 text-slate-400 hover:text-slate-600 transition-colors"[31m
          [36m>[31m
            [36m<svg[31m
              [33maria-hidden[31m=[32m"true"[31m
              [33mclass[31m=[32m"lucide lucide-x w-6 h-6"[31m
              [33mfill[31m=[32m"none"[31m
              [33mheight[31m=[32m"24"[31m
              [33mstroke[31m=[32m"currentColor"[31m
              [33mstroke-linecap[31m=[32m"round"[31m
              [33mstroke-linejoin[31m=[32m"round"[31m
              [33mstroke-width[31m=[32m"2"[31m
              [33mviewBox[31m=[32m"0 0 24 24"[31m
              [33mwidth[31m=[32m"24"[31m
              [33mxmlns[31m=[32m"http://www.w3.org/2000/svg"[31m
            [36m>[31m
              [36m<path[31m
                [33md[31m=[32m"M18 6 6 18"[31m
              [36m/>[31m
              [36m<path[31m
                [33md[31m=[32m"m6 6 12 12"[31m
              [36m/>[31m
            [36m</svg>[31m
          [36m</button>[31m
        [36m</div>[31m
        [36m<div[31m
          [33mclass[31m=[32m"px-6 md:px-8 pt-6 pb-4"[31m
        [36m>[31m
          [36m<div[31m
            [33mclass[31m=[32m"flex justify-between items-center gap-2"[31m
          [36m>[31m
            [36m<div[31m
              [33mclass[31m=[32m"flex-1 py-3 px-4 rounded-xl text-center transition-all bg-emerald-600 text-white"[31m
            [36m>[31m
              [36m<div[31m
                [33mclass[31m=[32m"text-[10px] font-black uppercase tracking-widest"[31m
              [36m>[31m
                [0mValidaci├│n[0m
              [36m</div>[31m
            [36m</div>[31m
            [36m<svg[31m
              [33maria-hidden[31m=[32m"true"[31m
              [33mclass[31m=[32m"lucide lucide-chevron-right w-4 h-4 flex-shrink-0 text-emerald-600"[31m
              [33mfill[31m=[32m"none"[31m
              [33mheight[31m=[32m"24"[31m
              [33mstroke[31m=[32m"currentColor"[31m
              [33mstroke-linecap[31m=[32m"round"[31m
              [33mstroke-linejoin[31m=[32m"round"[31m
              [33mstroke-width[31m=[32m"2"[31m
              [33mviewBox[31m=[32m"0 0 24 24"[31m
              [33mwidth[31m=[32m"24"[31m
              [33mxmlns[31m=[32m"http://www.w3.org/2000/svg"[31m
            [36m>[31m
              [36m<path[31m
                [33md[31m=[32m"m9 18 6-6-6-6"[31m
              [36m/>[31m
            [36m</svg>[31m
            [36m<div[31m
              [33mclass[31m=[32m"flex-1 py-3 px-4 rounded-xl text-center transition-all bg-emerald-600 text-white"[31m
            [36m>[31m
              [36m<div[31m
                [33mclass[31m=[32m"text-[10px] font-black uppercase tracking-widest"[31m
              [36m>[31m
                [0mConfirmaci├│n[0m
              [36m</div>[31m
            [36m</div>[31m
            [36m<svg[31m
              [33maria-hidden[31m=[32m"true"[31m
              [33mclass[31m=[32m"lucide lucide-chevron-right w-4 h-4 flex-shrink-0 text-emerald-600"[31m
              [33mfill[31m=[32m"none"[31m
              [33mheight[31m=[32m"24"[31m
              [33mstroke[31m=[32m"currentColor"[31m
              [33mstroke-linecap[31m=[32m"round"[31m
              [33mstroke-linejoin[31m=[32m"round"[31m
              [33mstroke-width[31m=[32m"2"[31m
              [33mviewBox[31m=[32m"0 0 24 24"[31m
              [33mwidth[31m=[32m"24"[31m
              [33mxmlns[31m=[32m"http://www.w3.org/2000/svg"[31m
            [36m>[31m
              [36m<path[31m
                [33md[31m=[32m"m9 18 6-6-6-6"[31m
              [36m/>[31m
            [36m</svg>[31m
            [36m<div[31m
              [33mclass[31m=[32m"flex-1 py-3 px-4 rounded-xl text-center transition-all bg-emerald-600 text-white"[31m
            [36m>[31m
              [36m<div[31m
                [33mclass[31m=[32m"text-[10px] font-black uppercase tracking-widest"[31m
              [36m>[31m
                [0mActa[0m
              [36m</div>[31m
            [36m</div>[31m
            [36m<svg[31m
              [33maria-hidden[31m=[32m"true"[31m
              [33mclass[31m=[32m"lucide lucide-chevron-right w-4 h-4 flex-shrink-0 text-emerald-600"[31m
              [33mfill[31m=[32m"none"[31m
              [33mheight[31m=[32m"24"[31m
              [33mstroke[31m=[32m"currentColor"[31m
              [33mstroke-linecap[31m=[32m"round"[31m
              [33mstroke-linejoin[31m=[32m"round"[31m
              [33mstroke-width[31m=[32m"2"[31m
              [33mviewBox[31m=[32m"0 0 24 24"[31m
              [33mwidth[31m=[32m"24"[31m
              [33mxmlns[31m=[32m"http://www.w3.org/2000/svg"[31m
            [36m>[31m
              [36m<path[31m
                [33md[31m=[32m"m9 18 6-6-6-6"[31m
              [36m/>[31m
            [36m</svg>[31m
            [36m<div[31m
              [33mclass[31m=[32m"flex-1 py-3 px-4 rounded-xl text-center transition-all bg-emerald-600 text-white"[31m
            [36m>[31m
              [36m<div[31m
                [33mclass[31m=[32m"text-[10px] font-black uppercase tracking-widest"[31m
              [36m>[31m
                [0mCierre[0m
              [36m</div>[31m
            [36m</div>[31m
          [36m</div>[31m
        [36m</div>[31m
        [36m<div[31m
          [33mclass[31m=[32m"flex-1 overflow-y-auto px-6 md:px-8 py-6"[31m
        [36m>[31m
          [36m<div[31m
            [33mclass[31m=[32m"space-y-6"[31m
          [36m>[31m
            [36m<h3[31m
              [33mclass[31m=[32m"text-lg font-black text-slate-900 uppercase tracking-tight"[31m
            [36m>[31m
              [0mConfirmaci├│n Final[0m
            [36m</h3>[31m
            [36m<div[31m
              [33mclass[31m=[32m"p-6 bg-emerald-50 border-2 border-emerald-200 rounded-[1.5rem] space-y-4"[31m
            [36m>[31m
              [36m<div[31m
                [33mclass[31m=[32m"flex items-center gap-3"[31m
              [36m>[31m
                [36m<svg[31m
                  [33maria-hidden[31m=[32m"true"[31m
                  [33mclass[31m=[32m"lucide lucide-shield w-6 h-6 text-emerald-600"[31m
                  [33mfill[31m=[32m"none"[31m
                  [33mheight[31m=[32m"24"[31m
                  [33mstroke[31m=[32m"currentColor"[31m
                  [33mstroke-linecap[31m=[32m"round"[31m
                  [33mstroke-linejoin[31m=[32m"round"[31m
                  [33mstroke-width[31m=[32m"2"[31m
                  [33mviewBox[31m=[32m"0 0 24 24"[31m
                  [33mwidth[31m=[32m"24"[31m
                  [33mxmlns[31m=[32m"http://www.w3.org/2000/svg"[31m
                [36m>[31m
                  [36m<path[31m
                    [33md[31m=[32m"M20 13c0 5-3.5 7.5-7.66 8.95a1 1 0 0 1-.67-.01C7.5 20.5 4 18 4 13V6a1 1 0 0 1 1-1c2 0 4.5-1.2 6.24-2.72a1.17 1.17 0 0 1 1.52 0C14.51 3.81 17 5 19 5a1 1 0 0 1 1 1z"[31m
                  [36m/>[31m
                [36m</svg>[31m
                [36m<p[31m
                  [33mclass[31m=[32m"text-sm font-black text-slate-900"[31m
                [36m>[31m
                  [0mListo para Cerrar[0m
                [36m</p>[31m
              [36m</div>[31m
              [36m<p[31m
                [33mclass[31m=[32m"text-[11px] text-slate-700 leading-relaxed"[31m
              [36m>[31m
                [0mTodos los requisitos han sido validados. El proceso de mediaci├│n ser├í cerrado formalmente y el expediente disciplinario continuar├í su curso normal.[0m
              [36m</p>[31m
            [36m</div>[31m
            [36m<div[31m
              [33mclass[31m=[32m"space-y-2 text-[10px] text-slate-600 font-bold"[31m
            [36m>[31m
              [36m<p>[31m
                [0mÔ£ô Compromisos validados[0m
              [36m</p>[31m
              [36m<p>[31m
                [0mÔ£ô Acta generada[0m
              [36m</p>[31m
              [36m<p>[31m
                [0mÔ£ô Datos confirmados[0m
              [36m</p>[31m
              [36m<p>[31m
                [0mÔ£ô Listo para finalizar[0m
              [36m</p>[31m
            [36m</div>[31m
          [36m</div>[31m
        [36m</div>[31m
        [36m<div[31m
          [33mclass[31m=[32m"flex gap-4 p-6 md:p-8 border-t border-slate-200 bg-slate-50"[31m
        [36m>[31m
          [36m<button[31m
            [33mclass[31m=[32m"flex items-center gap-2 px-6 py-3 rounded-xl font-black text-[10px] uppercase tracking-widest bg-white border-2 border-slate-200 text-slate-600 hover:border-slate-300 transition-all disabled:opacity-50 disabled:cursor-not-allowed"[31m
          [36m>[31m
            [36m<svg[31m
              [33maria-hidden[31m=[32m"true"[31m
              [33mclass[31m=[32m"lucide lucide-chevron-left w-4 h-4"[31m
              [33mfill[31m=[32m"none"[31m
              [33mheight[31m=[32m"24"[31m
              [33mstroke[31m=[32m"currentColor"[31m
              [33mstroke-linecap[31m=[32m"round"[31m
              [33mstroke-linejoin[31m=[32m"round"[31m
              [33mstroke-width[31m=[32m"2"[31m
              [33mviewBox[31m=[32m"0 0 24 24"[31m
              [33mwidth[31m=[32m"24"[31m
              [33mxmlns[31m=[32m"http://www.w3.org/2000/svg"[31m
            [36m>[31m
              [36m<path[31m
                [33md[31m=[32m"m15 18-6-6 6-6"[31m
              [36m/>[31m
            [36m</svg>[31m
            [0mAnterior[0m
          [36m</button>[31m
          [36m<button[31m
            [33mclass[31m=[32m"flex-1 px-6 py-3 rounded-xl font-black text-[10px] uppercase tracking-widest bg-emerald-600 text-white hover:bg-emerald-700 transition-all disabled:opacity-50 active:scale-95"[31m
          [36m>[31m
            [0mFinalizar Cierre[0m
          [36m</button>[31m
        [36m</div>[31m
      [36m</div>[31m
    [36m</div>[31m
  [36m</div>[31m
[36m</body>[31m[39m
 [32mÔ£ô[39m src/features/expedientes/ExpedienteWizard.test.tsx[2m > [22mExpedienteWizard[2m > [22mdebe mostrar estudiantes del curso seleccionado[32m 241[2mms[22m[39m
 [32mÔ£ô[39m src/features/mediacion/components/WizardModal.test.tsx[2m > [22mWizardModal[2m > [22mdeber├¡a llamar onComplete cuando se completa el wizard[32m 104[2mms[22m[39m
 [32mÔ£ô[39m src/features/mediacion/components/WizardModal.test.tsx[2m > [22mWizardModal[2m > [22mdeber├¡a pasar informaci├│n correcta a onComplete[32m 57[2mms[22m[39m
 [31m├ù[39m src/features/mediacion/components/WizardModal.test.tsx[2m > [22mWizardModal[2m > [22mdeber├¡a mostrar indicador de progreso visual[32m 17[2mms[22m[39m
[31m   ÔåÆ Found multiple elements with the text: /Validaci├│n/i

Here are the matching elements:

Ignored nodes: comments, script, style
[36m<div[31m
  [33mclass[31m=[32m"text-[10px] font-black uppercase tracking-widest"[31m
[36m>[31m
  [0mValidaci├│n[0m
[36m</div>[31m

Ignored nodes: comments, script, style
[36m<h3[31m
  [33mclass[31m=[32m"text-lg font-black text-slate-900 uppercase tracking-tight"[31m
[36m>[31m
  [0mValidaci├│n de Requisitos[0m
[36m</h3>[31m

(If this is intentional, then use the `*AllBy*` variant of the query (like `queryAllByText`, `getAllByText`, or `findAllByText`)).

Ignored nodes: comments, script, style
[36m<body>[31m
  [36m<div>[31m
    [36m<div[31m
      [33mclass[31m=[32m"fixed inset-0 bg-black/50 flex items-center justify-center z-50 p-4"[31m
    [36m>[31m
      [36m<div[31m
        [33mclass[31m=[32m"bg-white rounded-[2.5rem] border border-slate-200 shadow-2xl w-full max-w-2xl max-h-[90vh] overflow-hidden flex flex-col animate-in zoom-in-95 duration-300"[31m
      [36m>[31m
        [36m<div[31m
          [33mclass[31m=[32m"flex justify-between items-center p-6 md:p-8 border-b border-slate-200 bg-gradient-to-r from-emerald-50 to-blue-50"[31m
        [36m>[31m
          [36m<div>[31m
            [36m<h2[31m
              [33mclass[31m=[32m"text-xl md:text-2xl font-black text-slate-900 uppercase tracking-tight"[31m
            [36m>[31m
              [0mAsistente de Cierre GCC[0m
            [36m</h2>[31m
            [36m<p[31m
              [33mclass[31m=[32m"text-[11px] font-bold text-slate-500 mt-1 uppercase tracking-widest"[31m
            [36m>[31m
              [0mCaso de Prueba[0m
            [36m</p>[31m
          [36m</div>[31m
          [36m<button[31m
            [33mclass[31m=[32m"p-2 text-slate-400 hover:text-slate-600 transition-colors"[31m
          [36m>[31m
            [36m<svg[31m
              [33maria-hidden[31m=[32m"true"[31m
              [33mclass[31m=[32m"lucide lucide-x w-6 h-6"[31m
              [33mfill[31m=[32m"none"[31m
              [33mheight[31m=[32m"24"[31m
              [33mstroke[31m=[32m"currentColor"[31m
              [33mstroke-linecap[31m=[32m"round"[31m
              [33mstroke-linejoin[31m=[32m"round"[31m
              [33mstroke-width[31m=[32m"2"[31m
              [33mviewBox[31m=[32m"0 0 24 24"[31m
              [33mwidth[31m=[32m"24"[31m
              [33mxmlns[31m=[32m"http://www.w3.org/2000/svg"[31m
            [36m>[31m
              [36m<path[31m
                [33md[31m=[32m"M18 6 6 18"[31m
              [36m/>[31m
              [36m<path[31m
                [33md[31m=[32m"m6 6 12 12"[31m
              [36m/>[31m
            [36m</svg>[31m
          [36m</button>[31m
        [36m</div>[31m
        [36m<div[31m
          [33mclass[31m=[32m"px-6 md:px-8 pt-6 pb-4"[31m
        [36m>[31m
          [36m<div[31m
            [33mclass[31m=[32m"flex justify-between items-center gap-2"[31m
          [36m>[31m
            [36m<div[31m
              [33mclass[31m=[32m"flex-1 py-3 px-4 rounded-xl text-center transition-all bg-emerald-600 text-white"[31m
            [36m>[31m
              [36m<div[31m
                [33mclass[31m=[32m"text-[10px] font-black uppercase tracking-widest"[31m
              [36m>[31m
                [0mValidaci├│n[0m
              [36m</div>[31m
            [36m</div>[31m
            [36m<svg[31m
              [33maria-hidden[31m=[32m"true"[31m
              [33mclass[31m=[32m"lucide lucide-chevron-right w-4 h-4 flex-shrink-0 text-slate-300"[31m
              [33mfill[31m=[32m"none"[31m
              [33mheight[31m=[32m"24"[31m
              [33mstroke[31m=[32m"currentColor"[31m
              [33mstroke-linecap[31m=[32m"round"[31m
              [33mstroke-linejoin[31m=[32m"round"[31m
              [33mstroke-width[31m=[32m"2"[31m
              [33mviewBox[31m=[32m"0 0 24 24"[31m
              [33mwidth[31m=[32m"24"[31m
              [33mxmlns[31m=[32m"http://www.w3.org/2000/svg"[31m
            [36m>[31m
              [36m<path[31m
                [33md[31m=[32m"m9 18 6-6-6-6"[31m
              [36m/>[31m
            [36m</svg>[31m
            [36m<div[31m
              [33mclass[31m=[32m"flex-1 py-3 px-4 rounded-xl text-center transition-all bg-slate-200 text-slate-400"[31m
            [36m>[31m
              [36m<div[31m
                [33mclass[31m=[32m"text-[10px] font-black uppercase tracking-widest"[31m
              [36m>[31m
                [0mConfirmaci├│n[0m
              [36m</div>[31m
            [36m</div>[31m
            [36m<svg[31m
              [33maria-hidden[31m=[32m"true"[31m
              [33mclass[31m=[32m"lucide lucide-chevron-right w-4 h-4 flex-shrink-0 text-slate-300"[31m
              [33mfill[31m=[32m"none"[31m
              [33mheight[31m=[32m"24"[31m
              [33mstroke[31m=[32m"currentColor"[31m
              [33mstroke-linecap[31m=[32m"round"[31m
              [33mstroke-linejoin[31m=[32m"round"[31m
              [33mstroke-width[31m=[32m"2"[31m
              [33mviewBox[31m=[32m"0 0 24 24"[31m
              [33mwidth[31m=[32m"24"[31m
              [33mxmlns[31m=[32m"http://www.w3.org/2000/svg"[31m
            [36m>[31m
              [36m<path[31m
                [33md[31m=[32m"m9 18 6-6-6-6"[31m
              [36m/>[31m
            [36m</svg>[31m
            [36m<div[31m
              [33mclass[31m=[32m"flex-1 py-3 px-4 rounded-xl text-center transition-all bg-slate-200 text-slate-400"[31m
            [36m>[31m
              [36m<div[31m
                [33mclass[31m=[32m"text-[10px] font-black uppercase tracking-widest"[31m
              [36m>[31m
                [0mActa[0m
              [36m</div>[31m
            [36m</div>[31m
            [36m<svg[31m
              [33maria-hidden[31m=[32m"true"[31m
              [33mclass[31m=[32m"lucide lucide-chevron-right w-4 h-4 flex-shrink-0 text-slate-300"[31m
              [33mfill[31m=[32m"none"[31m
              [33mheight[31m=[32m"24"[31m
              [33mstroke[31m=[32m"currentColor"[31m
              [33mstroke-linecap[31m=[32m"round"[31m
              [33mstroke-linejoin[31m=[32m"round"[31m
              [33mstroke-width[31m=[32m"2"[31m
              [33mviewBox[31m=[32m"0 0 24 24"[31m
              [33mwidth[31m=[32m"24"[31m
              [33mxmlns[31m=[32m"http://www.w3.org/2000/svg"[31m
            [36m>[31m
              [36m<path[31m
                [33md[31m=[32m"m9 18 6-6-6-6"[31m
              [36m/>[31m
            [36m</svg>[31m
            [36m<div[31m
              [33mclass[31m=[32m"flex-1 py-3 px-4 rounded-xl text-center transition-all bg-slate-200 text-slate-400"[31m
            [36m>[31m
              [36m<div[31m
                [33mclass[31m=[32m"text-[10px] font-black uppercase tracking-widest"[31m
              [36m>[31m
                [0mCierre[0m
              [36m</div>[31m
            [36m</div>[31m
          [36m</div>[31m
        [36m</div>[31m
        [36m<div[31m
          [33mclass[31m=[32m"flex-1 overflow-y-auto px-6 md:px-8 py-6"[31m
        [36m>[31m
          [36m<div[31m
            [33mclass[31m=[32m"space-y-6"[31m
          [36m>[31m
            [36m<h3[31m
              [33mclass[31m=[32m"text-lg font-black text-slate-900 uppercase tracking-tight"[31m
            [36m>[31m
              [0mValidaci├│n de Requisitos[0m
            [36m</h3>[31m
            [36m<div[31m
              [33mclass[31m=[32m"space-y-4"[31m
            [36m>[31m
              [36m<div[31m
                [33mclass[31m=[32m"p-4 border-2 border-emerald-200 bg-emerald-50 rounded-[1.5rem]"[31m
              [36m>[31m
                [36m<div[31m
                  [33mclass[31m=[32m"flex items-start gap-4"[31m
                [36m>[31m
                  [36m<svg[31m
                    [33maria-hidden[31m=[32m"true"[31m
                    [33mclass[31m=[32m"lucide lucide-circle-check-big w-5 h-5 text-emerald-600 flex-shrink-0 mt-1"[31m
                    [33mfill[31m=[32m"none"[31m
                    [33mheight[31m=[32m"24"[31m
                    [33mstroke[31m=[32m"currentColor"[31m
                    [33mstroke-linecap[31m=[32m"round"[31m
                    [33mstroke-linejoin[31m=[32m"round"[31m
                    [33mstroke-width[31m=[32m"2"[31m
                    [33mviewBox[31m=[32m"0 0 24 24"[31m
                    [33mwidth[31m=[32m"24"[31m
                    [33mxmlns[31m=[32m"http://www.w3.org/2000/svg"[31m
                  [36m>[31m
                    [36m<path[31m
                      [33md[31m=[32m"M21.801 10A10 10 0 1 1 17 3.335"[31m
                    [36m/>[31m
                    [36m<path[31m
                      [33md[31m=[32m"m9 11 3 3L22 4"[31m
                    [36m/>[31m
                  [36m</svg>[31m
                  [36m<div[31m
                    [33mclass[31m=[32m"flex-1"[31m
                  [36m>[31m
                    [36m<h4[31m
                      [33mclass[31m=[32m"font-black text-slate-900 text-sm"[31m
                    [36m>[31m
                      [0mCompromisos Registrados[0m
                    [36m</h4>[31m
                    [36m<p[31m
                      [33mclass[31m=[32m"text-xs text-slate-600 mt-1"[31m
                    [36m>[31m
                      [0m5[0m
                      [0m compromisos definidos[0m
                    [36m</p>[31m
                  [36m</div>[31m
                  [36m<span[31m
                    [33mclass[31m=[32m"text-[10px] font-black bg-emerald-600 text-white px-3 py-1 rounded-full uppercase"[31m
                  [36m>[31m
                    [0mÔ£ô Cumple[0m
                  [36m</span>[31m
                [36m</div>[31m
              [36m</div>[31m
              [36m<div[31m
                [33mclass[31m=[32m"p-4 border-2 rounded-[1.5rem] border-blue-200 bg-blue-50"[31m
              [36m>[31m
                [36m<div[31m
                  [33mclass[31m=[32m"flex items-start gap-4"[31m
                [36m>[31m
                  [36m<svg[31m
                    [33maria-hidden[31m=[32m"true"[31m
                    [33mclass[31m=[32m"lucide lucide-circle-check-big w-5 h-5 text-blue-600 flex-shrink-0 mt-1"[31m
                    [33mfill[31m=[32m"none"[31m
                    [33mheight[31m=[32m"24"[31m
                    [33mstroke[31m=[32m"currentColor"[31m
                    [33mstroke-linecap[31m=[32m"round"[31m
                    [33mstroke-linejoin[31m=[32m"round"[31m
                    [33mstroke-width[31m=[32m"2"[31m
                    [33mviewBox[31m=[32m"0 0 24 24"[31m
                    [33mwidth[31m=[32m"24"[31m
                    [33mxmlns[31m=[32m"http://www.w3.org/2000/svg"[31m
                  [36m>[31m
                    [36m<path[31m
                      [33md[31m=[32m"M21.801 10A10 10 0 1 1 17 3.335"[31m
                    [36m/>[31m
                    [36m<path[31m
                      [33md[31m=[32m"m9 11 3 3L22 4"[31m
                    [36m/>[31m
                  [36m</svg>[31m
                  [36m<div[31m
                    [33mclass[31m=[32m"flex-1"[31m
                  [36m>[31m
                    [36m<h4[31m
                      [33mclass[31m=[32m"font-black text-slate-900 text-sm"[31m
                    [36m>[31m
                      [0mCompromisos Completados[0m
                    [36m</h4>[31m
                    [36m<p[31m
                      [33mclass[31m=[32m"text-xs mt-1 text-blue-600"[31m
                    [36m>[31m
                      [0m3[0m
                      [0m de [0m
                      [0m5[0m
                      [0m completados[0m
                    [36m</p>[31m
                  [36m</div>[31m
                [36m</div>[31m
              [36m</div>[31m
              [36m<div[31m
                [33mclass[31m=[32m"p-4 bg-slate-50 border border-slate-200 rounded-[1.5rem] text-[10px] text-slate-600 font-bold uppercase tracking-widest"[31m
              [36m>[31m
                [0mÔôÿ Se recomienda que al menos el 50% de los compromisos est├®n completados[0m
              [36m</div>[31m
            [36m</div>[31m
          [36m</div>[31m
        [36m</div>[31m
        [36m<div[31m
          [33mclass[31m=[32m"flex gap-4 p-6 md:p-8 border-t border-slate-200 bg-slate-50"[31m
        [36m>[31m
          [36m<button[31m
            [33mclass[31m=[32m"flex items-center gap-2 px-6 py-3 rounded-xl font-black text-[10px] uppercase tracking-widest bg-white border-2 border-slate-200 text-slate-600 hover:border-slate-300 transition-all disabled:opacity-50 disabled:cursor-not-allowed"[31m
            [33mdisabled[31m=[32m""[31m
          [36m>[31m
            [36m<svg[31m
              [33maria-hidden[31m=[32m"true"[31m
              [33mclass[31m=[32m"lucide lucide-chevron-left w-4 h-4"[31m
              [33mfill[31m=[32m"none"[31m
              [33mheight[31m=[32m"24"[31m
              [33mstroke[31m=[32m"currentColor"[31m
              [33mstroke-linecap[31m=[32m"round"[31m
              [33mstroke-linejoin[31m=[32m"round"[31m
              [33mstroke-width[31m=[32m"2"[31m
              [33mviewBox[31m=[32m"0 0 24 24"[31m
              [33mwidth[31m=[32m"24"[31m
              [33mxmlns[31m=[32m"http://www.w3.org/2000/svg"[31m
            [36m>[31m
              [36m<path[31m
                [33md[31m=[32m"m15 18-6-6 6-6"[31m
              [36m/>[31m
            [36m</svg>[31m
            [0mAnterior[0m
          [36m</button>[31m
          [36m<button[31m
            [33mclass[31m=[32m"flex-1 flex items-center justify-center gap-2 px-6 py-3 rounded-xl font-black text-[10px] uppercase tracking-widest bg-emerald-600 text-white hover:bg-emerald-700 transition-all disabled:opacity-50 active:scale-95"[31m
          [36m>[31m
            [0mSiguiente[0m
            [36m<svg[31m
              [33maria-hidden[31m=[32m"true"[31m
              [33mclass[31m=[32m"lucide lucide-chevron-right w-4 h-4"[31m
              [33mfill[31m=[32m"none"[31m
              [33mheight[31m=[32m"24"[31m
              [33mstroke[31m=[32m"currentColor"[31m
              [33mstroke-linecap[31m=[32m"round"[31m
              [33mstroke-linejoin[31m=[32m"round"[31m
              [33mstroke-width[31m=[32m"2"[31m
              [33mviewBox[31m=[32m"0 0 24 24"[31m
              [33mwidth[31m=[32m"24"[31m
              [33mxmlns[31m=[32m"http://www.w3.org/2000/svg"[31m
            [36m>[31m
              [36m<path[31m
                [33md[31m=[32m"m9 18 6-6-6-6"[31m
              [36m/>[31m
            [36m</svg>[31m
          [36m</button>[31m
        [36m</div>[31m
      [36m</div>[31m
    [36m</div>[31m
  [36m</div>[31m
[36m</body>[31m[39m
 [32mÔ£ô[39m src/features/mediacion/components/WizardModal.test.tsx[2m > [22mWizardModal[2m > [22mdeber├¡a manejar mediacionId diferente[32m 13[2mms[22m[39m
 [31m├ù[39m src/features/mediacion/components/WizardModal.test.tsx[2m > [22mWizardModal[2m > [22mdeber├¡a permitir cerrar en cualquier paso[32m 237[2mms[22m[39m
[31m   ÔåÆ Unable to find an accessible element with the role "button" and name `/cerrar|close|├ù/i`

Here are the accessible roles:

  heading:

  Name "Asistente de Cierre GCC":
  [36m<h2[31m
    [33mclass[31m=[32m"text-xl md:text-2xl font-black text-slate-900 uppercase tracking-tight"[31m
  [36m/>[31m

  Name "Confirmaci├│n de Datos":
  [36m<h3[31m
    [33mclass[31m=[32m"text-lg font-black text-slate-900 uppercase tracking-tight"[31m
  [36m/>[31m

  --------------------------------------------------
  paragraph:

  Name "":
  [36m<p[31m
    [33mclass[31m=[32m"text-[11px] font-bold text-slate-500 mt-1 uppercase tracking-widest"[31m
  [36m/>[31m

  Name "":
  [36m<p[31m
    [33mclass[31m=[32m"text-[10px] font-black text-slate-500 uppercase tracking-widest mb-2"[31m
  [36m/>[31m

  Name "":
  [36m<p[31m
    [33mclass[31m=[32m"text-sm font-black text-slate-900"[31m
  [36m/>[31m

  Name "":
  [36m<p[31m
    [33mclass[31m=[32m"text-[10px] font-black text-slate-500 uppercase tracking-widest mb-2"[31m
  [36m/>[31m

  Name "":
  [36m<p[31m
    [33mclass[31m=[32m"text-sm font-mono text-slate-600"[31m
  [36m/>[31m

  Name "":
  [36m<p[31m
    [33mclass[31m=[32m"text-[10px] font-black text-slate-500 uppercase tracking-widest mb-2"[31m
  [36m/>[31m

  --------------------------------------------------
  button:

  Name "":
  [36m<button[31m
    [33mclass[31m=[32m"p-2 text-slate-400 hover:text-slate-600 transition-colors"[31m
  [36m/>[31m

  Name "Anterior":
  [36m<button[31m
    [33mclass[31m=[32m"flex items-center gap-2 px-6 py-3 rounded-xl font-black text-[10px] uppercase tracking-widest bg-white border-2 border-slate-200 text-slate-600 hover:border-slate-300 transition-all disabled:opacity-50 disabled:cursor-not-allowed"[31m
  [36m/>[31m

  Name "Siguiente":
  [36m<button[31m
    [33mclass[31m=[32m"flex-1 flex items-center justify-center gap-2 px-6 py-3 rounded-xl font-black text-[10px] uppercase tracking-widest bg-emerald-600 text-white hover:bg-emerald-700 transition-all disabled:opacity-50 active:scale-95"[31m
  [36m/>[31m

  --------------------------------------------------
  list:

  Name "":
  [36m<ul[31m
    [33mclass[31m=[32m"space-y-2 text-xs text-slate-600"[31m
  [36m/>[31m

  --------------------------------------------------
  listitem:

  Name "":
  [36m<li />[31m

  Name "":
  [36m<li />[31m

  Name "":
  [36m<li />[31m

  --------------------------------------------------

Ignored nodes: comments, script, style
[36m<body>[31m
  [36m<div>[31m
    [36m<div[31m
      [33mclass[31m=[32m"fixed inset-0 bg-black/50 flex items-center justify-center z-50 p-4"[31m
    [36m>[31m
      [36m<div[31m
        [33mclass[31m=[32m"bg-white rounded-[2.5rem] border border-slate-200 shadow-2xl w-full max-w-2xl max-h-[90vh] overflow-hidden flex flex-col animate-in zoom-in-95 duration-300"[31m
      [36m>[31m
        [36m<div[31m
          [33mclass[31m=[32m"flex justify-between items-center p-6 md:p-8 border-b border-slate-200 bg-gradient-to-r from-emerald-50 to-blue-50"[31m
        [36m>[31m
          [36m<div>[31m
            [36m<h2[31m
              [33mclass[31m=[32m"text-xl md:text-2xl font-black text-slate-900 uppercase tracking-tight"[31m
            [36m>[31m
              [0mAsistente de Cierre GCC[0m
            [36m</h2>[31m
            [36m<p[31m
              [33mclass[31m=[32m"text-[11px] font-bold text-slate-500 mt-1 uppercase tracking-widest"[31m
            [36m>[31m
              [0mCaso de Prueba[0m
            [36m</p>[31m
          [36m</div>[31m
          [36m<button[31m
            [33mclass[31m=[32m"p-2 text-slate-400 hover:text-slate-600 transition-colors"[31m
          [36m>[31m
            [36m<svg[31m
              [33maria-hidden[31m=[32m"true"[31m
              [33mclass[31m=[32m"lucide lucide-x w-6 h-6"[31m
              [33mfill[31m=[32m"none"[31m
              [33mheight[31m=[32m"24"[31m
              [33mstroke[31m=[32m"currentColor"[31m
              [33mstroke-linecap[31m=[32m"round"[31m
              [33mstroke-linejoin[31m=[32m"round"[31m
              [33mstroke-width[31m=[32m"2"[31m
              [33mviewBox[31m=[32m"0 0 24 24"[31m
              [33mwidth[31m=[32m"24"[31m
              [33mxmlns[31m=[32m"http://www.w3.org/2000/svg"[31m
            [36m>[31m
              [36m<path[31m
                [33md[31m=[32m"M18 6 6 18"[31m
              [36m/>[31m
              [36m<path[31m
                [33md[31m=[32m"m6 6 12 12"[31m
              [36m/>[31m
            [36m</svg>[31m
          [36m</button>[31m
        [36m</div>[31m
        [36m<div[31m
          [33mclass[31m=[32m"px-6 md:px-8 pt-6 pb-4"[31m
        [36m>[31m
          [36m<div[31m
            [33mclass[31m=[32m"flex justify-between items-center gap-2"[31m
          [36m>[31m
            [36m<div[31m
              [33mclass[31m=[32m"flex-1 py-3 px-4 rounded-xl text-center transition-all bg-emerald-600 text-white"[31m
            [36m>[31m
              [36m<div[31m
                [33mclass[31m=[32m"text-[10px] font-black uppercase tracking-widest"[31m
              [36m>[31m
                [0mValidaci├│n[0m
              [36m</div>[31m
            [36m</div>[31m
            [36m<svg[31m
              [33maria-hidden[31m=[32m"true"[31m
              [33mclass[31m=[32m"lucide lucide-chevron-right w-4 h-4 flex-shrink-0 text-emerald-600"[31m
              [33mfill[31m=[32m"none"[31m
              [33mheight[31m=[32m"24"[31m
              [33mstroke[31m=[32m"currentColor"[31m
              [33mstroke-linecap[31m=[32m"round"[31m
              [33mstroke-linejoin[31m=[32m"round"[31m
              [33mstroke-width[31m=[32m"2"[31m
              [33mviewBox[31m=[32m"0 0 24 24"[31m
              [33mwidth[31m=[32m"24"[31m
              [33mxmlns[31m=[32m"http://www.w3.org/2000/svg"[31m
            [36m>[31m
              [36m<path[31m
                [33md[31m=[32m"m9 18 6-6-6-6"[31m
              [36m/>[31m
            [36m</svg>[31m
            [36m<div[31m
              [33mclass[31m=[32m"flex-1 py-3 px-4 rounded-xl text-center transition-all bg-emerald-600 text-white"[31m
            [36m>[31m
              [36m<div[31m
                [33mclass[31m=[32m"text-[10px] font-black uppercase tracking-widest"[31m
              [36m>[31m
                [0mConfirmaci├│n[0m
              [36m</div>[31m
            [36m</div>[31m
            [36m<svg[31m
              [33maria-hidden[31m=[32m"true"[31m
              [33mclass[31m=[32m"lucide lucide-chevron-right w-4 h-4 flex-shrink-0 text-slate-300"[31m
              [33mfill[31m=[32m"none"[31m
              [33mheight[31m=[32m"24"[31m
              [33mstroke[31m=[32m"currentColor"[31m
              [33mstroke-linecap[31m=[32m"round"[31m
              [33mstroke-linejoin[31m=[32m"round"[31m
              [33mstroke-width[31m=[32m"2"[31m
              [33mviewBox[31m=[32m"0 0 24 24"[31m
              [33mwidth[31m=[32m"24"[31m
              [33mxmlns[31m=[32m"http://www.w3.org/2000/svg"[31m
            [36m>[31m
              [36m<path[31m
                [33md[31m=[32m"m9 18 6-6-6-6"[31m
              [36m/>[31m
            [36m</svg>[31m
            [36m<div[31m
              [33mclass[31m=[32m"flex-1 py-3 px-4 rounded-xl text-center transition-all bg-slate-200 text-slate-400"[31m
            [36m>[31m
              [36m<div[31m
                [33mclass[31m=[32m"text-[10px] font-black uppercase tracking-widest"[31m
              [36m>[31m
                [0mActa[0m
              [36m</div>[31m
            [36m</div>[31m
            [36m<svg[31m
              [33maria-hidden[31m=[32m"true"[31m
              [33mclass[31m=[32m"lucide lucide-chevron-right w-4 h-4 flex-shrink-0 text-slate-300"[31m
              [33mfill[31m=[32m"none"[31m
              [33mheight[31m=[32m"24"[31m
              [33mstroke[31m=[32m"currentColor"[31m
              [33mstroke-linecap[31m=[32m"round"[31m
              [33mstroke-linejoin[31m=[32m"round"[31m
              [33mstroke-width[31m=[32m"2"[31m
              [33mviewBox[31m=[32m"0 0 24 24"[31m
              [33mwidth[31m=[32m"24"[31m
              [33mxmlns[31m=[32m"http://www.w3.org/2000/svg"[31m
            [36m>[31m
              [36m<path[31m
                [33md[31m=[32m"m9 18 6-6-6-6"[31m
              [36m/>[31m
            [36m</svg>[31m
            [36m<div[31m
              [33mclass[31m=[32m"flex-1 py-3 px-4 rounded-xl text-center transition-all bg-slate-200 text-slate-400"[31m
            [36m>[31m
              [36m<div[31m
                [33mclass[31m=[32m"text-[10px] font-black uppercase tracking-widest"[31m
              [36m>[31m
                [0mCierre[0m
              [36m</div>[31m
            [36m</div>[31m
          [36m</div>[31m
        [36m</div>[31m
        [36m<div[31m
          [33mclass[31m=[32m"flex-1 overflow-y-auto px-6 md:px-8 py-6"[31m
        [36m>[31m
          [36m<div[31m
            [33mclass[31m=[32m"space-y-6"[31m
          [36m>[31m
            [36m<h3[31m
              [33mclass[31m=[32m"text-lg font-black text-slate-900 uppercase tracking-tight"[31m
            [36m>[31m
              [0mConfirmaci├│n de Datos[0m
            [36m</h3>[31m
            [36m<div[31m
              [33mclass[31m=[32m"space-y-4"[31m
            [36m>[31m
              [36m<div[31m
                [33mclass[31m=[32m"p-4 bg-slate-50 border border-slate-200 rounded-[1.5rem]"[31m
              [36m>[31m
                [36m<p[31m
                  [33mclass[31m=[32m"text-[10px] font-black text-slate-500 uppercase tracking-widest mb-2"[31m
                [36m>[31m
                  [0mCaso[0m
                [36m</p>[31m
                [36m<p[31m
                  [33mclass[31m=[32m"text-sm font-black text-slate-900"[31m
                [36m>[31m
                  [0mCaso de Prueba[0m
                [36m</p>[31m
              [36m</div>[31m
              [36m<div[31m
                [33mclass[31m=[32m"p-4 bg-slate-50 border border-slate-200 rounded-[1.5rem]"[31m
              [36m>[31m
                [36m<p[31m
                  [33mclass[31m=[32m"text-[10px] font-black text-slate-500 uppercase tracking-widest mb-2"[31m
                [36m>[31m
                  [0mID Mediaci├│n[0m
                [36m</p>[31m
                [36m<p[31m
                  [33mclass[31m=[32m"text-sm font-mono text-slate-600"[31m
                [36m>[31m
                  [0mmed-001[0m
                [36m</p>[31m
              [36m</div>[31m
              [36m<div[31m
                [33mclass[31m=[32m"p-4 bg-slate-50 border border-slate-200 rounded-[1.5rem]"[31m
              [36m>[31m
                [36m<p[31m
                  [33mclass[31m=[32m"text-[10px] font-black text-slate-500 uppercase tracking-widest mb-2"[31m
                [36m>[31m
                  [0mResumen[0m
                [36m</p>[31m
                [36m<ul[31m
                  [33mclass[31m=[32m"space-y-2 text-xs text-slate-600"[31m
                [36m>[31m
                  [36m<li>[31m
                    [0mÔÇó Total compromisos: [0m
                    [36m<span[31m
                      [33mclass[31m=[32m"font-bold"[31m
                    [36m>[31m
                      [0m5[0m
                    [36m</span>[31m
                  [36m</li>[31m
                  [36m<li>[31m
                    [0mÔÇó Completados: [0m
                    [36m<span[31m
                      [33mclass[31m=[32m"font-bold"[31m
                    [36m>[31m
                      [0m3[0m
                    [36m</span>[31m
                  [36m</li>[31m
                  [36m<li>[31m
                    [0mÔÇó Pendientes: [0m
                    [36m<span[31m
                      [33mclass[31m=[32m"font-bold"[31m
                    [36m>[31m
                      [0m2[0m
                    [36m</span>[31m
                  [36m</li>[31m
                [36m</ul>[31m
              [36m</div>[31m
            [36m</div>[31m
          [36m</div>[31m
        [36m</div>[31m
        [36m<div[31m
          [33mclass[31m=[32m"flex gap-4 p-6 md:p-8 border-t border-slate-200 bg-slate-50"[31m
        [36m>[31m
          [36m<button[31m
            [33mclass[31m=[32m"flex items-center gap-2 px-6 py-3 rounded-xl font-black text-[10px] uppercase tracking-widest bg-white border-2 border-slate-200 text-slate-600 hover:border-slate-300 transition-all disabled:opacity-50 disabled:cursor-not-allowed"[31m
          [36m>[31m
            [36m<svg[31m
              [33maria-hidden[31m=[32m"true"[31m
              [33mclass[31m=[32m"lucide lucide-chevron-left w-4 h-4"[31m
              [33mfill[31m=[32m"none"[31m
              [33mheight[31m=[32m"24"[31m
              [33mstroke[31m=[32m"currentColor"[31m
              [33mstroke-linecap[31m=[32m"round"[31m
              [33mstroke-linejoin[31m=[32m"round"[31m
              [33mstroke-width[31m=[32m"2"[31m
              [33mviewBox[31m=[32m"0 0 24 24"[31m
              [33mwidth[31m=[32m"24"[31m
              [33mxmlns[31m=[32m"http://www.w3.org/2000/svg"[31m
            [36m>[31m
              [36m<path[31m
                [33md[31m=[32m"m15 18-6-6 6-6"[31m
              [36m/>[31m
            [36m</svg>[31m
            [0mAnterior[0m
          [36m</button>[31m
          [36m<button[31m
            [33mclass[31m=[32m"flex-1 flex items-center justify-center gap-2 px-6 py-3 rounded-xl font-black text-[10px] uppercase tracking-widest bg-emerald-600 text-white hover:bg-emerald-700 transition-all disabled:opacity-50 active:scale-95"[31m
          [36m>[31m
            [0mSiguiente[0m
            [36m<svg[31m
              [33maria-hidden[31m=[32m"true"[31m
              [33mclass[31m=[32m"lucide lucide-chevron-right w-4 h-4"[31m
              [33mfill[31m=[32m"none"[31m
              [33mheight[31m=[32m"24"[31m
              [33mstroke[31m=[32m"currentColor"[31m
              [33mstroke-linecap[31m=[32m"round"[31m
              [33mstroke-linejoin[31m=[32m"round"[31m
              [33mstroke-width[31m=[32m"2"[31m
              [33mviewBox[31m=[32m"0 0 24 24"[31m
              [33mwidth[31m=[32m"24"[31m
              [33mxmlns[31m=[32m"http://www.w3.org/2000/svg"[31m
            [36m>[31m
              [36m<path[31m
                [33md[31m=[32m"m9 18 6-6-6-6"[31m
              [36m/>[31m
            [36m</svg>[31m
          [36m</button>[31m
        [36m</div>[31m
      [36m</div>[31m
    [36m</div>[31m
  [36m</div>[31m
[36m</body>[31m[39m
 [32mÔ£ô[39m src/features/expedientes/ExpedienteWizard.test.tsx[2m > [22mExpedienteWizard[2m > [22mdebe permitir avanzar cuando se completan los campos requeridos del paso 1[33m 408[2mms[22m[39m
 [32mÔ£ô[39m src/features/expedientes/ExpedienteWizard.test.tsx[2m > [22mExpedienteWizard[2m > [22mdebe filtrar correctamente por diferentes cursos[32m 258[2mms[22m[39m

ÔÄ»ÔÄ»ÔÄ»ÔÄ»ÔÄ»ÔÄ» Failed Tests 16 ÔÄ»ÔÄ»ÔÄ»ÔÄ»ÔÄ»ÔÄ»ÔÄ»

 FAIL  src/features/mediacion/components/GccCompromisos.test.tsx > GccCompromisos > deber├¡a mostrar responsable y fecha de cada compromiso
TestingLibraryElementError: Found multiple elements with the text: Estudiante

Here are the matching elements:

Ignored nodes: comments, script, style
<span
  class="text-[10px] font-black text-emerald-600 uppercase flex items-center"
>
  <svg
    aria-hidden="true"
    class="lucide lucide-users w-3 h-3 mr-1.5"
    fill="none"
    height="24"
    stroke="currentColor"
    stroke-linecap="round"
    stroke-linejoin="round"
    stroke-width="2"
    viewBox="0 0 24 24"
    width="24"
    xmlns="http://www.w3.org/2000/svg"
  >
    <path
      d="M16 21v-2a4 4 0 0 0-4-4H6a4 4 0 0 0-4 4v2"
    />
    <path
      d="M16 3.128a4 4 0 0 1 0 7.744"
    />
    <path
      d="M22 21v-2a4 4 0 0 0-3-3.87"
    />
    <circle
      cx="9"
      cy="7"
      r="4"
    />
  </svg>
  Estudiante
</span>

Ignored nodes: comments, script, style
<span
  class="text-[10px] font-black text-emerald-600 uppercase flex items-center"
>
  <svg
    aria-hidden="true"
    class="lucide lucide-users w-3 h-3 mr-1.5"
    fill="none"
    height="24"
    stroke="currentColor"
    stroke-linecap="round"
    stroke-linejoin="round"
    stroke-width="2"
    viewBox="0 0 24 24"
    width="24"
    xmlns="http://www.w3.org/2000/svg"
  >
    <path
      d="M16 21v-2a4 4 0 0 0-4-4H6a4 4 0 0 0-4 4v2"
    />
    <path
      d="M16 3.128a4 4 0 0 1 0 7.744"
    />
    <path
      d="M22 21v-2a4 4 0 0 0-3-3.87"
    />
    <circle
      cx="9"
      cy="7"
      r="4"
    />
  </svg>
  Estudiante
</span>

Ignored nodes: comments, script, style
<option
  value="Estudiante"
>
  Estudiante
</option>

(If this is intentional, then use the `*AllBy*` variant of the query (like `queryAllByText`, `getAllByText`, or `findAllByText`)).

Ignored nodes: comments, script, style
<body>
  <div>
    <div
      class="space-y-6"
    >
      <div
        class="flex justify-between items-center"
      >
        <h4
          class="text-sm font-black text-slate-900 uppercase tracking-widest flex items-center"
        >
          <svg
            aria-hidden="true"
            class="lucide lucide-circle-check-big w-5 h-5 mr-3 text-emerald-600"
            fill="none"
            height="24"
            stroke="currentColor"
            stroke-linecap="round"
            stroke-linejoin="round"
            stroke-width="2"
            viewBox="0 0 24 24"
            width="24"
            xmlns="http://www.w3.org/2000/svg"
          >
            <path
              d="M21.801 10A10 10 0 1 1 17 3.335"
            />
            <path
              d="m9 11 3 3L22 4"
            />
          </svg>
          Compromisos Reparatorios
        </h4>
        <span
          class="text-[10px] font-black text-emerald-600 bg-emerald-50 px-3 py-1 rounded-full uppercase"
        >
          2
           Definidos
        </span>
      </div>
      <div
        class="space-y-4"
      >
        <div
          class="flex items-center justify-between p-4 md:p-6 bg-emerald-50/50 border border-emerald-100 rounded-[1.5rem] group hover:bg-emerald-50 transition-all"
        >
          <div
            class="flex items-center space-x-6 flex-1"
          >
            <button
              class="p-2 rounded-xl border-2 transition-all flex-shrink-0 bg-white border-emerald-200 text-emerald-600 hover:bg-emerald-500 hover:text-white"
            >
              <svg
                aria-hidden="true"
                class="lucide lucide-circle-check-big w-4 h-4"
                fill="none"
                height="24"
                stroke="currentColor"
                stroke-linecap="round"
                stroke-linejoin="round"
                stroke-width="2"
                viewBox="0 0 24 24"
                width="24"
                xmlns="http://www.w3.org/2000/svg"
              >
                <path
                  d="M21.801 10A10 10 0 1 1 17 3.335"
                />
                <path
                  d="m9 11 3 3L22 4"
                />
              </svg>
            </button>
            <div
              class="flex-1 min-w-0"
            >
              <p
                class="text-sm font-bold text-slate-800"
              >
                Realizar tarea de reparaci├│n
              </p>
              <div
                class="flex items-center mt-1 space-x-4 flex-wrap gap-2"
              >
                <span
                  class="text-[10px] font-black text-emerald-600 uppercase flex items-center"
                >
                  <svg
                    aria-hidden="true"
                    class="lucide lucide-users w-3 h-3 mr-1.5"
                    fill="none"
                    height="24"
                    stroke="currentColor"
                    stroke-linecap="round"
                    stroke-linejoin="round"
                    stroke-width="2"
                    viewBox="0 0 24 24"
                    width="24"
                    xmlns="http://www.w3.org/2000/svg"
                  >
                    <path
                      d="M16 21v-2a4 4 0 0 0-4-4H6a4 4 0 0 0-4 4v2"
                    />
                    <path
                      d="M16 3.128a4 4 0 0 1 0 7.744"
                    />
                    <path
                      d="M22 21v-2a4 4 0 0 0-3-3.87"
                    />
                    <circle
                      cx="9"
                      cy="7"
                      r="4"
                    />
                  </svg>
                  Estudiante
                </span>
                <span
                  class="text-[10px] font-black text-slate-400 uppercase flex items-center"
                >
                  <svg
                    aria-hidden="true"
                    class="lucide lucide-calendar w-3 h-3 mr-1.5"
                    fill="none"
                    height="24"
                    stroke="currentColor"
                    stroke-linecap="round"
                    stroke-linejoin="round"
                    stroke-width="2"
                    viewBox="0 0 24 24"
                    width="24"
                    xmlns="http://www.w3.org/2000/svg"
                  >
                    <path
                      d="M8 2v4"
                    />
                    <path
                      d="M16 2v4"
                    />
                    <rect
                      height="18"
                      rx="2"
                      width="18"
                      x="3"
                      y="4"
                    />
                    <path
                      [3...
 ÔØ» Object.getElementError node_modules/@testing-library/dom/dist/config.js:37:19
 ÔØ» getElementError node_modules/@testing-library/dom/dist/query-helpers.js:20:35
 ÔØ» getMultipleElementsFoundError node_modules/@testing-library/dom/dist/query-helpers.js:23:10
 ÔØ» node_modules/@testing-library/dom/dist/query-helpers.js:55:13
 ÔØ» node_modules/@testing-library/dom/dist/query-helpers.js:95:19
 ÔØ» src/features/mediacion/components/GccCompromisos.test.tsx:58:19
     56|     render(<GccCompromisos {...defaultProps} />);
     57|     
     58|     expect(screen.getByText('Estudiante')).toBeInTheDocument();
       |                   ^
     59|     expect(screen.getByText('2025-02-20')).toBeInTheDocument();
     60|   });

ÔÄ»ÔÄ»ÔÄ»ÔÄ»ÔÄ»ÔÄ»ÔÄ»ÔÄ»ÔÄ»ÔÄ»ÔÄ»ÔÄ»ÔÄ»ÔÄ»ÔÄ»ÔÄ»ÔÄ»ÔÄ»ÔÄ»ÔÄ»ÔÄ»ÔÄ»ÔÄ»[1/16]ÔÄ»

 FAIL  src/features/mediacion/components/GccCompromisos.test.tsx > GccCompromisos > deber├¡a actualizar campo descripci├│n del nuevo compromiso
TestingLibraryElementError: Unable to find an element with the placeholder text of: /descripci├│n/i

Ignored nodes: comments, script, style
<body>
  <div>
    <div
      class="space-y-6"
    >
      <div
        class="flex justify-between items-center"
      >
        <h4
          class="text-sm font-black text-slate-900 uppercase tracking-widest flex items-center"
        >
          <svg
            aria-hidden="true"
            class="lucide lucide-circle-check-big w-5 h-5 mr-3 text-emerald-600"
            fill="none"
            height="24"
            stroke="currentColor"
            stroke-linecap="round"
            stroke-linejoin="round"
            stroke-width="2"
            viewBox="0 0 24 24"
            width="24"
            xmlns="http://www.w3.org/2000/svg"
          >
            <path
              d="M21.801 10A10 10 0 1 1 17 3.335"
            />
            <path
              d="m9 11 3 3L22 4"
            />
          </svg>
          Compromisos Reparatorios
        </h4>
        <span
          class="text-[10px] font-black text-emerald-600 bg-emerald-50 px-3 py-1 rounded-full uppercase"
        >
          2
           Definidos
        </span>
      </div>
      <div
        class="space-y-4"
      >
        <div
          class="flex items-center justify-between p-4 md:p-6 bg-emerald-50/50 border border-emerald-100 rounded-[1.5rem] group hover:bg-emerald-50 transition-all"
        >
          <div
            class="flex items-center space-x-6 flex-1"
          >
            <button
              class="p-2 rounded-xl border-2 transition-all flex-shrink-0 bg-white border-emerald-200 text-emerald-600 hover:bg-emerald-500 hover:text-white"
            >
              <svg
                aria-hidden="true"
                class="lucide lucide-circle-check-big w-4 h-4"
                fill="none"
                height="24"
                stroke="currentColor"
                stroke-linecap="round"
                stroke-linejoin="round"
                stroke-width="2"
                viewBox="0 0 24 24"
                width="24"
                xmlns="http://www.w3.org/2000/svg"
              >
                <path
                  d="M21.801 10A10 10 0 1 1 17 3.335"
                />
                <path
                  d="m9 11 3 3L22 4"
                />
              </svg>
            </button>
            <div
              class="flex-1 min-w-0"
            >
              <p
                class="text-sm font-bold text-slate-800"
              >
                Realizar tarea de reparaci├│n
              </p>
              <div
                class="flex items-center mt-1 space-x-4 flex-wrap gap-2"
              >
                <span
                  class="text-[10px] font-black text-emerald-600 uppercase flex items-center"
                >
                  <svg
                    aria-hidden="true"
                    class="lucide lucide-users w-3 h-3 mr-1.5"
                    fill="none"
                    height="24"
                    stroke="currentColor"
                    stroke-linecap="round"
                    stroke-linejoin="round"
                    stroke-width="2"
                    viewBox="0 0 24 24"
                    width="24"
                    xmlns="http://www.w3.org/2000/svg"
                  >
                    <path
                      d="M16 21v-2a4 4 0 0 0-4-4H6a4 4 0 0 0-4 4v2"
                    />
                    <path
                      d="M16 3.128a4 4 0 0 1 0 7.744"
                    />
                    <path
                      d="M22 21v-2a4 4 0 0 0-3-3.87"
                    />
                    <circle
                      cx="9"
                      cy="7"
                      r="4"
                    />
                  </svg>
                  Estudiante
                </span>
                <span
                  class="text-[10px] font-black text-slate-400 uppercase flex items-center"
                >
                  <svg
                    aria-hidden="true"
                    class="lucide lucide-calendar w-3 h-3 mr-1.5"
                    fill="none"
                    height="24"
                    stroke="currentColor"
                    stroke-linecap="round"
                    stroke-linejoin="round"
                    stroke-width="2"
                    viewBox="0 0 24 24"
                    width="24"
                    xmlns="http://www.w3.org/2000/svg"
                  >
                    <path
                      d="M8 2v4"
                    />
                    <path
                      d="M16 2v4"
                    />
                    <rect
                      height="18"
                      rx="2"
                      width="18"
                      x="3"
                      y="4"
                    />
                    <path
                      [3...
 ÔØ» Object.getElementError node_modules/@testing-library/dom/dist/config.js:37:19
 ÔØ» node_modules/@testing-library/dom/dist/query-helpers.js:76:38
 ÔØ» node_modules/@testing-library/dom/dist/query-helpers.js:52:17
 ÔØ» node_modules/@testing-library/dom/dist/query-helpers.js:95:19
 ÔØ» src/features/mediacion/components/GccCompromisos.test.tsx:143:37
    141|     render(<GccCompromisos {...defaultProps} />);
    142|     
    143|     const descripcionInput = screen.getByPlaceholderText(/descripci├│n/ÔÇª
       |                                     ^
    144|     await user.type(descripcionInput, 'Test compromiso');
    145|     

ÔÄ»ÔÄ»ÔÄ»ÔÄ»ÔÄ»ÔÄ»ÔÄ»ÔÄ»ÔÄ»ÔÄ»ÔÄ»ÔÄ»ÔÄ»ÔÄ»ÔÄ»ÔÄ»ÔÄ»ÔÄ»ÔÄ»ÔÄ»ÔÄ»ÔÄ»ÔÄ»[2/16]ÔÄ»

 FAIL  src/features/mediacion/components/GccResolucion.test.tsx > GccResolucion > deber├¡a renderizar el componente con estado PROCESO
TestingLibraryElementError: Unable to find an element with the text: /resoluci├│n/i. This could be because the text is broken up by multiple elements. In this case, you can provide a function for your text matcher to make your matcher more flexible.

Ignored nodes: comments, script, style
<body>
  <div>
    <div
      class="space-y-6"
    >
      <div
        class="flex flex-col md:flex-row gap-4 md:gap-6 pt-4 md:pt-6 border-t border-slate-100"
      >
        <button
          class="flex-1 py-4 md:py-5 rounded-[1.5rem] bg-white border-2 border-slate-100 text-slate-400 font-black text-[10px] uppercase tracking-widest hover:border-blue-300 hover:text-blue-600 transition-all flex items-center justify-center space-x-3 active:scale-95"
        >
          <svg
            aria-hidden="true"
            class="lucide lucide-file-text w-5 h-5"
            fill="none"
            height="24"
            stroke="currentColor"
            stroke-linecap="round"
            stroke-linejoin="round"
            stroke-width="2"
            viewBox="0 0 24 24"
            width="24"
            xmlns="http://www.w3.org/2000/svg"
          >
            <path
              d="M6 22a2 2 0 0 1-2-2V4a2 2 0 0 1 2-2h8a2.4 2.4 0 0 1 1.704.706l3.588 3.588A2.4 2.4 0 0 1 20 8v12a2 2 0 0 1-2 2z"
            />
            <path
              d="M14 2v5a1 1 0 0 0 1 1h5"
            />
            <path
              d="M10 9H8"
            />
            <path
              d="M16 13H8"
            />
            <path
              d="M16 17H8"
            />
          </svg>
          <span>
            Previsualizar Acta
          </span>
        </button>
        <button
          class="flex-1 py-4 md:py-5 rounded-[1.5rem] bg-amber-50 border-2 border-amber-200 text-amber-700 font-black text-[10px] uppercase tracking-widest hover:bg-amber-100 transition-all flex items-center justify-center space-x-3 active:scale-95"
        >
          <svg
            aria-hidden="true"
            class="lucide lucide-clock w-5 h-5"
            fill="none"
            height="24"
            stroke="currentColor"
            stroke-linecap="round"
            stroke-linejoin="round"
            stroke-width="2"
            viewBox="0 0 24 24"
            width="24"
            xmlns="http://www.w3.org/2000/svg"
          >
            <path
              d="M12 6v6l4 2"
            />
            <circle
              cx="12"
              cy="12"
              r="10"
            />
          </svg>
          <span
            class="leading-tight"
          >
            Sacar de GCC
            <br />
            y Continuar
          </span>
        </button>
        <button
          class="flex-1 py-4 md:py-5 rounded-[1.5rem] font-black text-[10px] uppercase tracking-[0.2em] shadow-xl transition-all flex items-center justify-center space-x-3 active:scale-95 bg-slate-200 text-slate-400 cursor-not-allowed"
          disabled=""
        >
          <svg
            aria-hidden="true"
            class="lucide lucide-shield-check w-5 h-5"
            fill="none"
            height="24"
            stroke="currentColor"
            stroke-linecap="round"
            stroke-linejoin="round"
            stroke-width="2"
            viewBox="0 0 24 24"
            width="24"
            xmlns="http://www.w3.org/2000/svg"
          >
            <path
              d="M20 13c0 5-3.5 7.5-7.66 8.95a1 1 0 0 1-.67-.01C7.5 20.5 4 18 4 13V6a1 1 0 0 1 1-1c2 0 4.5-1.2 6.24-2.72a1.17 1.17 0 0 1 1.52 0C14.51 3.81 17 5 19 5a1 1 0 0 1 1 1z"
            />
            <path
              d="m9 12 2 2 4-4"
            />
          </svg>
          <span
            class="leading-tight"
          >
            Cierre Exitoso
            <br />
            por V├¡a Formativa
          </span>
        </button>
      </div>
      <div
        class="p-4 bg-blue-50 border border-blue-200 rounded-[1.5rem] text-[10px] text-blue-700 font-bold uppercase tracking-widest"
      >
        Ôôÿ El cierre exitoso solo est├í disponible cuando el estado es "LOGRADO"
      </div>
    </div>
  </div>
</body>
 ÔØ» Object.getElementError node_modules/@testing-library/dom/dist/config.js:37:19
 ÔØ» node_modules/@testing-library/dom/dist/query-helpers.js:76:38
 ÔØ» node_modules/@testing-library/dom/dist/query-helpers.js:52:17
 ÔØ» node_modules/@testing-library/dom/dist/query-helpers.js:95:19
 ÔØ» src/features/mediacion/components/GccResolucion.test.tsx:35:19
     33|     
     34|     // Check for resolution panel
     35|     expect(screen.getByText(/resoluci├│n/i)).toBeInTheDocument();
       |                   ^
     36|   });
     37| 

ÔÄ»ÔÄ»ÔÄ»ÔÄ»ÔÄ»ÔÄ»ÔÄ»ÔÄ»ÔÄ»ÔÄ»ÔÄ»ÔÄ»ÔÄ»ÔÄ»ÔÄ»ÔÄ»ÔÄ»ÔÄ»ÔÄ»ÔÄ»ÔÄ»ÔÄ»ÔÄ»[3/16]ÔÄ»

 FAIL  src/features/mediacion/components/GccResolucion.test.tsx > GccResolucion > deber├¡a mostrar acta cuando showActaPreview es true
TestingLibraryElementError: Found multiple elements with the text: /acta de mediaci├│n/i

Here are the matching elements:

Ignored nodes: comments, script, style
<p
  class="text-[10px] font-black uppercase tracking-widest text-slate-500"
>
  Acta de Mediaci├│n Reparatoria
</p>

Ignored nodes: comments, script, style
<textarea
  class="w-full px-4 py-3 bg-white border border-slate-200 rounded-xl text-xs font-mono text-slate-700 focus:outline-none"
  readonly=""
  rows="12"
>
  
    ACTA DE MEDIACI├ôN
    Caso: Test Case
    Resultado: LOGRADO
    Fecha: 2025-02-18
  
</textarea>

(If this is intentional, then use the `*AllBy*` variant of the query (like `queryAllByText`, `getAllByText`, or `findAllByText`)).

Ignored nodes: comments, script, style
<body>
  <div>
    <div
      class="space-y-6"
    >
      <div
        class="mb-10 p-4 md:p-6 rounded-[1.5rem] border border-slate-200 bg-slate-50 animate-in slide-in-from-top-2 duration-300"
      >
        <div
          class="flex justify-between items-center mb-4"
        >
          <p
            class="text-[10px] font-black uppercase tracking-widest text-slate-500"
          >
            Acta de Mediaci├│n Reparatoria
          </p>
          <button
            class="text-slate-400 hover:text-slate-600 text-sm font-bold"
          >
            Cerrar
          </button>
        </div>
        <textarea
          class="w-full px-4 py-3 bg-white border border-slate-200 rounded-xl text-xs font-mono text-slate-700 focus:outline-none"
          readonly=""
          rows="12"
        >
          
    ACTA DE MEDIACI├ôN
    Caso: Test Case
    Resultado: LOGRADO
    Fecha: 2025-02-18
  
        </textarea>
        <div
          class="mt-4 p-3 bg-emerald-50 border border-emerald-200 rounded-xl text-[9px] text-emerald-700 font-bold uppercase tracking-widest"
        >
          Esta es una vista previa del acta. Revise los compromisos registrados antes de finalizar.
        </div>
      </div>
      <div
        class="flex flex-col md:flex-row gap-4 md:gap-6 pt-4 md:pt-6 border-t border-slate-100"
      >
        <button
          class="flex-1 py-4 md:py-5 rounded-[1.5rem] bg-white border-2 border-slate-100 text-slate-400 font-black text-[10px] uppercase tracking-widest hover:border-blue-300 hover:text-blue-600 transition-all flex items-center justify-center space-x-3 active:scale-95"
        >
          <svg
            aria-hidden="true"
            class="lucide lucide-file-text w-5 h-5"
            fill="none"
            height="24"
            stroke="currentColor"
            stroke-linecap="round"
            stroke-linejoin="round"
            stroke-width="2"
            viewBox="0 0 24 24"
            width="24"
            xmlns="http://www.w3.org/2000/svg"
          >
            <path
              d="M6 22a2 2 0 0 1-2-2V4a2 2 0 0 1 2-2h8a2.4 2.4 0 0 1 1.704.706l3.588 3.588A2.4 2.4 0 0 1 20 8v12a2 2 0 0 1-2 2z"
            />
            <path
              d="M14 2v5a1 1 0 0 0 1 1h5"
            />
            <path
              d="M10 9H8"
            />
            <path
              d="M16 13H8"
            />
            <path
              d="M16 17H8"
            />
          </svg>
          <span>
            Ocultar Acta
          </span>
        </button>
        <button
          class="flex-1 py-4 md:py-5 rounded-[1.5rem] bg-amber-50 border-2 border-amber-200 text-amber-700 font-black text-[10px] uppercase tracking-widest hover:bg-amber-100 transition-all flex items-center justify-center space-x-3 active:scale-95"
        >
          <svg
            aria-hidden="true"
            class="lucide lucide-clock w-5 h-5"
            fill="none"
            height="24"
            stroke="currentColor"
            stroke-linecap="round"
            stroke-linejoin="round"
            stroke-width="2"
            viewBox="0 0 24 24"
            width="24"
            xmlns="http://www.w3.org/2000/svg"
          >
            <path
              d="M12 6v6l4 2"
            />
            <circle
              cx="12"
              cy="12"
              r="10"
            />
          </svg>
          <span
            class="leading-tight"
          >
            Sacar de GCC
            <br />
            y Continuar
          </span>
        </button>
        <button
          class="flex-1 py-4 md:py-5 rounded-[1.5rem] font-black text-[10px] uppercase tracking-[0.2em] shadow-xl transition-all flex items-center justify-center space-x-3 active:scale-95 bg-slate-200 text-slate-400 cursor-not-allowed"
          disabled=""
        >
          <svg
            aria-hidden="true"
            class="lucide lucide-shield-check w-5 h-5"
            fill="none"
            height="24"
            stroke="currentColor"
            stroke-linecap="round"
            stroke-linejoin="round"
            stroke-width="2"
            viewBox="0 0 24 24"
            width="24"
            xmlns="http://www.w3.org/2000/svg"
          >
            <path
              d="M20 13c0 5-3.5 7.5-7.66 8.95a1 1 0 0 1-.67-.01C7.5 20.5 4 18 4 13V6a1 1 0 0 1 1-1c2 0 4.5-1.2 6.24-2.72a1.17 1.17 0 0 1 1.52 0C14.51 3.81 17 5 19 5a1 1 0 0 1 1 1z"
            />
            <path
              d="m9 12 2 2 4-4"
            />
          </svg>
          <span
            class="leading-tight"
          >
            Cierre Exitoso
            <br />
            por V├¡a Formativa
          </span>
        </button>
      </div>
      <div
        class="p-4 bg-blue-50 border border-blue-200 rounded-[1.5rem] text-[10px] text-blue-700 font-bold uppercase tracking-widest"
      >
        Ôôÿ El cierre exitoso solo est├í disponible cuando el estado es "LOGRADO"
      </div>
    </div>
  </div>
</body>
 ÔØ» Object.getElementError node_modules/@testing-library/dom/dist/config.js:37:19
 ÔØ» getElementError node_modules/@testing-library/dom/dist/query-helpers.js:20:35
 ÔØ» getMultipleElementsFoundError node_modules/@testing-library/dom/dist/query-helpers.js:23:10
 ÔØ» node_modules/@testing-library/dom/dist/query-helpers.js:55:13
 ÔØ» node_modules/@testing-library/dom/dist/query-helpers.js:95:19
 ÔØ» src/features/mediacion/components/GccResolucion.test.tsx:63:19
     61|     
     62|     // Check if acta content is visible
     63|     expect(screen.getByText(/acta de mediaci├│n/i)).toBeInTheDocument();
       |                   ^
     64|   });
     65| 

ÔÄ»ÔÄ»ÔÄ»ÔÄ»ÔÄ»ÔÄ»ÔÄ»ÔÄ»ÔÄ»ÔÄ»ÔÄ»ÔÄ»ÔÄ»ÔÄ»ÔÄ»ÔÄ»ÔÄ»ÔÄ»ÔÄ»ÔÄ»ÔÄ»ÔÄ»ÔÄ»[4/16]ÔÄ»

 FAIL  src/features/mediacion/components/GccResolucion.test.tsx > GccResolucion > deber├¡a mostrar bot├│n "Destrabado" en estado PROCESO
TestingLibraryElementError: Unable to find an accessible element with the role "button" and name `/destrabado/i`

Here are the accessible roles:

  button:

  Name "Previsualizar Acta":
  <button
    class="flex-1 py-4 md:py-5 rounded-[1.5rem] bg-white border-2 border-slate-100 text-slate-400 font-black text-[10px] uppercase tracking-widest hover:border-blue-300 hover:text-blue-600 transition-all flex items-center justify-center space-x-3 active:scale-95"
  />

  Name "Sacar de GCCy Continuar":
  <button
    class="flex-1 py-4 md:py-5 rounded-[1.5rem] bg-amber-50 border-2 border-amber-200 text-amber-700 font-black text-[10px] uppercase tracking-widest hover:bg-amber-100 transition-all flex items-center justify-center space-x-3 active:scale-95"
  />

  Name "Cierre Exitosopor V├¡a Formativa":
  <button
    class="flex-1 py-4 md:py-5 rounded-[1.5rem] font-black text-[10px] uppercase tracking-[0.2em] shadow-xl transition-all flex items-center justify-center space-x-3 active:scale-95 bg-slate-200 text-slate-400 cursor-not-allowed"
    disabled=""
  />

  --------------------------------------------------

Ignored nodes: comments, script, style
<body>
  <div>
    <div
      class="space-y-6"
    >
      <div
        class="flex flex-col md:flex-row gap-4 md:gap-6 pt-4 md:pt-6 border-t border-slate-100"
      >
        <button
          class="flex-1 py-4 md:py-5 rounded-[1.5rem] bg-white border-2 border-slate-100 text-slate-400 font-black text-[10px] uppercase tracking-widest hover:border-blue-300 hover:text-blue-600 transition-all flex items-center justify-center space-x-3 active:scale-95"
        >
          <svg
            aria-hidden="true"
            class="lucide lucide-file-text w-5 h-5"
            fill="none"
            height="24"
            stroke="currentColor"
            stroke-linecap="round"
            stroke-linejoin="round"
            stroke-width="2"
            viewBox="0 0 24 24"
            width="24"
            xmlns="http://www.w3.org/2000/svg"
          >
            <path
              d="M6 22a2 2 0 0 1-2-2V4a2 2 0 0 1 2-2h8a2.4 2.4 0 0 1 1.704.706l3.588 3.588A2.4 2.4 0 0 1 20 8v12a2 2 0 0 1-2 2z"
            />
            <path
              d="M14 2v5a1 1 0 0 0 1 1h5"
            />
            <path
              d="M10 9H8"
            />
            <path
              d="M16 13H8"
            />
            <path
              d="M16 17H8"
            />
          </svg>
          <span>
            Previsualizar Acta
          </span>
        </button>
        <button
          class="flex-1 py-4 md:py-5 rounded-[1.5rem] bg-amber-50 border-2 border-amber-200 text-amber-700 font-black text-[10px] uppercase tracking-widest hover:bg-amber-100 transition-all flex items-center justify-center space-x-3 active:scale-95"
        >
          <svg
            aria-hidden="true"
            class="lucide lucide-clock w-5 h-5"
            fill="none"
            height="24"
            stroke="currentColor"
            stroke-linecap="round"
            stroke-linejoin="round"
            stroke-width="2"
            viewBox="0 0 24 24"
            width="24"
            xmlns="http://www.w3.org/2000/svg"
          >
            <path
              d="M12 6v6l4 2"
            />
            <circle
              cx="12"
              cy="12"
              r="10"
            />
          </svg>
          <span
            class="leading-tight"
          >
            Sacar de GCC
            <br />
            y Continuar
          </span>
        </button>
        <button
          class="flex-1 py-4 md:py-5 rounded-[1.5rem] font-black text-[10px] uppercase tracking-[0.2em] shadow-xl transition-all flex items-center justify-center space-x-3 active:scale-95 bg-slate-200 text-slate-400 cursor-not-allowed"
          disabled=""
        >
          <svg
            aria-hidden="true"
            class="lucide lucide-shield-check w-5 h-5"
            fill="none"
            height="24"
            stroke="currentColor"
            stroke-linecap="round"
            stroke-linejoin="round"
            stroke-width="2"
            viewBox="0 0 24 24"
            width="24"
            xmlns="http://www.w3.org/2000/svg"
          >
            <path
              d="M20 13c0 5-3.5 7.5-7.66 8.95a1 1 0 0 1-.67-.01C7.5 20.5 4 18 4 13V6a1 1 0 0 1 1-1c2 0 4.5-1.2 6.24-2.72a1.17 1.17 0 0 1 1.52 0C14.51 3.81 17 5 19 5a1 1 0 0 1 1 1z"
            />
            <path
              d="m9 12 2 2 4-4"
            />
          </svg>
          <span
            class="leading-tight"
          >
            Cierre Exitoso
            <br />
            por V├¡a Formativa
          </span>
        </button>
      </div>
      <div
        class="p-4 bg-blue-50 border border-blue-200 rounded-[1.5rem] text-[10px] text-blue-700 font-bold uppercase tracking-widest"
      >
        Ôôÿ El cierre exitoso solo est├í disponible cuando el estado es "LOGRADO"
      </div>
    </div>
  </div>
</body>
 ÔØ» Object.getElementError node_modules/@testing-library/dom/dist/config.js:37:19
 ÔØ» node_modules/@testing-library/dom/dist/query-helpers.js:76:38
 ÔØ» node_modules/@testing-library/dom/dist/query-helpers.js:52:17
 ÔØ» node_modules/@testing-library/dom/dist/query-helpers.js:95:19
 ÔØ» src/features/mediacion/components/GccResolucion.test.tsx:75:35
     73|     render(<GccResolucion {...defaultProps} />);
     74|     
     75|     const destraboButton = screen.getByRole('button', { name: /destrabÔÇª
       |                                   ^
     76|     expect(destraboButton).toBeInTheDocument();
     77|   });

ÔÄ»ÔÄ»ÔÄ»ÔÄ»ÔÄ»ÔÄ»ÔÄ»ÔÄ»ÔÄ»ÔÄ»ÔÄ»ÔÄ»ÔÄ»ÔÄ»ÔÄ»ÔÄ»ÔÄ»ÔÄ»ÔÄ»ÔÄ»ÔÄ»ÔÄ»ÔÄ»[5/16]ÔÄ»

 FAIL  src/features/mediacion/components/GccResolucion.test.tsx > GccResolucion > deber├¡a llamar onDestrabarDesdeGCC cuando se hace clic en Destrabado
TestingLibraryElementError: Unable to find an accessible element with the role "button" and name `/destrabado/i`

Here are the accessible roles:

  button:

  Name "Previsualizar Acta":
  <button
    class="flex-1 py-4 md:py-5 rounded-[1.5rem] bg-white border-2 border-slate-100 text-slate-400 font-black text-[10px] uppercase tracking-widest hover:border-blue-300 hover:text-blue-600 transition-all flex items-center justify-center space-x-3 active:scale-95"
  />

  Name "Sacar de GCCy Continuar":
  <button
    class="flex-1 py-4 md:py-5 rounded-[1.5rem] bg-amber-50 border-2 border-amber-200 text-amber-700 font-black text-[10px] uppercase tracking-widest hover:bg-amber-100 transition-all flex items-center justify-center space-x-3 active:scale-95"
  />

  Name "Cierre Exitosopor V├¡a Formativa":
  <button
    class="flex-1 py-4 md:py-5 rounded-[1.5rem] font-black text-[10px] uppercase tracking-[0.2em] shadow-xl transition-all flex items-center justify-center space-x-3 active:scale-95 bg-slate-200 text-slate-400 cursor-not-allowed"
    disabled=""
  />

  --------------------------------------------------

Ignored nodes: comments, script, style
<body>
  <div>
    <div
      class="space-y-6"
    >
      <div
        class="flex flex-col md:flex-row gap-4 md:gap-6 pt-4 md:pt-6 border-t border-slate-100"
      >
        <button
          class="flex-1 py-4 md:py-5 rounded-[1.5rem] bg-white border-2 border-slate-100 text-slate-400 font-black text-[10px] uppercase tracking-widest hover:border-blue-300 hover:text-blue-600 transition-all flex items-center justify-center space-x-3 active:scale-95"
        >
          <svg
            aria-hidden="true"
            class="lucide lucide-file-text w-5 h-5"
            fill="none"
            height="24"
            stroke="currentColor"
            stroke-linecap="round"
            stroke-linejoin="round"
            stroke-width="2"
            viewBox="0 0 24 24"
            width="24"
            xmlns="http://www.w3.org/2000/svg"
          >
            <path
              d="M6 22a2 2 0 0 1-2-2V4a2 2 0 0 1 2-2h8a2.4 2.4 0 0 1 1.704.706l3.588 3.588A2.4 2.4 0 0 1 20 8v12a2 2 0 0 1-2 2z"
            />
            <path
              d="M14 2v5a1 1 0 0 0 1 1h5"
            />
            <path
              d="M10 9H8"
            />
            <path
              d="M16 13H8"
            />
            <path
              d="M16 17H8"
            />
          </svg>
          <span>
            Previsualizar Acta
          </span>
        </button>
        <button
          class="flex-1 py-4 md:py-5 rounded-[1.5rem] bg-amber-50 border-2 border-amber-200 text-amber-700 font-black text-[10px] uppercase tracking-widest hover:bg-amber-100 transition-all flex items-center justify-center space-x-3 active:scale-95"
        >
          <svg
            aria-hidden="true"
            class="lucide lucide-clock w-5 h-5"
            fill="none"
            height="24"
            stroke="currentColor"
            stroke-linecap="round"
            stroke-linejoin="round"
            stroke-width="2"
            viewBox="0 0 24 24"
            width="24"
            xmlns="http://www.w3.org/2000/svg"
          >
            <path
              d="M12 6v6l4 2"
            />
            <circle
              cx="12"
              cy="12"
              r="10"
            />
          </svg>
          <span
            class="leading-tight"
          >
            Sacar de GCC
            <br />
            y Continuar
          </span>
        </button>
        <button
          class="flex-1 py-4 md:py-5 rounded-[1.5rem] font-black text-[10px] uppercase tracking-[0.2em] shadow-xl transition-all flex items-center justify-center space-x-3 active:scale-95 bg-slate-200 text-slate-400 cursor-not-allowed"
          disabled=""
        >
          <svg
            aria-hidden="true"
            class="lucide lucide-shield-check w-5 h-5"
            fill="none"
            height="24"
            stroke="currentColor"
            stroke-linecap="round"
            stroke-linejoin="round"
            stroke-width="2"
            viewBox="0 0 24 24"
            width="24"
            xmlns="http://www.w3.org/2000/svg"
          >
            <path
              d="M20 13c0 5-3.5 7.5-7.66 8.95a1 1 0 0 1-.67-.01C7.5 20.5 4 18 4 13V6a1 1 0 0 1 1-1c2 0 4.5-1.2 6.24-2.72a1.17 1.17 0 0 1 1.52 0C14.51 3.81 17 5 19 5a1 1 0 0 1 1 1z"
            />
            <path
              d="m9 12 2 2 4-4"
            />
          </svg>
          <span
            class="leading-tight"
          >
            Cierre Exitoso
            <br />
            por V├¡a Formativa
          </span>
        </button>
      </div>
      <div
        class="p-4 bg-blue-50 border border-blue-200 rounded-[1.5rem] text-[10px] text-blue-700 font-bold uppercase tracking-widest"
      >
        Ôôÿ El cierre exitoso solo est├í disponible cuando el estado es "LOGRADO"
      </div>
    </div>
  </div>
</body>
 ÔØ» Object.getElementError node_modules/@testing-library/dom/dist/config.js:37:19
 ÔØ» node_modules/@testing-library/dom/dist/query-helpers.js:76:38
 ÔØ» node_modules/@testing-library/dom/dist/query-helpers.js:52:17
 ÔØ» node_modules/@testing-library/dom/dist/query-helpers.js:95:19
 ÔØ» src/features/mediacion/components/GccResolucion.test.tsx:82:35
     80|     render(<GccResolucion {...defaultProps} />);
     81|     
     82|     const destraboButton = screen.getByRole('button', { name: /destrabÔÇª
       |                                   ^
     83|     fireEvent.click(destraboButton);
     84|     

ÔÄ»ÔÄ»ÔÄ»ÔÄ»ÔÄ»ÔÄ»ÔÄ»ÔÄ»ÔÄ»ÔÄ»ÔÄ»ÔÄ»ÔÄ»ÔÄ»ÔÄ»ÔÄ»ÔÄ»ÔÄ»ÔÄ»ÔÄ»ÔÄ»ÔÄ»ÔÄ»[6/16]ÔÄ»

 FAIL  src/features/mediacion/components/GccResolucion.test.tsx > GccResolucion > deber├¡a no mostrar bot├│n "Cierre Exitoso" cuando statusGCC es NO_ACUERDO
Error: expect(element).not.toBeInTheDocument()

expected document not to contain element, found <button
  class="flex-1 py-4 md:py-5 rounded-[1.5rem] font-black text-[10px] uppercase tracking-[0.2em] shadow-xl transition-all flex items-center justify-center space-x-3 active:scale-95 bg-slate-200 text-slate-400 cursor-not-allowed"
  disabled=""
>
  <svg
    aria-hidden="true"
    class="lucide lucide-shield-check w-5 h-5"
    fill="none"
    height="24"
    stroke="currentColor"
    stroke-linecap="round"
    stroke-linejoin="round"
    stroke-width="2"
    viewBox="0 0 24 24"
    width="24"
    xmlns="http://www.w3.org/2000/svg"
  >
    <path
      d="M20 13c0 5-3.5 7.5-7.66 8.95a1 1 0 0 1-.67-.01C7.5 20.5 4 18 4 13V6a1 1 0 0 1 1-1c2 0 4.5-1.2 6.24-2.72a1.17 1.17 0 0 1 1.52 0C14.51 3.81 17 5 19 5a1 1 0 0 1 1 1z"
    />
    <path
      d="m9 12 2 2 4-4"
    />
  </svg>
  <span
    class="leading-tight"
  >
    Cierre Exitoso
    <br />
    por V├¡a Formativa
  </span>
</button> instead
 ÔØ» src/features/mediacion/components/GccResolucion.test.tsx:109:30
    107|     
    108|     const cierreButton = screen.queryByRole('button', { name: /cierre ÔÇª
    109|     expect(cierreButton).not.toBeInTheDocument();
       |                              ^
    110|   });
    111| 

ÔÄ»ÔÄ»ÔÄ»ÔÄ»ÔÄ»ÔÄ»ÔÄ»ÔÄ»ÔÄ»ÔÄ»ÔÄ»ÔÄ»ÔÄ»ÔÄ»ÔÄ»ÔÄ»ÔÄ»ÔÄ»ÔÄ»ÔÄ»ÔÄ»ÔÄ»ÔÄ»[7/16]ÔÄ»

 FAIL  src/features/mediacion/components/GccResolucion.test.tsx > GccResolucion > deber├¡a cambiar estado de bot├│n preview cuando activa preview
TestingLibraryElementError: Found multiple elements with the text: /acta de mediaci├│n/i

Here are the matching elements:

Ignored nodes: comments, script, style
<p
  class="text-[10px] font-black uppercase tracking-widest text-slate-500"
>
  Acta de Mediaci├│n Reparatoria
</p>

Ignored nodes: comments, script, style
<textarea
  class="w-full px-4 py-3 bg-white border border-slate-200 rounded-xl text-xs font-mono text-slate-700 focus:outline-none"
  readonly=""
  rows="12"
>
  
    ACTA DE MEDIACI├ôN
    Caso: Test Case
    Resultado: LOGRADO
    Fecha: 2025-02-18
  
</textarea>

(If this is intentional, then use the `*AllBy*` variant of the query (like `queryAllByText`, `getAllByText`, or `findAllByText`)).

Ignored nodes: comments, script, style
<body>
  <div>
    <div
      class="space-y-6"
    >
      <div
        class="mb-10 p-4 md:p-6 rounded-[1.5rem] border border-slate-200 bg-slate-50 animate-in slide-in-from-top-2 duration-300"
      >
        <div
          class="flex justify-between items-center mb-4"
        >
          <p
            class="text-[10px] font-black uppercase tracking-widest text-slate-500"
          >
            Acta de Mediaci├│n Reparatoria
          </p>
          <button
            class="text-slate-400 hover:text-slate-600 text-sm font-bold"
          >
            Cerrar
          </button>
        </div>
        <textarea
          class="w-full px-4 py-3 bg-white border border-slate-200 rounded-xl text-xs font-mono text-slate-700 focus:outline-none"
          readonly=""
          rows="12"
        >
          
    ACTA DE MEDIACI├ôN
    Caso: Test Case
    Resultado: LOGRADO
    Fecha: 2025-02-18
  
        </textarea>
        <div
          class="mt-4 p-3 bg-emerald-50 border border-emerald-200 rounded-xl text-[9px] text-emerald-700 font-bold uppercase tracking-widest"
        >
          Esta es una vista previa del acta. Revise los compromisos registrados antes de finalizar.
        </div>
      </div>
      <div
        class="flex flex-col md:flex-row gap-4 md:gap-6 pt-4 md:pt-6 border-t border-slate-100"
      >
        <button
          class="flex-1 py-4 md:py-5 rounded-[1.5rem] bg-white border-2 border-slate-100 text-slate-400 font-black text-[10px] uppercase tracking-widest hover:border-blue-300 hover:text-blue-600 transition-all flex items-center justify-center space-x-3 active:scale-95"
        >
          <svg
            aria-hidden="true"
            class="lucide lucide-file-text w-5 h-5"
            fill="none"
            height="24"
            stroke="currentColor"
            stroke-linecap="round"
            stroke-linejoin="round"
            stroke-width="2"
            viewBox="0 0 24 24"
            width="24"
            xmlns="http://www.w3.org/2000/svg"
          >
            <path
              d="M6 22a2 2 0 0 1-2-2V4a2 2 0 0 1 2-2h8a2.4 2.4 0 0 1 1.704.706l3.588 3.588A2.4 2.4 0 0 1 20 8v12a2 2 0 0 1-2 2z"
            />
            <path
              d="M14 2v5a1 1 0 0 0 1 1h5"
            />
            <path
              d="M10 9H8"
            />
            <path
              d="M16 13H8"
            />
            <path
              d="M16 17H8"
            />
          </svg>
          <span>
            Ocultar Acta
          </span>
        </button>
        <button
          class="flex-1 py-4 md:py-5 rounded-[1.5rem] bg-amber-50 border-2 border-amber-200 text-amber-700 font-black text-[10px] uppercase tracking-widest hover:bg-amber-100 transition-all flex items-center justify-center space-x-3 active:scale-95"
        >
          <svg
            aria-hidden="true"
            class="lucide lucide-clock w-5 h-5"
            fill="none"
            height="24"
            stroke="currentColor"
            stroke-linecap="round"
            stroke-linejoin="round"
            stroke-width="2"
            viewBox="0 0 24 24"
            width="24"
            xmlns="http://www.w3.org/2000/svg"
          >
            <path
              d="M12 6v6l4 2"
            />
            <circle
              cx="12"
              cy="12"
              r="10"
            />
          </svg>
          <span
            class="leading-tight"
          >
            Sacar de GCC
            <br />
            y Continuar
          </span>
        </button>
        <button
          class="flex-1 py-4 md:py-5 rounded-[1.5rem] font-black text-[10px] uppercase tracking-[0.2em] shadow-xl transition-all flex items-center justify-center space-x-3 active:scale-95 bg-slate-200 text-slate-400 cursor-not-allowed"
          disabled=""
        >
          <svg
            aria-hidden="true"
            class="lucide lucide-shield-check w-5 h-5"
            fill="none"
            height="24"
            stroke="currentColor"
            stroke-linecap="round"
            stroke-linejoin="round"
            stroke-width="2"
            viewBox="0 0 24 24"
            width="24"
            xmlns="http://www.w3.org/2000/svg"
          >
            <path
              d="M20 13c0 5-3.5 7.5-7.66 8.95a1 1 0 0 1-.67-.01C7.5 20.5 4 18 4 13V6a1 1 0 0 1 1-1c2 0 4.5-1.2 6.24-2.72a1.17 1.17 0 0 1 1.52 0C14.51 3.81 17 5 19 5a1 1 0 0 1 1 1z"
            />
            <path
              d="m9 12 2 2 4-4"
            />
          </svg>
          <span
            class="leading-tight"
          >
            Cierre Exitoso
            <br />
            por V├¡a Formativa
          </span>
        </button>
      </div>
      <div
        class="p-4 bg-blue-50 border border-blue-200 rounded-[1.5rem] text-[10px] text-blue-700 font-bold uppercase tracking-widest"
      >
        Ôôÿ El cierre exitoso solo est├í disponible cuando el estado es "LOGRADO"
      </div>
    </div>
  </div>
</body>
 ÔØ» Object.getElementError node_modules/@testing-library/dom/dist/config.js:37:19
 ÔØ» getElementError node_modules/@testing-library/dom/dist/query-helpers.js:20:35
 ÔØ» getMultipleElementsFoundError node_modules/@testing-library/dom/dist/query-helpers.js:23:10
 ÔØ» node_modules/@testing-library/dom/dist/query-helpers.js:55:13
 ÔØ» node_modules/@testing-library/dom/dist/query-helpers.js:95:19
 ÔØ» src/features/mediacion/components/GccResolucion.test.tsx:152:19
    150|     );
    151|     
    152|     expect(screen.getByText(/acta de mediaci├│n/i)).toBeInTheDocument();
       |                   ^
    153|   });
    154| 

ÔÄ»ÔÄ»ÔÄ»ÔÄ»ÔÄ»ÔÄ»ÔÄ»ÔÄ»ÔÄ»ÔÄ»ÔÄ»ÔÄ»ÔÄ»ÔÄ»ÔÄ»ÔÄ»ÔÄ»ÔÄ»ÔÄ»ÔÄ»ÔÄ»ÔÄ»ÔÄ»[8/16]ÔÄ»

 FAIL  src/features/mediacion/components/GccResolucion.test.tsx > GccResolucion > deber├¡a permitir m├║ltiples clics en destrabado
TestingLibraryElementError: Unable to find an accessible element with the role "button" and name `/destrabado/i`

Here are the accessible roles:

  button:

  Name "Previsualizar Acta":
  <button
    class="flex-1 py-4 md:py-5 rounded-[1.5rem] bg-white border-2 border-slate-100 text-slate-400 font-black text-[10px] uppercase tracking-widest hover:border-blue-300 hover:text-blue-600 transition-all flex items-center justify-center space-x-3 active:scale-95"
  />

  Name "Sacar de GCCy Continuar":
  <button
    class="flex-1 py-4 md:py-5 rounded-[1.5rem] bg-amber-50 border-2 border-amber-200 text-amber-700 font-black text-[10px] uppercase tracking-widest hover:bg-amber-100 transition-all flex items-center justify-center space-x-3 active:scale-95"
  />

  Name "Cierre Exitosopor V├¡a Formativa":
  <button
    class="flex-1 py-4 md:py-5 rounded-[1.5rem] font-black text-[10px] uppercase tracking-[0.2em] shadow-xl transition-all flex items-center justify-center space-x-3 active:scale-95 bg-slate-200 text-slate-400 cursor-not-allowed"
    disabled=""
  />

  --------------------------------------------------

Ignored nodes: comments, script, style
<body>
  <div>
    <div
      class="space-y-6"
    >
      <div
        class="flex flex-col md:flex-row gap-4 md:gap-6 pt-4 md:pt-6 border-t border-slate-100"
      >
        <button
          class="flex-1 py-4 md:py-5 rounded-[1.5rem] bg-white border-2 border-slate-100 text-slate-400 font-black text-[10px] uppercase tracking-widest hover:border-blue-300 hover:text-blue-600 transition-all flex items-center justify-center space-x-3 active:scale-95"
        >
          <svg
            aria-hidden="true"
            class="lucide lucide-file-text w-5 h-5"
            fill="none"
            height="24"
            stroke="currentColor"
            stroke-linecap="round"
            stroke-linejoin="round"
            stroke-width="2"
            viewBox="0 0 24 24"
            width="24"
            xmlns="http://www.w3.org/2000/svg"
          >
            <path
              d="M6 22a2 2 0 0 1-2-2V4a2 2 0 0 1 2-2h8a2.4 2.4 0 0 1 1.704.706l3.588 3.588A2.4 2.4 0 0 1 20 8v12a2 2 0 0 1-2 2z"
            />
            <path
              d="M14 2v5a1 1 0 0 0 1 1h5"
            />
            <path
              d="M10 9H8"
            />
            <path
              d="M16 13H8"
            />
            <path
              d="M16 17H8"
            />
          </svg>
          <span>
            Previsualizar Acta
          </span>
        </button>
        <button
          class="flex-1 py-4 md:py-5 rounded-[1.5rem] bg-amber-50 border-2 border-amber-200 text-amber-700 font-black text-[10px] uppercase tracking-widest hover:bg-amber-100 transition-all flex items-center justify-center space-x-3 active:scale-95"
        >
          <svg
            aria-hidden="true"
            class="lucide lucide-clock w-5 h-5"
            fill="none"
            height="24"
            stroke="currentColor"
            stroke-linecap="round"
            stroke-linejoin="round"
            stroke-width="2"
            viewBox="0 0 24 24"
            width="24"
            xmlns="http://www.w3.org/2000/svg"
          >
            <path
              d="M12 6v6l4 2"
            />
            <circle
              cx="12"
              cy="12"
              r="10"
            />
          </svg>
          <span
            class="leading-tight"
          >
            Sacar de GCC
            <br />
            y Continuar
          </span>
        </button>
        <button
          class="flex-1 py-4 md:py-5 rounded-[1.5rem] font-black text-[10px] uppercase tracking-[0.2em] shadow-xl transition-all flex items-center justify-center space-x-3 active:scale-95 bg-slate-200 text-slate-400 cursor-not-allowed"
          disabled=""
        >
          <svg
            aria-hidden="true"
            class="lucide lucide-shield-check w-5 h-5"
            fill="none"
            height="24"
            stroke="currentColor"
            stroke-linecap="round"
            stroke-linejoin="round"
            stroke-width="2"
            viewBox="0 0 24 24"
            width="24"
            xmlns="http://www.w3.org/2000/svg"
          >
            <path
              d="M20 13c0 5-3.5 7.5-7.66 8.95a1 1 0 0 1-.67-.01C7.5 20.5 4 18 4 13V6a1 1 0 0 1 1-1c2 0 4.5-1.2 6.24-2.72a1.17 1.17 0 0 1 1.52 0C14.51 3.81 17 5 19 5a1 1 0 0 1 1 1z"
            />
            <path
              d="m9 12 2 2 4-4"
            />
          </svg>
          <span
            class="leading-tight"
          >
            Cierre Exitoso
            <br />
            por V├¡a Formativa
          </span>
        </button>
      </div>
      <div
        class="p-4 bg-blue-50 border border-blue-200 rounded-[1.5rem] text-[10px] text-blue-700 font-bold uppercase tracking-widest"
      >
        Ôôÿ El cierre exitoso solo est├í disponible cuando el estado es "LOGRADO"
      </div>
    </div>
  </div>
</body>
 ÔØ» Object.getElementError node_modules/@testing-library/dom/dist/config.js:37:19
 ÔØ» node_modules/@testing-library/dom/dist/query-helpers.js:76:38
 ÔØ» node_modules/@testing-library/dom/dist/query-helpers.js:52:17
 ÔØ» node_modules/@testing-library/dom/dist/query-helpers.js:95:19
 ÔØ» src/features/mediacion/components/GccResolucion.test.tsx:158:35
    156|     render(<GccResolucion {...defaultProps} />);
    157|     
    158|     const destraboButton = screen.getByRole('button', { name: /destrabÔÇª
       |                                   ^
    159|     
    160|     fireEvent.click(destraboButton);

ÔÄ»ÔÄ»ÔÄ»ÔÄ»ÔÄ»ÔÄ»ÔÄ»ÔÄ»ÔÄ»ÔÄ»ÔÄ»ÔÄ»ÔÄ»ÔÄ»ÔÄ»ÔÄ»ÔÄ»ÔÄ»ÔÄ»ÔÄ»ÔÄ»ÔÄ»ÔÄ»[9/16]ÔÄ»

 FAIL  src/features/mediacion/components/WizardModal.test.tsx > WizardModal > deber├¡a mostrar los 4 pasos del wizard
TestingLibraryElementError: Found multiple elements with the text: /Validaci├│n/i

Here are the matching elements:

Ignored nodes: comments, script, style
<div
  class="text-[10px] font-black uppercase tracking-widest"
>
  Validaci├│n
</div>

Ignored nodes: comments, script, style
<h3
  class="text-lg font-black text-slate-900 uppercase tracking-tight"
>
  Validaci├│n de Requisitos
</h3>

(If this is intentional, then use the `*AllBy*` variant of the query (like `queryAllByText`, `getAllByText`, or `findAllByText`)).

Ignored nodes: comments, script, style
<body>
  <div>
    <div
      class="fixed inset-0 bg-black/50 flex items-center justify-center z-50 p-4"
    >
      <div
        class="bg-white rounded-[2.5rem] border border-slate-200 shadow-2xl w-full max-w-2xl max-h-[90vh] overflow-hidden flex flex-col animate-in zoom-in-95 duration-300"
      >
        <div
          class="flex justify-between items-center p-6 md:p-8 border-b border-slate-200 bg-gradient-to-r from-emerald-50 to-blue-50"
        >
          <div>
            <h2
              class="text-xl md:text-2xl font-black text-slate-900 uppercase tracking-tight"
            >
              Asistente de Cierre GCC
            </h2>
            <p
              class="text-[11px] font-bold text-slate-500 mt-1 uppercase tracking-widest"
            >
              Caso de Prueba
            </p>
          </div>
          <button
            class="p-2 text-slate-400 hover:text-slate-600 transition-colors"
          >
            <svg
              aria-hidden="true"
              class="lucide lucide-x w-6 h-6"
              fill="none"
              height="24"
              stroke="currentColor"
              stroke-linecap="round"
              stroke-linejoin="round"
              stroke-width="2"
              viewBox="0 0 24 24"
              width="24"
              xmlns="http://www.w3.org/2000/svg"
            >
              <path
                d="M18 6 6 18"
              />
              <path
                d="m6 6 12 12"
              />
            </svg>
          </button>
        </div>
        <div
          class="px-6 md:px-8 pt-6 pb-4"
        >
          <div
            class="flex justify-between items-center gap-2"
          >
            <div
              class="flex-1 py-3 px-4 rounded-xl text-center transition-all bg-emerald-600 text-white"
            >
              <div
                class="text-[10px] font-black uppercase tracking-widest"
              >
                Validaci├│n
              </div>
            </div>
            <svg
              aria-hidden="true"
              class="lucide lucide-chevron-right w-4 h-4 flex-shrink-0 text-slate-300"
              fill="none"
              height="24"
              stroke="currentColor"
              stroke-linecap="round"
              stroke-linejoin="round"
              stroke-width="2"
              viewBox="0 0 24 24"
              width="24"
              xmlns="http://www.w3.org/2000/svg"
            >
              <path
                d="m9 18 6-6-6-6"
              />
            </svg>
            <div
              class="flex-1 py-3 px-4 rounded-xl text-center transition-all bg-slate-200 text-slate-400"
            >
              <div
                class="text-[10px] font-black uppercase tracking-widest"
              >
                Confirmaci├│n
              </div>
            </div>
            <svg
              aria-hidden="true"
              class="lucide lucide-chevron-right w-4 h-4 flex-shrink-0 text-slate-300"
              fill="none"
              height="24"
              stroke="currentColor"
              stroke-linecap="round"
              stroke-linejoin="round"
              stroke-width="2"
              viewBox="0 0 24 24"
              width="24"
              xmlns="http://www.w3.org/2000/svg"
            >
              <path
                d="m9 18 6-6-6-6"
              />
            </svg>
            <div
              class="flex-1 py-3 px-4 rounded-xl text-center transition-all bg-slate-200 text-slate-400"
            >
              <div
                class="text-[10px] font-black uppercase tracking-widest"
              >
                Acta
              </div>
            </div>
            <svg
              aria-hidden="true"
              class="lucide lucide-chevron-right w-4 h-4 flex-shrink-0 text-slate-300"
              fill="none"
              height="24"
              stroke="currentColor"
              stroke-linecap="round"
              stroke-linejoin="round"
              stroke-width="2"
              viewBox="0 0 24 24"
              width="24"
              xmlns="http://www.w3.org/2000/svg"
            >
              <path
                d="m9 18 6-6-6-6"
              />
            </svg>
            <div
              class="flex-1 py-3 px-4 rounded-xl text-center transition-all bg-slate-200 text-slate-400"
            >
              <div
                class="text-[10px] font-black uppercase tracking-widest"
              >
                Cierre
              </div>
            </div>
          </div>
        </div>
        <div
          class="flex-1 overflow-y-auto px-6 md:px-8 py-6"
        >
          <div
            class="space-y-6"
          >
            <h3
              class="text-lg font-black text-slate-900 uppercase tracking-tight"
            >
              Validaci├│n de Requisitos
            </h3>
            <div
              class="space-y-4"
            >
              <div
                class="p-4 border-2 border-emerald-200 bg-emerald-50 rounded-[1.5rem]"
              >
                <div
                  class="flex items-start gap-4"
                >
                  <svg
                    aria-hidden="true"
                    class="lucide lucide-circle-check-big w-5 h-5 text-emerald-600 flex-shrink-0 mt-1"
                    fill="none"
                    height="24"
                    stroke="currentColor"
                    stroke-linecap="round"
                    stroke-linejoin="round"
                    stroke-width="2"
                    viewBox="0 0 24 24"
                    width="24"
                    xmlns="http://www.w3.org/2000/svg"
                  >
                    <path
                      d="M21.801 10A10 10 0 1 1 17 3.335"
                    />
                    <path
                      d="m9 11 3 3L22 4"
                    />
                  </svg>
                  <div
                    class="flex-1"
                  >
                    <h4
                      class="font-black text-slate-900 text-sm"
                    >
                      Compromisos Registrados
                    </h4>
                    <p
                      class="text-xs text-slate-600 mt-1"
                    >
                      5
                       compromisos definidos
                    </p>
                  </div>
                  <span
                    class="text-[10px] font-black bg-emerald-600 text-white px-3 py-1 rounded-full uppercase"
                  >
                    Ô£ô Cumple
                  </span>
                </div>
              </div>
              <div
                class="p-4 border-2 rounded-[1.5rem] border-blue-200 bg-blue-50"
              >
                <div
                  class="flex items-start gap-4"
                >
                  <svg
                    aria-hidden="true"
                    class="lucide lucide-circle-check-big w-5 h-5 text-blue-600 flex-shrink-0 mt-1"
                    fill="none"
                    height="24"
                    stroke="currentColor"
                    stroke-linecap="round"
                    stroke-linejoin="round"
                    stroke-width="2"
                    viewBox="0 0 24 24"
                    width="24"
                    xmlns="http://www.w3.org/2000/svg"
                  >
                    <path
                      d="M21.801 10A10 10 0 1 1 17 3.335"
                    />
                    <path
                      d="m9 11 3 3L22 4"
                    />
                  </svg>
                  <div
                    class="flex-1"
                  >
                    <h4
                      class="font-black text-slate-900 text-sm"
                    >
                      Compromisos Completados
                    </h4>
                    <p
                      class="text-xs mt-1 text-blue-600"
                    >
                      3
                       de 
                      5
                       completados
                    </p>
                  </div>
                </div>
              </div>
              <div
                class="p-4 bg-slate-50 border border-slate-200 rounded-[1.5rem] text-[10px] text-slate-600 font-bold uppercase tracking-widest"
              >
                Ôôÿ Se recomienda que al menos el 50% de los compromisos est├®n completados
              </div>
            </div>
          </div>
        </div>
        <div
          class="flex gap-4 p-6 md:p-8 border-t border-slate-200 bg-slate-50"
        >
          <button
            class="flex items-center gap-2 px-6 py-3 rounded-xl font-black text-[10px] uppercase tracking-widest bg-white border-2 border-slate-200 text-slate-600 hover:border-slate-300 transition-all disabled:opacity-50 disabled:cursor-not-allowed"
            disabled=""
          >
            <svg
              aria-hidden="true"
              class="lucide lucide-chevron-left w-4 h-4"
              fill="none"
              height="24"
              stroke="currentColor"
              stroke-linecap="round"
              stroke-linejoin="round"
              stroke-width="2"
              viewBox="0 0 24 24"
              width="24"
              xmlns="http://www.w3.org/2000/svg"
            >
              <path
                d="m15 18-6-6 6-6"
              />
            </svg>
            Anterior
          </button>
          <button
            class="flex-1 flex items-center justify-center gap-2 px-6 py-3 rounded-xl font-black text-[10px] uppercase tracking-widest bg-emerald-600 text-white hover:bg-emerald-700 transition-all disabled:opacity-50 active:scale-95"
          >
            Siguiente
            <svg
              aria-hidden="true"
              class="lucide lucide-chevron-right w-4 h-4"
              fill="none"
              height="24"
              stroke="currentColor"
              stroke-linecap="round"
              stroke-linejoin="round"
              stroke-width="2"
              viewBox="0 0 24 24"
              width="24"
              xmlns="http://www.w3.org/2000/svg"
            >
              <path
                d="m9 18 6-6-6-6"
              />
            </svg>
          </button>
        </div>
      </div>
    </div>
  </div>
</body>
 ÔØ» Object.getElementError node_modules/@testing-library/dom/dist/config.js:37:19
 ÔØ» getElementError node_modules/@testing-library/dom/dist/query-helpers.js:20:35
 ÔØ» getMultipleElementsFoundError node_modules/@testing-library/dom/dist/query-helpers.js:23:10
 ÔØ» node_modules/@testing-library/dom/dist/query-helpers.js:55:13
 ÔØ» node_modules/@testing-library/dom/dist/query-helpers.js:95:19
 ÔØ» src/features/mediacion/components/WizardModal.test.tsx:46:19
     44|     render(<WizardModal {...defaultProps} />);
     45|     
     46|     expect(screen.getByText(/Validaci├│n/i)).toBeInTheDocument();
       |                   ^
     47|     expect(screen.getByText(/Confirmaci├│n/i)).toBeInTheDocument();
     48|     expect(screen.getByText(/Acta/i)).toBeInTheDocument();

ÔÄ»ÔÄ»ÔÄ»ÔÄ»ÔÄ»ÔÄ»ÔÄ»ÔÄ»ÔÄ»ÔÄ»ÔÄ»ÔÄ»ÔÄ»ÔÄ»ÔÄ»ÔÄ»ÔÄ»ÔÄ»ÔÄ»ÔÄ»ÔÄ»ÔÄ»[10/16]ÔÄ»

 FAIL  src/features/mediacion/components/WizardModal.test.tsx > WizardModal > deber├¡a no mostrar bot├│n anterior en primer paso
AssertionError: expected 1 to be +0 // Object.is equality

- Expected
+ Received

- 0
+ 1

 ÔØ» src/features/mediacion/components/WizardModal.test.tsx:75:32
     73|     
     74|     const prevButtons = screen.queryAllByRole('button', { name: /anterÔÇª
     75|     expect(prevButtons.length).toBe(0);
       |                                ^
     76|   });
     77| 

ÔÄ»ÔÄ»ÔÄ»ÔÄ»ÔÄ»ÔÄ»ÔÄ»ÔÄ»ÔÄ»ÔÄ»ÔÄ»ÔÄ»ÔÄ»ÔÄ»ÔÄ»ÔÄ»ÔÄ»ÔÄ»ÔÄ»ÔÄ»ÔÄ»ÔÄ»[11/16]ÔÄ»

 FAIL  src/features/mediacion/components/WizardModal.test.tsx > WizardModal > deber├¡a llamar onClose cuando se hace clic en cerrar
TestingLibraryElementError: Unable to find an accessible element with the role "button" and name `/cerrar|close|├ù/i`

Here are the accessible roles:

  heading:

  Name "Asistente de Cierre GCC":
  <h2
    class="text-xl md:text-2xl font-black text-slate-900 uppercase tracking-tight"
  />

  Name "Validaci├│n de Requisitos":
  <h3
    class="text-lg font-black text-slate-900 uppercase tracking-tight"
  />

  Name "Compromisos Registrados":
  <h4
    class="font-black text-slate-900 text-sm"
  />

  Name "Compromisos Completados":
  <h4
    class="font-black text-slate-900 text-sm"
  />

  --------------------------------------------------
  paragraph:

  Name "":
  <p
    class="text-[11px] font-bold text-slate-500 mt-1 uppercase tracking-widest"
  />

  Name "":
  <p
    class="text-xs text-slate-600 mt-1"
  />

  Name "":
  <p
    class="text-xs mt-1 text-blue-600"
  />

  --------------------------------------------------
  button:

  Name "":
  <button
    class="p-2 text-slate-400 hover:text-slate-600 transition-colors"
  />

  Name "Anterior":
  <button
    class="flex items-center gap-2 px-6 py-3 rounded-xl font-black text-[10px] uppercase tracking-widest bg-white border-2 border-slate-200 text-slate-600 hover:border-slate-300 transition-all disabled:opacity-50 disabled:cursor-not-allowed"
    disabled=""
  />

  Name "Siguiente":
  <button
    class="flex-1 flex items-center justify-center gap-2 px-6 py-3 rounded-xl font-black text-[10px] uppercase tracking-widest bg-emerald-600 text-white hover:bg-emerald-700 transition-all disabled:opacity-50 active:scale-95"
  />

  --------------------------------------------------

Ignored nodes: comments, script, style
<body>
  <div>
    <div
      class="fixed inset-0 bg-black/50 flex items-center justify-center z-50 p-4"
    >
      <div
        class="bg-white rounded-[2.5rem] border border-slate-200 shadow-2xl w-full max-w-2xl max-h-[90vh] overflow-hidden flex flex-col animate-in zoom-in-95 duration-300"
      >
        <div
          class="flex justify-between items-center p-6 md:p-8 border-b border-slate-200 bg-gradient-to-r from-emerald-50 to-blue-50"
        >
          <div>
            <h2
              class="text-xl md:text-2xl font-black text-slate-900 uppercase tracking-tight"
            >
              Asistente de Cierre GCC
            </h2>
            <p
              class="text-[11px] font-bold text-slate-500 mt-1 uppercase tracking-widest"
            >
              Caso de Prueba
            </p>
          </div>
          <button
            class="p-2 text-slate-400 hover:text-slate-600 transition-colors"
          >
            <svg
              aria-hidden="true"
              class="lucide lucide-x w-6 h-6"
              fill="none"
              height="24"
              stroke="currentColor"
              stroke-linecap="round"
              stroke-linejoin="round"
              stroke-width="2"
              viewBox="0 0 24 24"
              width="24"
              xmlns="http://www.w3.org/2000/svg"
            >
              <path
                d="M18 6 6 18"
              />
              <path
                d="m6 6 12 12"
              />
            </svg>
          </button>
        </div>
        <div
          class="px-6 md:px-8 pt-6 pb-4"
        >
          <div
            class="flex justify-between items-center gap-2"
          >
            <div
              class="flex-1 py-3 px-4 rounded-xl text-center transition-all bg-emerald-600 text-white"
            >
              <div
                class="text-[10px] font-black uppercase tracking-widest"
              >
                Validaci├│n
              </div>
            </div>
            <svg
              aria-hidden="true"
              class="lucide lucide-chevron-right w-4 h-4 flex-shrink-0 text-slate-300"
              fill="none"
              height="24"
              stroke="currentColor"
              stroke-linecap="round"
              stroke-linejoin="round"
              stroke-width="2"
              viewBox="0 0 24 24"
              width="24"
              xmlns="http://www.w3.org/2000/svg"
            >
              <path
                d="m9 18 6-6-6-6"
              />
            </svg>
            <div
              class="flex-1 py-3 px-4 rounded-xl text-center transition-all bg-slate-200 text-slate-400"
            >
              <div
                class="text-[10px] font-black uppercase tracking-widest"
              >
                Confirmaci├│n
              </div>
            </div>
            <svg
              aria-hidden="true"
              class="lucide lucide-chevron-right w-4 h-4 flex-shrink-0 text-slate-300"
              fill="none"
              height="24"
              stroke="currentColor"
              stroke-linecap="round"
              stroke-linejoin="round"
              stroke-width="2"
              viewBox="0 0 24 24"
              width="24"
              xmlns="http://www.w3.org/2000/svg"
            >
              <path
                d="m9 18 6-6-6-6"
              />
            </svg>
            <div
              class="flex-1 py-3 px-4 rounded-xl text-center transition-all bg-slate-200 text-slate-400"
            >
              <div
                class="text-[10px] font-black uppercase tracking-widest"
              >
                Acta
              </div>
            </div>
            <svg
              aria-hidden="true"
              class="lucide lucide-chevron-right w-4 h-4 flex-shrink-0 text-slate-300"
              fill="none"
              height="24"
              stroke="currentColor"
              stroke-linecap="round"
              stroke-linejoin="round"
              stroke-width="2"
              viewBox="0 0 24 24"
              width="24"
              xmlns="http://www.w3.org/2000/svg"
            >
              <path
                d="m9 18 6-6-6-6"
              />
            </svg>
            <div
              class="flex-1 py-3 px-4 rounded-xl text-center transition-all bg-slate-200 text-slate-400"
            >
              <div
                class="text-[10px] font-black uppercase tracking-widest"
              >
                Cierre
              </div>
            </div>
          </div>
        </div>
        <div
          class="flex-1 overflow-y-auto px-6 md:px-8 py-6"
        >
          <div
            class="space-y-6"
          >
            <h3
              class="text-lg font-black text-slate-900 uppercase tracking-tight"
            >
              Validaci├│n de Requisitos
            </h3>
            <div
              class="space-y-4"
            >
              <div
                class="p-4 border-2 border-emerald-200 bg-emerald-50 rounded-[1.5rem]"
              >
                <div
                  class="flex items-start gap-4"
                >
                  <svg
                    aria-hidden="true"
                    class="lucide lucide-circle-check-big w-5 h-5 text-emerald-600 flex-shrink-0 mt-1"
                    fill="none"
                    height="24"
                    stroke="currentColor"
                    stroke-linecap="round"
                    stroke-linejoin="round"
                    stroke-width="2"
                    viewBox="0 0 24 24"
                    width="24"
                    xmlns="http://www.w3.org/2000/svg"
                  >
                    <path
                      d="M21.801 10A10 10 0 1 1 17 3.335"
                    />
                    <path
                      d="m9 11 3 3L22 4"
                    />
                  </svg>
                  <div
                    class="flex-1"
                  >
                    <h4
                      class="font-black text-slate-900 text-sm"
                    >
                      Compromisos Registrados
                    </h4>
                    <p
                      class="text-xs text-slate-600 mt-1"
                    >
                      5
                       compromisos definidos
                    </p>
                  </div>
                  <span
                    class="text-[10px] font-black bg-emerald-600 text-white px-3 py-1 rounded-full uppercase"
                  >
                    Ô£ô Cumple
                  </span>
                </div>
              </div>
              <div
                class="p-4 border-2 rounded-[1.5rem] border-blue-200 bg-blue-50"
              >
                <div
                  class="flex items-start gap-4"
                >
                  <svg
                    aria-hidden="true"
                    class="lucide lucide-circle-check-big w-5 h-5 text-blue-600 flex-shrink-0 mt-1"
                    fill="none"
                    height="24"
                    stroke="currentColor"
                    stroke-linecap="round"
                    stroke-linejoin="round"
                    stroke-width="2"
                    viewBox="0 0 24 24"
                    width="24"
                    xmlns="http://www.w3.org/2000/svg"
                  >
                    <path
                      d="M21.801 10A10 10 0 1 1 17 3.335"
                    />
                    <path
                      d="m9 11 3 3L22 4"
                    />
                  </svg>
                  <div
                    class="flex-1"
                  >
                    <h4
                      class="font-black text-slate-900 text-sm"
                    >
                      Compromisos Completados
                    </h4>
                    <p
                      class="text-xs mt-1 text-blue-600"
                    >
                      3
                       de 
                      5
                       completados
                    </p>
                  </div>
                </div>
              </div>
              <div
                class="p-4 bg-slate-50 border border-slate-200 rounded-[1.5rem] text-[10px] text-slate-600 font-bold uppercase tracking-widest"
              >
                Ôôÿ Se recomienda que al menos el 50% de los compromisos est├®n completados
              </div>
            </div>
          </div>
        </div>
        <div
          class="flex gap-4 p-6 md:p-8 border-t border-slate-200 bg-slate-50"
        >
          <button
            class="flex items-center gap-2 px-6 py-3 rounded-xl font-black text-[10px] uppercase tracking-widest bg-white border-2 border-slate-200 text-slate-600 hover:border-slate-300 transition-all disabled:opacity-50 disabled:cursor-not-allowed"
            disabled=""
          >
            <svg
              aria-hidden="true"
              class="lucide lucide-chevron-left w-4 h-4"
              fill="none"
              height="24"
              stroke="currentColor"
              stroke-linecap="round"
              stroke-linejoin="round"
              stroke-width="2"
              viewBox="0 0 24 24"
              width="24"
              xmlns="http://www.w3.org/2000/svg"
            >
              <path
                d="m15 18-6-6 6-6"
              />
            </svg>
            Anterior
          </button>
          <button
            class="flex-1 flex items-center justify-center gap-2 px-6 py-3 rounded-xl font-black text-[10px] uppercase tracking-widest bg-emerald-600 text-white hover:bg-emerald-700 transition-all disabled:opacity-50 active:scale-95"
          >
            Siguiente
            <svg
              aria-hidden="true"
              class="lucide lucide-chevron-right w-4 h-4"
              fill="none"
              height="24"
              stroke="currentColor"
              stroke-linecap="round"
              stroke-linejoin="round"
              stroke-width="2"
              viewBox="0 0 24 24"
              width="24"
              xmlns="http://www.w3.org/2000/svg"
            >
              <path
                d="m9 18 6-6-6-6"
              />
            </svg>
          </button>
        </div>
      </div>
    </div>
  </div>
</body>
 ÔØ» Object.getElementError node_modules/@testing-library/dom/dist/config.js:37:19
 ÔØ» node_modules/@testing-library/dom/dist/query-helpers.js:76:38
 ÔØ» node_modules/@testing-library/dom/dist/query-helpers.js:52:17
 ÔØ» node_modules/@testing-library/dom/dist/query-helpers.js:95:19
 ÔØ» src/features/mediacion/components/WizardModal.test.tsx:81:32
     79|     render(<WizardModal {...defaultProps} />);
     80|     
     81|     const closeButton = screen.getByRole('button', { name: /cerrar|cloÔÇª
       |                                ^
     82|     fireEvent.click(closeButton);
     83|     

ÔÄ»ÔÄ»ÔÄ»ÔÄ»ÔÄ»ÔÄ»ÔÄ»ÔÄ»ÔÄ»ÔÄ»ÔÄ»ÔÄ»ÔÄ»ÔÄ»ÔÄ»ÔÄ»ÔÄ»ÔÄ»ÔÄ»ÔÄ»ÔÄ»ÔÄ»[12/16]ÔÄ»

 FAIL  src/features/mediacion/components/WizardModal.test.tsx > WizardModal > deber├¡a navegar al siguiente paso
TestingLibraryElementError: Found multiple elements with the text: /Confirmaci├│n/i

Here are the matching elements:

Ignored nodes: comments, script, style
<div
  class="text-[10px] font-black uppercase tracking-widest"
>
  Confirmaci├│n
</div>

Ignored nodes: comments, script, style
<h3
  class="text-lg font-black text-slate-900 uppercase tracking-tight"
>
  Confirmaci├│n de Datos
</h3>

(If this is intentional, then use the `*AllBy*` variant of the query (like `queryAllByText`, `getAllByText`, or `findAllByText`)).

Ignored nodes: comments, script, style
<body>
  <div>
    <div
      class="fixed inset-0 bg-black/50 flex items-center justify-center z-50 p-4"
    >
      <div
        class="bg-white rounded-[2.5rem] border border-slate-200 shadow-2xl w-full max-w-2xl max-h-[90vh] overflow-hidden flex flex-col animate-in zoom-in-95 duration-300"
      >
        <div
          class="flex justify-between items-center p-6 md:p-8 border-b border-slate-200 bg-gradient-to-r from-emerald-50 to-blue-50"
        >
          <div>
            <h2
              class="text-xl md:text-2xl font-black text-slate-900 uppercase tracking-tight"
            >
              Asistente de Cierre GCC
            </h2>
            <p
              class="text-[11px] font-bold text-slate-500 mt-1 uppercase tracking-widest"
            >
              Caso de Prueba
            </p>
          </div>
          <button
            class="p-2 text-slate-400 hover:text-slate-600 transition-colors"
          >
            <svg
              aria-hidden="true"
              class="lucide lucide-x w-6 h-6"
              fill="none"
              height="24"
              stroke="currentColor"
              stroke-linecap="round"
              stroke-linejoin="round"
              stroke-width="2"
              viewBox="0 0 24 24"
              width="24"
              xmlns="http://www.w3.org/2000/svg"
            >
              <path
                d="M18 6 6 18"
              />
              <path
                d="m6 6 12 12"
              />
            </svg>
          </button>
        </div>
        <div
          class="px-6 md:px-8 pt-6 pb-4"
        >
          <div
            class="flex justify-between items-center gap-2"
          >
            <div
              class="flex-1 py-3 px-4 rounded-xl text-center transition-all bg-emerald-600 text-white"
            >
              <div
                class="text-[10px] font-black uppercase tracking-widest"
              >
                Validaci├│n
              </div>
            </div>
            <svg
              aria-hidden="true"
              class="lucide lucide-chevron-right w-4 h-4 flex-shrink-0 text-emerald-600"
              fill="none"
              height="24"
              stroke="currentColor"
              stroke-linecap="round"
              stroke-linejoin="round"
              stroke-width="2"
              viewBox="0 0 24 24"
              width="24"
              xmlns="http://www.w3.org/2000/svg"
            >
              <path
                d="m9 18 6-6-6-6"
              />
            </svg>
            <div
              class="flex-1 py-3 px-4 rounded-xl text-center transition-all bg-emerald-600 text-white"
            >
              <div
                class="text-[10px] font-black uppercase tracking-widest"
              >
                Confirmaci├│n
              </div>
            </div>
            <svg
              aria-hidden="true"
              class="lucide lucide-chevron-right w-4 h-4 flex-shrink-0 text-slate-300"
              fill="none"
              height="24"
              stroke="currentColor"
              stroke-linecap="round"
              stroke-linejoin="round"
              stroke-width="2"
              viewBox="0 0 24 24"
              width="24"
              xmlns="http://www.w3.org/2000/svg"
            >
              <path
                d="m9 18 6-6-6-6"
              />
            </svg>
            <div
              class="flex-1 py-3 px-4 rounded-xl text-center transition-all bg-slate-200 text-slate-400"
            >
              <div
                class="text-[10px] font-black uppercase tracking-widest"
              >
                Acta
              </div>
            </div>
            <svg
              aria-hidden="true"
              class="lucide lucide-chevron-right w-4 h-4 flex-shrink-0 text-slate-300"
              fill="none"
              height="24"
              stroke="currentColor"
              stroke-linecap="round"
              stroke-linejoin="round"
              stroke-width="2"
              viewBox="0 0 24 24"
              width="24"
              xmlns="http://www.w3.org/2000/svg"
            >
              <path
                d="m9 18 6-6-6-6"
              />
            </svg>
            <div
              class="flex-1 py-3 px-4 rounded-xl text-center transition-all bg-slate-200 text-slate-400"
            >
              <div
                class="text-[10px] font-black uppercase tracking-widest"
              >
                Cierre
              </div>
            </div>
          </div>
        </div>
        <div
          class="flex-1 overflow-y-auto px-6 md:px-8 py-6"
        >
          <div
            class="space-y-6"
          >
            <h3
              class="text-lg font-black text-slate-900 uppercase tracking-tight"
            >
              Confirmaci├│n de Datos
            </h3>
            <div
              class="space-y-4"
            >
              <div
                class="p-4 bg-slate-50 border border-slate-200 rounded-[1.5rem]"
              >
                <p
                  class="text-[10px] font-black text-slate-500 uppercase tracking-widest mb-2"
                >
                  Caso
                </p>
                <p
                  class="text-sm font-black text-slate-900"
                >
                  Caso de Prueba
                </p>
              </div>
              <div
                class="p-4 bg-slate-50 border border-slate-200 rounded-[1.5rem]"
              >
                <p
                  class="text-[10px] font-black text-slate-500 uppercase tracking-widest mb-2"
                >
                  ID Mediaci├│n
                </p>
                <p
                  class="text-sm font-mono text-slate-600"
                >
                  med-001
                </p>
              </div>
              <div
                class="p-4 bg-slate-50 border border-slate-200 rounded-[1.5rem]"
              >
                <p
                  class="text-[10px] font-black text-slate-500 uppercase tracking-widest mb-2"
                >
                  Resumen
                </p>
                <ul
                  class="space-y-2 text-xs text-slate-600"
                >
                  <li>
                    ÔÇó Total compromisos: 
                    <span
                      class="font-bold"
                    >
                      5
                    </span>
                  </li>
                  <li>
                    ÔÇó Completados: 
                    <span
                      class="font-bold"
                    >
                      3
                    </span>
                  </li>
                  <li>
                    ÔÇó Pendientes: 
                    <span
                      class="font-bold"
                    >
                      2
                    </span>
                  </li>
                </ul>
              </div>
            </div>
          </div>
        </div>
        <div
          class="flex gap-4 p-6 md:p-8 border-t border-slate-200 bg-slate-50"
        >
          <button
            class="flex items-center gap-2 px-6 py-3 rounded-xl font-black text-[10px] uppercase tracking-widest bg-white border-2 border-slate-200 text-slate-600 hover:border-slate-300 transition-all disabled:opacity-50 disabled:cursor-not-allowed"
          >
            <svg
              aria-hidden="true"
              class="lucide lucide-chevron-left w-4 h-4"
              fill="none"
              height="24"
              stroke="currentColor"
              stroke-linecap="round"
              stroke-linejoin="round"
              stroke-width="2"
              viewBox="0 0 24 24"
              width="24"
              xmlns="http://www.w3.org/2000/svg"
            >
              <path
                d="m15 18-6-6 6-6"
              />
            </svg>
            Anterior
          </button>
          <button
            class="flex-1 flex items-center justify-center gap-2 px-6 py-3 rounded-xl font-black text-[10px] uppercase tracking-widest bg-emerald-600 text-white hover:bg-emerald-700 transition-all disabled:opacity-50 active:scale-95"
          >
            Siguiente
            <svg
              aria-hidden="true"
              class="lucide lucide-chevron-right w-4 h-4"
              fill="none"
              height="24"
              stroke="currentColor"
              stroke-linecap="round"
              stroke-linejoin="round"
              stroke-width="2"
              viewBox="0 0 24 24"
              width="24"
              xmlns="http://www.w3.org/2000/svg"
            >
              <path
                d="m9 18 6-6-6-6"
              />
            </svg>
          </button>
        </div>
      </div>
    </div>
  </div>
</body>
 ÔØ» Object.getElementError node_modules/@testing-library/dom/dist/config.js:37:19
 ÔØ» getElementError node_modules/@testing-library/dom/dist/query-helpers.js:20:35
 ÔØ» getMultipleElementsFoundError node_modules/@testing-library/dom/dist/query-helpers.js:23:10
 ÔØ» node_modules/@testing-library/dom/dist/query-helpers.js:55:13
 ÔØ» node_modules/@testing-library/dom/dist/query-helpers.js:95:19
 ÔØ» src/features/mediacion/components/WizardModal.test.tsx:94:19
     92|     
     93|     // After clicking next, should be in confirmaci├│n step
     94|     expect(screen.getByText(/Confirmaci├│n/i)).toBeInTheDocument();
       |                   ^
     95|   });
     96| 

ÔÄ»ÔÄ»ÔÄ»ÔÄ»ÔÄ»ÔÄ»ÔÄ»ÔÄ»ÔÄ»ÔÄ»ÔÄ»ÔÄ»ÔÄ»ÔÄ»ÔÄ»ÔÄ»ÔÄ»ÔÄ»ÔÄ»ÔÄ»ÔÄ»ÔÄ»[13/16]ÔÄ»

 FAIL  src/features/mediacion/components/WizardModal.test.tsx > WizardModal > deber├¡a mostrar bot├│n de completar en ├║ltimo paso
TestingLibraryElementError: Unable to find an accessible element with the role "button" and name `/completar|complete|confirmar/i`

Here are the accessible roles:

  heading:

  Name "Asistente de Cierre GCC":
  <h2
    class="text-xl md:text-2xl font-black text-slate-900 uppercase tracking-tight"
  />

  Name "Confirmaci├│n Final":
  <h3
    class="text-lg font-black text-slate-900 uppercase tracking-tight"
  />

  --------------------------------------------------
  paragraph:

  Name "":
  <p
    class="text-[11px] font-bold text-slate-500 mt-1 uppercase tracking-widest"
  />

  Name "":
  <p
    class="text-sm font-black text-slate-900"
  />

  Name "":
  <p
    class="text-[11px] text-slate-700 leading-relaxed"
  />

  Name "":
  <p />

  Name "":
  <p />

  Name "":
  <p />

  Name "":
  <p />

  --------------------------------------------------
  button:

  Name "":
  <button
    class="p-2 text-slate-400 hover:text-slate-600 transition-colors"
  />

  Name "Anterior":
  <button
    class="flex items-center gap-2 px-6 py-3 rounded-xl font-black text-[10px] uppercase tracking-widest bg-white border-2 border-slate-200 text-slate-600 hover:border-slate-300 transition-all disabled:opacity-50 disabled:cursor-not-allowed"
  />

  Name "Finalizar Cierre":
  <button
    class="flex-1 px-6 py-3 rounded-xl font-black text-[10px] uppercase tracking-widest bg-emerald-600 text-white hover:bg-emerald-700 transition-all disabled:opacity-50 active:scale-95"
  />

  --------------------------------------------------

Ignored nodes: comments, script, style
<body>
  <div>
    <div
      class="fixed inset-0 bg-black/50 flex items-center justify-center z-50 p-4"
    >
      <div
        class="bg-white rounded-[2.5rem] border border-slate-200 shadow-2xl w-full max-w-2xl max-h-[90vh] overflow-hidden flex flex-col animate-in zoom-in-95 duration-300"
      >
        <div
          class="flex justify-between items-center p-6 md:p-8 border-b border-slate-200 bg-gradient-to-r from-emerald-50 to-blue-50"
        >
          <div>
            <h2
              class="text-xl md:text-2xl font-black text-slate-900 uppercase tracking-tight"
            >
              Asistente de Cierre GCC
            </h2>
            <p
              class="text-[11px] font-bold text-slate-500 mt-1 uppercase tracking-widest"
            >
              Caso de Prueba
            </p>
          </div>
          <button
            class="p-2 text-slate-400 hover:text-slate-600 transition-colors"
          >
            <svg
              aria-hidden="true"
              class="lucide lucide-x w-6 h-6"
              fill="none"
              height="24"
              stroke="currentColor"
              stroke-linecap="round"
              stroke-linejoin="round"
              stroke-width="2"
              viewBox="0 0 24 24"
              width="24"
              xmlns="http://www.w3.org/2000/svg"
            >
              <path
                d="M18 6 6 18"
              />
              <path
                d="m6 6 12 12"
              />
            </svg>
          </button>
        </div>
        <div
          class="px-6 md:px-8 pt-6 pb-4"
        >
          <div
            class="flex justify-between items-center gap-2"
          >
            <div
              class="flex-1 py-3 px-4 rounded-xl text-center transition-all bg-emerald-600 text-white"
            >
              <div
                class="text-[10px] font-black uppercase tracking-widest"
              >
                Validaci├│n
              </div>
            </div>
            <svg
              aria-hidden="true"
              class="lucide lucide-chevron-right w-4 h-4 flex-shrink-0 text-emerald-600"
              fill="none"
              height="24"
              stroke="currentColor"
              stroke-linecap="round"
              stroke-linejoin="round"
              stroke-width="2"
              viewBox="0 0 24 24"
              width="24"
              xmlns="http://www.w3.org/2000/svg"
            >
              <path
                d="m9 18 6-6-6-6"
              />
            </svg>
            <div
              class="flex-1 py-3 px-4 rounded-xl text-center transition-all bg-emerald-600 text-white"
            >
              <div
                class="text-[10px] font-black uppercase tracking-widest"
              >
                Confirmaci├│n
              </div>
            </div>
            <svg
              aria-hidden="true"
              class="lucide lucide-chevron-right w-4 h-4 flex-shrink-0 text-emerald-600"
              fill="none"
              height="24"
              stroke="currentColor"
              stroke-linecap="round"
              stroke-linejoin="round"
              stroke-width="2"
              viewBox="0 0 24 24"
              width="24"
              xmlns="http://www.w3.org/2000/svg"
            >
              <path
                d="m9 18 6-6-6-6"
              />
            </svg>
            <div
              class="flex-1 py-3 px-4 rounded-xl text-center transition-all bg-emerald-600 text-white"
            >
              <div
                class="text-[10px] font-black uppercase tracking-widest"
              >
                Acta
              </div>
            </div>
            <svg
              aria-hidden="true"
              class="lucide lucide-chevron-right w-4 h-4 flex-shrink-0 text-emerald-600"
              fill="none"
              height="24"
              stroke="currentColor"
              stroke-linecap="round"
              stroke-linejoin="round"
              stroke-width="2"
              viewBox="0 0 24 24"
              width="24"
              xmlns="http://www.w3.org/2000/svg"
            >
              <path
                d="m9 18 6-6-6-6"
              />
            </svg>
            <div
              class="flex-1 py-3 px-4 rounded-xl text-center transition-all bg-emerald-600 text-white"
            >
              <div
                class="text-[10px] font-black uppercase tracking-widest"
              >
                Cierre
              </div>
            </div>
          </div>
        </div>
        <div
          class="flex-1 overflow-y-auto px-6 md:px-8 py-6"
        >
          <div
            class="space-y-6"
          >
            <h3
              class="text-lg font-black text-slate-900 uppercase tracking-tight"
            >
              Confirmaci├│n Final
            </h3>
            <div
              class="p-6 bg-emerald-50 border-2 border-emerald-200 rounded-[1.5rem] space-y-4"
            >
              <div
                class="flex items-center gap-3"
              >
                <svg
                  aria-hidden="true"
                  class="lucide lucide-shield w-6 h-6 text-emerald-600"
                  fill="none"
                  height="24"
                  stroke="currentColor"
                  stroke-linecap="round"
                  stroke-linejoin="round"
                  stroke-width="2"
                  viewBox="0 0 24 24"
                  width="24"
                  xmlns="http://www.w3.org/2000/svg"
                >
                  <path
                    d="M20 13c0 5-3.5 7.5-7.66 8.95a1 1 0 0 1-.67-.01C7.5 20.5 4 18 4 13V6a1 1 0 0 1 1-1c2 0 4.5-1.2 6.24-2.72a1.17 1.17 0 0 1 1.52 0C14.51 3.81 17 5 19 5a1 1 0 0 1 1 1z"
                  />
                </svg>
                <p
                  class="text-sm font-black text-slate-900"
                >
                  Listo para Cerrar
                </p>
              </div>
              <p
                class="text-[11px] text-slate-700 leading-relaxed"
              >
                Todos los requisitos han sido validados. El proceso de mediaci├│n ser├í cerrado formalmente y el expediente disciplinario continuar├í su curso normal.
              </p>
            </div>
            <div
              class="space-y-2 text-[10px] text-slate-600 font-bold"
            >
              <p>
                Ô£ô Compromisos validados
              </p>
              <p>
                Ô£ô Acta generada
              </p>
              <p>
                Ô£ô Datos confirmados
              </p>
              <p>
                Ô£ô Listo para finalizar
              </p>
            </div>
          </div>
        </div>
        <div
          class="flex gap-4 p-6 md:p-8 border-t border-slate-200 bg-slate-50"
        >
          <button
            class="flex items-center gap-2 px-6 py-3 rounded-xl font-black text-[10px] uppercase tracking-widest bg-white border-2 border-slate-200 text-slate-600 hover:border-slate-300 transition-all disabled:opacity-50 disabled:cursor-not-allowed"
          >
            <svg
              aria-hidden="true"
              class="lucide lucide-chevron-left w-4 h-4"
              fill="none"
              height="24"
              stroke="currentColor"
              stroke-linecap="round"
              stroke-linejoin="round"
              stroke-width="2"
              viewBox="0 0 24 24"
              width="24"
              xmlns="http://www.w3.org/2000/svg"
            >
              <path
                d="m15 18-6-6 6-6"
              />
            </svg>
            Anterior
          </button>
          <button
            class="flex-1 px-6 py-3 rounded-xl font-black text-[10px] uppercase tracking-widest bg-emerald-600 text-white hover:bg-emerald-700 transition-all disabled:opacity-50 active:scale-95"
          >
            Finalizar Cierre
          </button>
        </div>
      </div>
    </div>
  </div>
</body>
 ÔØ» Object.getElementError node_modules/@testing-library/dom/dist/config.js:37:19
 ÔØ» node_modules/@testing-library/dom/dist/query-helpers.js:76:38
 ÔØ» node_modules/@testing-library/dom/dist/query-helpers.js:52:17
 ÔØ» node_modules/@testing-library/dom/dist/query-helpers.js:95:19
 ÔØ» src/features/mediacion/components/WizardModal.test.tsx:118:35
    116|     fireEvent.click(nextButton); // To final
    117|     
    118|     const completeButton = screen.getByRole('button', { name: /completÔÇª
       |                                   ^
    119|     expect(completeButton).toBeInTheDocument();
    120|   });

ÔÄ»ÔÄ»ÔÄ»ÔÄ»ÔÄ»ÔÄ»ÔÄ»ÔÄ»ÔÄ»ÔÄ»ÔÄ»ÔÄ»ÔÄ»ÔÄ»ÔÄ»ÔÄ»ÔÄ»ÔÄ»ÔÄ»ÔÄ»ÔÄ»ÔÄ»[14/16]ÔÄ»

 FAIL  src/features/mediacion/components/WizardModal.test.tsx > WizardModal > deber├¡a mostrar indicador de progreso visual
TestingLibraryElementError: Found multiple elements with the text: /Validaci├│n/i

Here are the matching elements:

Ignored nodes: comments, script, style
<div
  class="text-[10px] font-black uppercase tracking-widest"
>
  Validaci├│n
</div>

Ignored nodes: comments, script, style
<h3
  class="text-lg font-black text-slate-900 uppercase tracking-tight"
>
  Validaci├│n de Requisitos
</h3>

(If this is intentional, then use the `*AllBy*` variant of the query (like `queryAllByText`, `getAllByText`, or `findAllByText`)).

Ignored nodes: comments, script, style
<body>
  <div>
    <div
      class="fixed inset-0 bg-black/50 flex items-center justify-center z-50 p-4"
    >
      <div
        class="bg-white rounded-[2.5rem] border border-slate-200 shadow-2xl w-full max-w-2xl max-h-[90vh] overflow-hidden flex flex-col animate-in zoom-in-95 duration-300"
      >
        <div
          class="flex justify-between items-center p-6 md:p-8 border-b border-slate-200 bg-gradient-to-r from-emerald-50 to-blue-50"
        >
          <div>
            <h2
              class="text-xl md:text-2xl font-black text-slate-900 uppercase tracking-tight"
            >
              Asistente de Cierre GCC
            </h2>
            <p
              class="text-[11px] font-bold text-slate-500 mt-1 uppercase tracking-widest"
            >
              Caso de Prueba
            </p>
          </div>
          <button
            class="p-2 text-slate-400 hover:text-slate-600 transition-colors"
          >
            <svg
              aria-hidden="true"
              class="lucide lucide-x w-6 h-6"
              fill="none"
              height="24"
              stroke="currentColor"
              stroke-linecap="round"
              stroke-linejoin="round"
              stroke-width="2"
              viewBox="0 0 24 24"
              width="24"
              xmlns="http://www.w3.org/2000/svg"
            >
              <path
                d="M18 6 6 18"
              />
              <path
                d="m6 6 12 12"
              />
            </svg>
          </button>
        </div>
        <div
          class="px-6 md:px-8 pt-6 pb-4"
        >
          <div
            class="flex justify-between items-center gap-2"
          >
            <div
              class="flex-1 py-3 px-4 rounded-xl text-center transition-all bg-emerald-600 text-white"
            >
              <div
                class="text-[10px] font-black uppercase tracking-widest"
              >
                Validaci├│n
              </div>
            </div>
            <svg
              aria-hidden="true"
              class="lucide lucide-chevron-right w-4 h-4 flex-shrink-0 text-slate-300"
              fill="none"
              height="24"
              stroke="currentColor"
              stroke-linecap="round"
              stroke-linejoin="round"
              stroke-width="2"
              viewBox="0 0 24 24"
              width="24"
              xmlns="http://www.w3.org/2000/svg"
            >
              <path
                d="m9 18 6-6-6-6"
              />
            </svg>
            <div
              class="flex-1 py-3 px-4 rounded-xl text-center transition-all bg-slate-200 text-slate-400"
            >
              <div
                class="text-[10px] font-black uppercase tracking-widest"
              >
                Confirmaci├│n
              </div>
            </div>
            <svg
              aria-hidden="true"
              class="lucide lucide-chevron-right w-4 h-4 flex-shrink-0 text-slate-300"
              fill="none"
              height="24"
              stroke="currentColor"
              stroke-linecap="round"
              stroke-linejoin="round"
              stroke-width="2"
              viewBox="0 0 24 24"
              width="24"
              xmlns="http://www.w3.org/2000/svg"
            >
              <path
                d="m9 18 6-6-6-6"
              />
            </svg>
            <div
              class="flex-1 py-3 px-4 rounded-xl text-center transition-all bg-slate-200 text-slate-400"
            >
              <div
                class="text-[10px] font-black uppercase tracking-widest"
              >
                Acta
              </div>
            </div>
            <svg
              aria-hidden="true"
              class="lucide lucide-chevron-right w-4 h-4 flex-shrink-0 text-slate-300"
              fill="none"
              height="24"
              stroke="currentColor"
              stroke-linecap="round"
              stroke-linejoin="round"
              stroke-width="2"
              viewBox="0 0 24 24"
              width="24"
              xmlns="http://www.w3.org/2000/svg"
            >
              <path
                d="m9 18 6-6-6-6"
              />
            </svg>
            <div
              class="flex-1 py-3 px-4 rounded-xl text-center transition-all bg-slate-200 text-slate-400"
            >
              <div
                class="text-[10px] font-black uppercase tracking-widest"
              >
                Cierre
              </div>
            </div>
          </div>
        </div>
        <div
          class="flex-1 overflow-y-auto px-6 md:px-8 py-6"
        >
          <div
            class="space-y-6"
          >
            <h3
              class="text-lg font-black text-slate-900 uppercase tracking-tight"
            >
              Validaci├│n de Requisitos
            </h3>
            <div
              class="space-y-4"
            >
              <div
                class="p-4 border-2 border-emerald-200 bg-emerald-50 rounded-[1.5rem]"
              >
                <div
                  class="flex items-start gap-4"
                >
                  <svg
                    aria-hidden="true"
                    class="lucide lucide-circle-check-big w-5 h-5 text-emerald-600 flex-shrink-0 mt-1"
                    fill="none"
                    height="24"
                    stroke="currentColor"
                    stroke-linecap="round"
                    stroke-linejoin="round"
                    stroke-width="2"
                    viewBox="0 0 24 24"
                    width="24"
                    xmlns="http://www.w3.org/2000/svg"
                  >
                    <path
                      d="M21.801 10A10 10 0 1 1 17 3.335"
                    />
                    <path
                      d="m9 11 3 3L22 4"
                    />
                  </svg>
                  <div
                    class="flex-1"
                  >
                    <h4
                      class="font-black text-slate-900 text-sm"
                    >
                      Compromisos Registrados
                    </h4>
                    <p
                      class="text-xs text-slate-600 mt-1"
                    >
                      5
                       compromisos definidos
                    </p>
                  </div>
                  <span
                    class="text-[10px] font-black bg-emerald-600 text-white px-3 py-1 rounded-full uppercase"
                  >
                    Ô£ô Cumple
                  </span>
                </div>
              </div>
              <div
                class="p-4 border-2 rounded-[1.5rem] border-blue-200 bg-blue-50"
              >
                <div
                  class="flex items-start gap-4"
                >
                  <svg
                    aria-hidden="true"
                    class="lucide lucide-circle-check-big w-5 h-5 text-blue-600 flex-shrink-0 mt-1"
                    fill="none"
                    height="24"
                    stroke="currentColor"
                    stroke-linecap="round"
                    stroke-linejoin="round"
                    stroke-width="2"
                    viewBox="0 0 24 24"
                    width="24"
                    xmlns="http://www.w3.org/2000/svg"
                  >
                    <path
                      d="M21.801 10A10 10 0 1 1 17 3.335"
                    />
                    <path
                      d="m9 11 3 3L22 4"
                    />
                  </svg>
                  <div
                    class="flex-1"
                  >
                    <h4
                      class="font-black text-slate-900 text-sm"
                    >
                      Compromisos Completados
                    </h4>
                    <p
                      class="text-xs mt-1 text-blue-600"
                    >
                      3
                       de 
                      5
                       completados
                    </p>
                  </div>
                </div>
              </div>
              <div
                class="p-4 bg-slate-50 border border-slate-200 rounded-[1.5rem] text-[10px] text-slate-600 font-bold uppercase tracking-widest"
              >
                Ôôÿ Se recomienda que al menos el 50% de los compromisos est├®n completados
              </div>
            </div>
          </div>
        </div>
        <div
          class="flex gap-4 p-6 md:p-8 border-t border-slate-200 bg-slate-50"
        >
          <button
            class="flex items-center gap-2 px-6 py-3 rounded-xl font-black text-[10px] uppercase tracking-widest bg-white border-2 border-slate-200 text-slate-600 hover:border-slate-300 transition-all disabled:opacity-50 disabled:cursor-not-allowed"
            disabled=""
          >
            <svg
              aria-hidden="true"
              class="lucide lucide-chevron-left w-4 h-4"
              fill="none"
              height="24"
              stroke="currentColor"
              stroke-linecap="round"
              stroke-linejoin="round"
              stroke-width="2"
              viewBox="0 0 24 24"
              width="24"
              xmlns="http://www.w3.org/2000/svg"
            >
              <path
                d="m15 18-6-6 6-6"
              />
            </svg>
            Anterior
          </button>
          <button
            class="flex-1 flex items-center justify-center gap-2 px-6 py-3 rounded-xl font-black text-[10px] uppercase tracking-widest bg-emerald-600 text-white hover:bg-emerald-700 transition-all disabled:opacity-50 active:scale-95"
          >
            Siguiente
            <svg
              aria-hidden="true"
              class="lucide lucide-chevron-right w-4 h-4"
              fill="none"
              height="24"
              stroke="currentColor"
              stroke-linecap="round"
              stroke-linejoin="round"
              stroke-width="2"
              viewBox="0 0 24 24"
              width="24"
              xmlns="http://www.w3.org/2000/svg"
            >
              <path
                d="m9 18 6-6-6-6"
              />
            </svg>
          </button>
        </div>
      </div>
    </div>
  </div>
</body>
 ÔØ» Object.getElementError node_modules/@testing-library/dom/dist/config.js:37:19
 ÔØ» getElementError node_modules/@testing-library/dom/dist/query-helpers.js:20:35
 ÔØ» getMultipleElementsFoundError node_modules/@testing-library/dom/dist/query-helpers.js:23:10
 ÔØ» node_modules/@testing-library/dom/dist/query-helpers.js:55:13
 ÔØ» node_modules/@testing-library/dom/dist/query-helpers.js:95:19
 ÔØ» src/features/mediacion/components/WizardModal.test.tsx:170:26
    168|     
    169|     // Steps should be visible as progress indicators
    170|     const steps = screen.getByText(/Validaci├│n/i).closest('[class*="stÔÇª
       |                          ^
    171|     expect(steps).toBeInTheDocument();
    172|   });

ÔÄ»ÔÄ»ÔÄ»ÔÄ»ÔÄ»ÔÄ»ÔÄ»ÔÄ»ÔÄ»ÔÄ»ÔÄ»ÔÄ»ÔÄ»ÔÄ»ÔÄ»ÔÄ»ÔÄ»ÔÄ»ÔÄ»ÔÄ»ÔÄ»ÔÄ»[15/16]ÔÄ»

 FAIL  src/features/mediacion/components/WizardModal.test.tsx > WizardModal > deber├¡a permitir cerrar en cualquier paso
TestingLibraryElementError: Unable to find an accessible element with the role "button" and name `/cerrar|close|├ù/i`

Here are the accessible roles:

  heading:

  Name "Asistente de Cierre GCC":
  <h2
    class="text-xl md:text-2xl font-black text-slate-900 uppercase tracking-tight"
  />

  Name "Confirmaci├│n de Datos":
  <h3
    class="text-lg font-black text-slate-900 uppercase tracking-tight"
  />

  --------------------------------------------------
  paragraph:

  Name "":
  <p
    class="text-[11px] font-bold text-slate-500 mt-1 uppercase tracking-widest"
  />

  Name "":
  <p
    class="text-[10px] font-black text-slate-500 uppercase tracking-widest mb-2"
  />

  Name "":
  <p
    class="text-sm font-black text-slate-900"
  />

  Name "":
  <p
    class="text-[10px] font-black text-slate-500 uppercase tracking-widest mb-2"
  />

  Name "":
  <p
    class="text-sm font-mono text-slate-600"
  />

  Name "":
  <p
    class="text-[10px] font-black text-slate-500 uppercase tracking-widest mb-2"
  />

  --------------------------------------------------
  button:

  Name "":
  <button
    class="p-2 text-slate-400 hover:text-slate-600 transition-colors"
  />

  Name "Anterior":
  <button
    class="flex items-center gap-2 px-6 py-3 rounded-xl font-black text-[10px] uppercase tracking-widest bg-white border-2 border-slate-200 text-slate-600 hover:border-slate-300 transition-all disabled:opacity-50 disabled:cursor-not-allowed"
  />

  Name "Siguiente":
  <button
    class="flex-1 flex items-center justify-center gap-2 px-6 py-3 rounded-xl font-black text-[10px] uppercase tracking-widest bg-emerald-600 text-white hover:bg-emerald-700 transition-all disabled:opacity-50 active:scale-95"
  />

  --------------------------------------------------
  list:

  Name "":
  <ul
    class="space-y-2 text-xs text-slate-600"
  />

  --------------------------------------------------
  listitem:

  Name "":
  <li />

  Name "":
  <li />

  Name "":
  <li />

  --------------------------------------------------

Ignored nodes: comments, script, style
<body>
  <div>
    <div
      class="fixed inset-0 bg-black/50 flex items-center justify-center z-50 p-4"
    >
      <div
        class="bg-white rounded-[2.5rem] border border-slate-200 shadow-2xl w-full max-w-2xl max-h-[90vh] overflow-hidden flex flex-col animate-in zoom-in-95 duration-300"
      >
        <div
          class="flex justify-between items-center p-6 md:p-8 border-b border-slate-200 bg-gradient-to-r from-emerald-50 to-blue-50"
        >
          <div>
            <h2
              class="text-xl md:text-2xl font-black text-slate-900 uppercase tracking-tight"
            >
              Asistente de Cierre GCC
            </h2>
            <p
              class="text-[11px] font-bold text-slate-500 mt-1 uppercase tracking-widest"
            >
              Caso de Prueba
            </p>
          </div>
          <button
            class="p-2 text-slate-400 hover:text-slate-600 transition-colors"
          >
            <svg
              aria-hidden="true"
              class="lucide lucide-x w-6 h-6"
              fill="none"
              height="24"
              stroke="currentColor"
              stroke-linecap="round"
              stroke-linejoin="round"
              stroke-width="2"
              viewBox="0 0 24 24"
              width="24"
              xmlns="http://www.w3.org/2000/svg"
            >
              <path
                d="M18 6 6 18"
              />
              <path
                d="m6 6 12 12"
              />
            </svg>
          </button>
        </div>
        <div
          class="px-6 md:px-8 pt-6 pb-4"
        >
          <div
            class="flex justify-between items-center gap-2"
          >
            <div
              class="flex-1 py-3 px-4 rounded-xl text-center transition-all bg-emerald-600 text-white"
            >
              <div
                class="text-[10px] font-black uppercase tracking-widest"
              >
                Validaci├│n
              </div>
            </div>
            <svg
              aria-hidden="true"
              class="lucide lucide-chevron-right w-4 h-4 flex-shrink-0 text-emerald-600"
              fill="none"
              height="24"
              stroke="currentColor"
              stroke-linecap="round"
              stroke-linejoin="round"
              stroke-width="2"
              viewBox="0 0 24 24"
              width="24"
              xmlns="http://www.w3.org/2000/svg"
            >
              <path
                d="m9 18 6-6-6-6"
              />
            </svg>
            <div
              class="flex-1 py-3 px-4 rounded-xl text-center transition-all bg-emerald-600 text-white"
            >
              <div
                class="text-[10px] font-black uppercase tracking-widest"
              >
                Confirmaci├│n
              </div>
            </div>
            <svg
              aria-hidden="true"
              class="lucide lucide-chevron-right w-4 h-4 flex-shrink-0 text-slate-300"
              fill="none"
              height="24"
              stroke="currentColor"
              stroke-linecap="round"
              stroke-linejoin="round"
              stroke-width="2"
              viewBox="0 0 24 24"
              width="24"
              xmlns="http://www.w3.org/2000/svg"
            >
              <path
                d="m9 18 6-6-6-6"
              />
            </svg>
            <div
              class="flex-1 py-3 px-4 rounded-xl text-center transition-all bg-slate-200 text-slate-400"
            >
              <div
                class="text-[10px] font-black uppercase tracking-widest"
              >
                Acta
              </div>
            </div>
            <svg
              aria-hidden="true"
              class="lucide lucide-chevron-right w-4 h-4 flex-shrink-0 text-slate-300"
              fill="none"
              height="24"
              stroke="currentColor"
              stroke-linecap="round"
              stroke-linejoin="round"
              stroke-width="2"
              viewBox="0 0 24 24"
              width="24"
              xmlns="http://www.w3.org/2000/svg"
            >
              <path
                d="m9 18 6-6-6-6"
              />
            </svg>
            <div
              class="flex-1 py-3 px-4 rounded-xl text-center transition-all bg-slate-200 text-slate-400"
            >
              <div
                class="text-[10px] font-black uppercase tracking-widest"
              >
                Cierre
              </div>
            </div>
          </div>
        </div>
        <div
          class="flex-1 overflow-y-auto px-6 md:px-8 py-6"
        >
          <div
            class="space-y-6"
          >
            <h3
              class="text-lg font-black text-slate-900 uppercase tracking-tight"
            >
              Confirmaci├│n de Datos
            </h3>
            <div
              class="space-y-4"
            >
              <div
                class="p-4 bg-slate-50 border border-slate-200 rounded-[1.5rem]"
              >
                <p
                  class="text-[10px] font-black text-slate-500 uppercase tracking-widest mb-2"
                >
                  Caso
                </p>
                <p
                  class="text-sm font-black text-slate-900"
                >
                  Caso de Prueba
                </p>
              </div>
              <div
                class="p-4 bg-slate-50 border border-slate-200 rounded-[1.5rem]"
              >
                <p
                  class="text-[10px] font-black text-slate-500 uppercase tracking-widest mb-2"
                >
                  ID Mediaci├│n
                </p>
                <p
                  class="text-sm font-mono text-slate-600"
                >
                  med-001
                </p>
              </div>
              <div
                class="p-4 bg-slate-50 border border-slate-200 rounded-[1.5rem]"
              >
                <p
                  class="text-[10px] font-black text-slate-500 uppercase tracking-widest mb-2"
                >
                  Resumen
                </p>
                <ul
                  class="space-y-2 text-xs text-slate-600"
                >
                  <li>
                    ÔÇó Total compromisos: 
                    <span
                      class="font-bold"
                    >
                      5
                    </span>
                  </li>
                  <li>
                    ÔÇó Completados: 
                    <span
                      class="font-bold"
                    >
                      3
                    </span>
                  </li>
                  <li>
                    ÔÇó Pendientes: 
                    <span
                      class="font-bold"
                    >
                      2
                    </span>
                  </li>
                </ul>
              </div>
            </div>
          </div>
        </div>
        <div
          class="flex gap-4 p-6 md:p-8 border-t border-slate-200 bg-slate-50"
        >
          <button
            class="flex items-center gap-2 px-6 py-3 rounded-xl font-black text-[10px] uppercase tracking-widest bg-white border-2 border-slate-200 text-slate-600 hover:border-slate-300 transition-all disabled:opacity-50 disabled:cursor-not-allowed"
          >
            <svg
              aria-hidden="true"
              class="lucide lucide-chevron-left w-4 h-4"
              fill="none"
              height="24"
              stroke="currentColor"
              stroke-linecap="round"
              stroke-linejoin="round"
              stroke-width="2"
              viewBox="0 0 24 24"
              width="24"
              xmlns="http://www.w3.org/2000/svg"
            >
              <path
                d="m15 18-6-6 6-6"
              />
            </svg>
            Anterior
          </button>
          <button
            class="flex-1 flex items-center justify-center gap-2 px-6 py-3 rounded-xl font-black text-[10px] uppercase tracking-widest bg-emerald-600 text-white hover:bg-emerald-700 transition-all disabled:opacity-50 active:scale-95"
          >
            Siguiente
            <svg
              aria-hidden="true"
              class="lucide lucide-chevron-right w-4 h-4"
              fill="none"
              height="24"
              stroke="currentColor"
              stroke-linecap="round"
              stroke-linejoin="round"
              stroke-width="2"
              viewBox="0 0 24 24"
              width="24"
              xmlns="http://www.w3.org/2000/svg"
            >
              <path
                d="m9 18 6-6-6-6"
              />
            </svg>
          </button>
        </div>
      </div>
    </div>
  </div>
</body>
 ÔØ» Object.getElementError node_modules/@testing-library/dom/dist/config.js:37:19
 ÔØ» node_modules/@testing-library/dom/dist/query-helpers.js:76:38
 ÔØ» node_modules/@testing-library/dom/dist/query-helpers.js:52:17
 ÔØ» node_modules/@testing-library/dom/dist/query-helpers.js:95:19
 ÔØ» src/features/mediacion/components/WizardModal.test.tsx:193:32
    191|     
    192|     // Close should still work
    193|     const closeButton = screen.getByRole('button', { name: /cerrar|cloÔÇª
       |                                ^
    194|     fireEvent.click(closeButton);
    195|     

ÔÄ»ÔÄ»ÔÄ»ÔÄ»ÔÄ»ÔÄ»ÔÄ»ÔÄ»ÔÄ»ÔÄ»ÔÄ»ÔÄ»ÔÄ»ÔÄ»ÔÄ»ÔÄ»ÔÄ»ÔÄ»ÔÄ»ÔÄ»ÔÄ»ÔÄ»[16/16]ÔÄ»


[2m Test Files [22m [1m[31m3 failed[39m[22m[2m | [22m[1m[32m7 passed[39m[22m[90m (10)[39m
[2m      Tests [22m [1m[31m16 failed[39m[22m[2m | [22m[1m[32m58 passed[39m[22m[90m (74)[39m
[2m   Start at [22m 22:59:10
[2m   Duration [22m 6.55s[2m (transform 3.23s, setup 2.97s, import 8.85s, tests 6.41s, environment 26.83s)[22m

